Creating test database for alias 'default'...

DEBUG 2025-11-24 15:47:23,727 django.db.backends.schema CREATE TABLE "django_migrations" ("id" integer NOT NULL PRIMARY KEY AUTOINCREMENT, "app" varchar(255) NOT NULL, "name" varchar(255) NOT NULL, "applied" datetime NOT NULL); (params None)
DEBUG 2025-11-24 15:47:23,731 django.db.backends.schema CREATE TABLE "django_content_type" ("id" integer NOT NULL PRIMARY KEY AUTOINCREMENT, "name" varchar(100) NOT NULL, "app_label" varchar(100) NOT NULL, "model" varchar(100) NOT NULL); (params None)
DEBUG 2025-11-24 15:47:23,735 django.db.backends.schema CREATE UNIQUE INDEX "django_content_type_app_label_model_76bd3d3b_uniq" ON "django_content_type" ("app_label", "model"); (params ())
DEBUG 2025-11-24 15:47:23,738 django.db.backends.schema CREATE TABLE "auth_permission" ("id" integer NOT NULL PRIMARY KEY AUTOINCREMENT, "name" varchar(50) NOT NULL, "content_type_id" integer NOT NULL REFERENCES "django_content_type" ("id") DEFERRABLE INITIALLY DEFERRED, "codename" varchar(100) NOT NULL); (params None)
DEBUG 2025-11-24 15:47:23,741 django.db.backends.schema CREATE TABLE "auth_group" ("id" integer NOT NULL PRIMARY KEY AUTOINCREMENT, "name" varchar(80) NOT NULL UNIQUE); (params None)
DEBUG 2025-11-24 15:47:23,742 django.db.backends.schema CREATE TABLE "auth_group_permissions" ("id" integer NOT NULL PRIMARY KEY AUTOINCREMENT, "group_id" integer NOT NULL REFERENCES "auth_group" ("id") DEFERRABLE INITIALLY DEFERRED, "permission_id" integer NOT NULL REFERENCES "auth_permission" ("id") DEFERRABLE INITIALLY DEFERRED); (params None)
DEBUG 2025-11-24 15:47:23,747 django.db.backends.schema CREATE TABLE "auth_user" ("id" integer NOT NULL PRIMARY KEY AUTOINCREMENT, "password" varchar(128) NOT NULL, "last_login" datetime NOT NULL, "is_superuser" bool NOT NULL, "username" varchar(30) NOT NULL UNIQUE, "first_name" varchar(30) NOT NULL, "last_name" varchar(30) NOT NULL, "email" varchar(75) NOT NULL, "is_staff" bool NOT NULL, "is_active" bool NOT NULL, "date_joined" datetime NOT NULL); (params None)
DEBUG 2025-11-24 15:47:23,747 django.db.backends.schema CREATE TABLE "auth_user_groups" ("id" integer NOT NULL PRIMARY KEY AUTOINCREMENT, "user_id" integer NOT NULL REFERENCES "auth_user" ("id") DEFERRABLE INITIALLY DEFERRED, "group_id" integer NOT NULL REFERENCES "auth_group" ("id") DEFERRABLE INITIALLY DEFERRED); (params None)
DEBUG 2025-11-24 15:47:23,748 django.db.backends.schema CREATE TABLE "auth_user_user_permissions" ("id" integer NOT NULL PRIMARY KEY AUTOINCREMENT, "user_id" integer NOT NULL REFERENCES "auth_user" ("id") DEFERRABLE INITIALLY DEFERRED, "permission_id" integer NOT NULL REFERENCES "auth_permission" ("id") DEFERRABLE INITIALLY DEFERRED); (params None)
DEBUG 2025-11-24 15:47:23,748 django.db.backends.schema CREATE UNIQUE INDEX "auth_permission_content_type_id_codename_01ab375a_uniq" ON "auth_permission" ("content_type_id", "codename"); (params None)
DEBUG 2025-11-24 15:47:23,748 django.db.backends.schema CREATE INDEX "auth_permission_content_type_id_2f476e4b" ON "auth_permission" ("content_type_id"); (params None)
DEBUG 2025-11-24 15:47:23,748 django.db.backends.schema CREATE UNIQUE INDEX "auth_group_permissions_group_id_permission_id_0cd325b0_uniq" ON "auth_group_permissions" ("group_id", "permission_id"); (params None)
DEBUG 2025-11-24 15:47:23,749 django.db.backends.schema CREATE INDEX "auth_group_permissions_group_id_b120cbf9" ON "auth_group_permissions" ("group_id"); (params None)
DEBUG 2025-11-24 15:47:23,749 django.db.backends.schema CREATE INDEX "auth_group_permissions_permission_id_84c5c92e" ON "auth_group_permissions" ("permission_id"); (params None)
DEBUG 2025-11-24 15:47:23,749 django.db.backends.schema CREATE UNIQUE INDEX "auth_user_groups_user_id_group_id_94350c0c_uniq" ON "auth_user_groups" ("user_id", "group_id"); (params None)
DEBUG 2025-11-24 15:47:23,749 django.db.backends.schema CREATE INDEX "auth_user_groups_user_id_6a12ed8b" ON "auth_user_groups" ("user_id"); (params None)
DEBUG 2025-11-24 15:47:23,749 django.db.backends.schema CREATE INDEX "auth_user_groups_group_id_97559544" ON "auth_user_groups" ("group_id"); (params None)
DEBUG 2025-11-24 15:47:23,749 django.db.backends.schema CREATE UNIQUE INDEX "auth_user_user_permissions_user_id_permission_id_14a6b632_uniq" ON "auth_user_user_permissions" ("user_id", "permission_id"); (params None)
DEBUG 2025-11-24 15:47:23,749 django.db.backends.schema CREATE INDEX "auth_user_user_permissions_user_id_a95ead1b" ON "auth_user_user_permissions" ("user_id"); (params None)
DEBUG 2025-11-24 15:47:23,750 django.db.backends.schema CREATE INDEX "auth_user_user_permissions_permission_id_1fbb5f2c" ON "auth_user_user_permissions" ("permission_id"); (params None)
DEBUG 2025-11-24 15:47:23,755 django.db.backends.schema CREATE TABLE "django_admin_log" ("id" integer NOT NULL PRIMARY KEY AUTOINCREMENT, "action_time" datetime NOT NULL, "object_id" text NULL, "object_repr" varchar(200) NOT NULL, "action_flag" smallint unsigned NOT NULL CHECK ("action_flag" >= 0), "change_message" text NOT NULL, "content_type_id" integer NULL REFERENCES "django_content_type" ("id") DEFERRABLE INITIALLY DEFERRED, "user_id" integer NOT NULL REFERENCES "auth_user" ("id") DEFERRABLE INITIALLY DEFERRED); (params None)
DEBUG 2025-11-24 15:47:23,756 django.db.backends.schema CREATE INDEX "django_admin_log_content_type_id_c4bce8eb" ON "django_admin_log" ("content_type_id"); (params None)
DEBUG 2025-11-24 15:47:23,756 django.db.backends.schema CREATE INDEX "django_admin_log_user_id_c564eba6" ON "django_admin_log" ("user_id"); (params None)
DEBUG 2025-11-24 15:47:23,763 django.db.backends.schema CREATE TABLE "new__django_admin_log" ("id" integer NOT NULL PRIMARY KEY AUTOINCREMENT, "object_id" text NULL, "object_repr" varchar(200) NOT NULL, "action_flag" smallint unsigned NOT NULL CHECK ("action_flag" >= 0), "change_message" text NOT NULL, "content_type_id" integer NULL REFERENCES "django_content_type" ("id") DEFERRABLE INITIALLY DEFERRED, "user_id" integer NOT NULL REFERENCES "auth_user" ("id") DEFERRABLE INITIALLY DEFERRED, "action_time" datetime NOT NULL); (params None)
DEBUG 2025-11-24 15:47:23,764 django.db.backends.schema INSERT INTO "new__django_admin_log" ("id", "object_id", "object_repr", "action_flag", "change_message", "content_type_id", "user_id", "action_time") SELECT "id", "object_id", "object_repr", "action_flag", "change_message", "content_type_id", "user_id", "action_time" FROM "django_admin_log"; (params ())
DEBUG 2025-11-24 15:47:23,764 django.db.backends.schema DROP TABLE "django_admin_log"; (params ())
DEBUG 2025-11-24 15:47:23,765 django.db.backends.schema ALTER TABLE "new__django_admin_log" RENAME TO "django_admin_log"; (params ())
DEBUG 2025-11-24 15:47:23,767 django.db.backends.schema CREATE INDEX "django_admin_log_content_type_id_c4bce8eb" ON "django_admin_log" ("content_type_id"); (params ())
DEBUG 2025-11-24 15:47:23,767 django.db.backends.schema CREATE INDEX "django_admin_log_user_id_c564eba6" ON "django_admin_log" ("user_id"); (params ())
DEBUG 2025-11-24 15:47:23,783 django.db.backends.schema CREATE TABLE "new__django_content_type" ("id" integer NOT NULL PRIMARY KEY AUTOINCREMENT, "app_label" varchar(100) NOT NULL, "model" varchar(100) NOT NULL, "name" varchar(100) NULL); (params None)
DEBUG 2025-11-24 15:47:23,784 django.db.backends.schema INSERT INTO "new__django_content_type" ("id", "app_label", "model", "name") SELECT "id", "app_label", "model", "name" FROM "django_content_type"; (params ())
DEBUG 2025-11-24 15:47:23,784 django.db.backends.schema DROP TABLE "django_content_type"; (params ())
DEBUG 2025-11-24 15:47:23,784 django.db.backends.schema ALTER TABLE "new__django_content_type" RENAME TO "django_content_type"; (params ())
DEBUG 2025-11-24 15:47:23,785 django.db.backends.schema CREATE UNIQUE INDEX "django_content_type_app_label_model_76bd3d3b_uniq" ON "django_content_type" ("app_label", "model"); (params ())
DEBUG 2025-11-24 15:47:23,796 django.db.backends.schema ALTER TABLE "django_content_type" DROP COLUMN "name"; (params ())
DEBUG 2025-11-24 15:47:23,806 django.db.backends.schema CREATE TABLE "new__auth_permission" ("id" integer NOT NULL PRIMARY KEY AUTOINCREMENT, "content_type_id" integer NOT NULL REFERENCES "django_content_type" ("id") DEFERRABLE INITIALLY DEFERRED, "codename" varchar(100) NOT NULL, "name" varchar(255) NOT NULL); (params None)
DEBUG 2025-11-24 15:47:23,807 django.db.backends.schema INSERT INTO "new__auth_permission" ("id", "content_type_id", "codename", "name") SELECT "id", "content_type_id", "codename", "name" FROM "auth_permission"; (params ())
DEBUG 2025-11-24 15:47:23,807 django.db.backends.schema DROP TABLE "auth_permission"; (params ())
DEBUG 2025-11-24 15:47:23,807 django.db.backends.schema ALTER TABLE "new__auth_permission" RENAME TO "auth_permission"; (params ())
DEBUG 2025-11-24 15:47:23,809 django.db.backends.schema CREATE UNIQUE INDEX "auth_permission_content_type_id_codename_01ab375a_uniq" ON "auth_permission" ("content_type_id", "codename"); (params ())
DEBUG 2025-11-24 15:47:23,809 django.db.backends.schema CREATE INDEX "auth_permission_content_type_id_2f476e4b" ON "auth_permission" ("content_type_id"); (params ())
DEBUG 2025-11-24 15:47:23,822 django.db.backends.schema CREATE TABLE "new__auth_user" ("id" integer NOT NULL PRIMARY KEY AUTOINCREMENT, "password" varchar(128) NOT NULL, "last_login" datetime NOT NULL, "is_superuser" bool NOT NULL, "username" varchar(30) NOT NULL UNIQUE, "first_name" varchar(30) NOT NULL, "last_name" varchar(30) NOT NULL, "is_staff" bool NOT NULL, "is_active" bool NOT NULL, "date_joined" datetime NOT NULL, "email" varchar(254) NOT NULL); (params None)
DEBUG 2025-11-24 15:47:23,823 django.db.backends.schema INSERT INTO "new__auth_user" ("id", "password", "last_login", "is_superuser", "username", "first_name", "last_name", "is_staff", "is_active", "date_joined", "email") SELECT "id", "password", "last_login", "is_superuser", "username", "first_name", "last_name", "is_staff", "is_active", "date_joined", "email" FROM "auth_user"; (params ())
DEBUG 2025-11-24 15:47:23,823 django.db.backends.schema DROP TABLE "auth_user"; (params ())
DEBUG 2025-11-24 15:47:23,823 django.db.backends.schema ALTER TABLE "new__auth_user" RENAME TO "auth_user"; (params ())
DEBUG 2025-11-24 15:47:23,854 django.db.backends.schema CREATE TABLE "new__auth_user" ("id" integer NOT NULL PRIMARY KEY AUTOINCREMENT, "password" varchar(128) NOT NULL, "is_superuser" bool NOT NULL, "username" varchar(30) NOT NULL UNIQUE, "first_name" varchar(30) NOT NULL, "last_name" varchar(30) NOT NULL, "email" varchar(254) NOT NULL, "is_staff" bool NOT NULL, "is_active" bool NOT NULL, "date_joined" datetime NOT NULL, "last_login" datetime NULL); (params None)
DEBUG 2025-11-24 15:47:23,855 django.db.backends.schema INSERT INTO "new__auth_user" ("id", "password", "is_superuser", "username", "first_name", "last_name", "email", "is_staff", "is_active", "date_joined", "last_login") SELECT "id", "password", "is_superuser", "username", "first_name", "last_name", "email", "is_staff", "is_active", "date_joined", "last_login" FROM "auth_user"; (params ())
DEBUG 2025-11-24 15:47:23,856 django.db.backends.schema DROP TABLE "auth_user"; (params ())
DEBUG 2025-11-24 15:47:23,856 django.db.backends.schema ALTER TABLE "new__auth_user" RENAME TO "auth_user"; (params ())
DEBUG 2025-11-24 15:47:23,894 django.db.backends.schema CREATE TABLE "new__auth_user" ("id" integer NOT NULL PRIMARY KEY AUTOINCREMENT, "password" varchar(128) NOT NULL, "last_login" datetime NULL, "is_superuser" bool NOT NULL, "first_name" varchar(30) NOT NULL, "last_name" varchar(30) NOT NULL, "email" varchar(254) NOT NULL, "is_staff" bool NOT NULL, "is_active" bool NOT NULL, "date_joined" datetime NOT NULL, "username" varchar(150) NOT NULL UNIQUE); (params None)
DEBUG 2025-11-24 15:47:23,895 django.db.backends.schema INSERT INTO "new__auth_user" ("id", "password", "last_login", "is_superuser", "first_name", "last_name", "email", "is_staff", "is_active", "date_joined", "username") SELECT "id", "password", "last_login", "is_superuser", "first_name", "last_name", "email", "is_staff", "is_active", "date_joined", "username" FROM "auth_user"; (params ())
DEBUG 2025-11-24 15:47:23,895 django.db.backends.schema DROP TABLE "auth_user"; (params ())
DEBUG 2025-11-24 15:47:23,895 django.db.backends.schema ALTER TABLE "new__auth_user" RENAME TO "auth_user"; (params ())
DEBUG 2025-11-24 15:47:23,904 django.db.backends.schema CREATE TABLE "new__auth_user" ("id" integer NOT NULL PRIMARY KEY AUTOINCREMENT, "password" varchar(128) NOT NULL, "last_login" datetime NULL, "is_superuser" bool NOT NULL, "username" varchar(150) NOT NULL UNIQUE, "first_name" varchar(30) NOT NULL, "email" varchar(254) NOT NULL, "is_staff" bool NOT NULL, "is_active" bool NOT NULL, "date_joined" datetime NOT NULL, "last_name" varchar(150) NOT NULL); (params None)
DEBUG 2025-11-24 15:47:23,904 django.db.backends.schema INSERT INTO "new__auth_user" ("id", "password", "last_login", "is_superuser", "username", "first_name", "email", "is_staff", "is_active", "date_joined", "last_name") SELECT "id", "password", "last_login", "is_superuser", "username", "first_name", "email", "is_staff", "is_active", "date_joined", "last_name" FROM "auth_user"; (params ())
DEBUG 2025-11-24 15:47:23,905 django.db.backends.schema DROP TABLE "auth_user"; (params ())
DEBUG 2025-11-24 15:47:23,905 django.db.backends.schema ALTER TABLE "new__auth_user" RENAME TO "auth_user"; (params ())
DEBUG 2025-11-24 15:47:23,919 django.db.backends.schema CREATE TABLE "new__auth_group" ("id" integer NOT NULL PRIMARY KEY AUTOINCREMENT, "name" varchar(150) NOT NULL UNIQUE); (params None)
DEBUG 2025-11-24 15:47:23,920 django.db.backends.schema INSERT INTO "new__auth_group" ("id", "name") SELECT "id", "name" FROM "auth_group"; (params ())
DEBUG 2025-11-24 15:47:23,920 django.db.backends.schema DROP TABLE "auth_group"; (params ())
DEBUG 2025-11-24 15:47:23,920 django.db.backends.schema ALTER TABLE "new__auth_group" RENAME TO "auth_group"; (params ())
DEBUG 2025-11-24 15:47:23,938 django.db.backends.schema CREATE TABLE "new__auth_user" ("id" integer NOT NULL PRIMARY KEY AUTOINCREMENT, "password" varchar(128) NOT NULL, "last_login" datetime NULL, "is_superuser" bool NOT NULL, "username" varchar(150) NOT NULL UNIQUE, "last_name" varchar(150) NOT NULL, "email" varchar(254) NOT NULL, "is_staff" bool NOT NULL, "is_active" bool NOT NULL, "date_joined" datetime NOT NULL, "first_name" varchar(150) NOT NULL); (params None)
DEBUG 2025-11-24 15:47:23,939 django.db.backends.schema INSERT INTO "new__auth_user" ("id", "password", "last_login", "is_superuser", "username", "last_name", "email", "is_staff", "is_active", "date_joined", "first_name") SELECT "id", "password", "last_login", "is_superuser", "username", "last_name", "email", "is_staff", "is_active", "date_joined", "first_name" FROM "auth_user"; (params ())
DEBUG 2025-11-24 15:47:23,939 django.db.backends.schema DROP TABLE "auth_user"; (params ())
DEBUG 2025-11-24 15:47:23,939 django.db.backends.schema ALTER TABLE "new__auth_user" RENAME TO "auth_user"; (params ())
DEBUG 2025-11-24 15:47:23,942 django.db.backends.schema CREATE TABLE "editais_edital" ("id" integer NOT NULL PRIMARY KEY AUTOINCREMENT, "numero_edital" varchar(100) NULL, "titulo" varchar(500) NOT NULL, "url" varchar(1000) NOT NULL, "entidade_principal" varchar(200) NULL, "status" varchar(20) NOT NULL, "data_criacao" datetime NOT NULL, "data_atualizacao" datetime NOT NULL, "objetivo" text NOT NULL, "etapas" text NOT NULL, "recursos" text NOT NULL, "itens_financiaveis" text NOT NULL, "criterios_elegibilidade" text NOT NULL, "criterios_avaliacao" text NOT NULL, "itens_essenciais_observacoes" text NOT NULL, "detalhes_unirv" text NOT NULL); (params None)
DEBUG 2025-11-24 15:47:23,948 django.db.backends.schema CREATE TABLE "editais_cronograma" ("id" integer NOT NULL PRIMARY KEY AUTOINCREMENT, "data_inicio" date NULL, "data_fim" date NULL, "data_publicacao" date NULL, "descricao" varchar(300) NOT NULL, "edital_id" bigint NOT NULL REFERENCES "editais_edital" ("id") DEFERRABLE INITIALLY DEFERRED); (params None)
DEBUG 2025-11-24 15:47:23,952 django.db.backends.schema CREATE TABLE "editais_editalvalor" ("id" integer NOT NULL PRIMARY KEY AUTOINCREMENT, "valor_total" decimal NULL, "moeda" varchar(10) NOT NULL, "edital_id" bigint NOT NULL REFERENCES "editais_edital" ("id") DEFERRABLE INITIALLY DEFERRED); (params None)
DEBUG 2025-11-24 15:47:23,952 django.db.backends.schema CREATE INDEX "editais_cronograma_edital_id_4a98c3e7" ON "editais_cronograma" ("edital_id"); (params None)
DEBUG 2025-11-24 15:47:23,953 django.db.backends.schema CREATE INDEX "editais_editalvalor_edital_id_fad6b736" ON "editais_editalvalor" ("edital_id"); (params None)
DEBUG 2025-11-24 15:47:23,957 django.db.backends.schema CREATE TABLE "new__editais_edital" ("id" integer NOT NULL PRIMARY KEY AUTOINCREMENT, "numero_edital" varchar(100) NULL, "titulo" varchar(500) NOT NULL, "url" varchar(1000) NOT NULL, "entidade_principal" varchar(200) NULL, "status" varchar(20) NOT NULL, "data_criacao" datetime NOT NULL, "data_atualizacao" datetime NOT NULL, "objetivo" text NOT NULL, "etapas" text NOT NULL, "recursos" text NOT NULL, "itens_financiaveis" text NOT NULL, "criterios_elegibilidade" text NOT NULL, "criterios_avaliacao" text NOT NULL, "itens_essenciais_observacoes" text NOT NULL, "detalhes_unirv" text NOT NULL, "analise" text NOT NULL); (params None)
DEBUG 2025-11-24 15:47:23,958 django.db.backends.schema INSERT INTO "new__editais_edital" ("id", "numero_edital", "titulo", "url", "entidade_principal", "status", "data_criacao", "data_atualizacao", "objetivo", "etapas", "recursos", "itens_financiaveis", "criterios_elegibilidade", "criterios_avaliacao", "itens_essenciais_observacoes", "detalhes_unirv", "analise") SELECT "id", "numero_edital", "titulo", "url", "entidade_principal", "status", "data_criacao", "data_atualizacao", "objetivo", "etapas", "recursos", "itens_financiaveis", "criterios_elegibilidade", "criterios_avaliacao", "itens_essenciais_observacoes", "detalhes_unirv", '' FROM "editais_edital"; (params ())
DEBUG 2025-11-24 15:47:23,958 django.db.backends.schema DROP TABLE "editais_edital"; (params ())
DEBUG 2025-11-24 15:47:23,958 django.db.backends.schema ALTER TABLE "new__editais_edital" RENAME TO "editais_edital"; (params ())
DEBUG 2025-11-24 15:47:23,974 django.db.backends.schema ALTER TABLE "editais_edital" ADD COLUMN "created_by_id" integer NULL REFERENCES "auth_user" ("id") DEFERRABLE INITIALLY DEFERRED; (params None)
DEBUG 2025-11-24 15:47:23,985 django.db.backends.schema ALTER TABLE "editais_edital" ADD COLUMN "updated_by_id" integer NULL REFERENCES "auth_user" ("id") DEFERRABLE INITIALLY DEFERRED; (params None)
DEBUG 2025-11-24 15:47:23,995 django.db.backends.schema CREATE TABLE "editais_editalfavorite" ("id" integer NOT NULL PRIMARY KEY AUTOINCREMENT, "created_at" datetime NOT NULL, "edital_id" bigint NOT NULL REFERENCES "editais_edital" ("id") DEFERRABLE INITIALLY DEFERRED, "user_id" integer NOT NULL REFERENCES "auth_user" ("id") DEFERRABLE INITIALLY DEFERRED); (params None)
DEBUG 2025-11-24 15:47:23,996 django.db.backends.schema CREATE INDEX "editais_edital_created_by_id_ec62cd7f" ON "editais_edital" ("created_by_id"); (params None)
DEBUG 2025-11-24 15:47:23,996 django.db.backends.schema CREATE INDEX "editais_edital_updated_by_id_ae0c035a" ON "editais_edital" ("updated_by_id"); (params None)
DEBUG 2025-11-24 15:47:23,996 django.db.backends.schema CREATE UNIQUE INDEX "editais_editalfavorite_user_id_edital_id_d8d6e8e3_uniq" ON "editais_editalfavorite" ("user_id", "edital_id"); (params None)
DEBUG 2025-11-24 15:47:23,996 django.db.backends.schema CREATE INDEX "editais_editalfavorite_edital_id_d11ef6f9" ON "editais_editalfavorite" ("edital_id"); (params None)
DEBUG 2025-11-24 15:47:23,996 django.db.backends.schema CREATE INDEX "editais_editalfavorite_user_id_e095fb8f" ON "editais_editalfavorite" ("user_id"); (params None)
DEBUG 2025-11-24 15:47:24,005 django.db.backends.schema CREATE INDEX "idx_data_atualizacao" ON "editais_edital" ("data_atualizacao" DESC); (params None)
DEBUG 2025-11-24 15:47:24,013 django.db.backends.schema CREATE INDEX "idx_status" ON "editais_edital" ("status"); (params None)
DEBUG 2025-11-24 15:47:24,020 django.db.backends.schema CREATE INDEX "idx_entidade" ON "editais_edital" ("entidade_principal"); (params None)
DEBUG 2025-11-24 15:47:24,029 django.db.backends.schema CREATE INDEX "idx_numero" ON "editais_edital" ("numero_edital"); (params None)
DEBUG 2025-11-24 15:47:24,040 django.db.backends.schema ALTER TABLE "editais_edital" ADD COLUMN "end_date" date NULL; (params None)
DEBUG 2025-11-24 15:47:24,055 django.db.backends.schema CREATE TABLE "new__editais_edital" ("id" integer NOT NULL PRIMARY KEY AUTOINCREMENT, "numero_edital" varchar(100) NULL, "titulo" varchar(500) NOT NULL, "url" varchar(1000) NOT NULL, "entidade_principal" varchar(200) NULL, "status" varchar(20) NOT NULL, "data_criacao" datetime NOT NULL, "data_atualizacao" datetime NOT NULL, "objetivo" text NOT NULL, "etapas" text NOT NULL, "recursos" text NOT NULL, "itens_financiaveis" text NOT NULL, "criterios_elegibilidade" text NOT NULL, "criterios_avaliacao" text NOT NULL, "itens_essenciais_observacoes" text NOT NULL, "detalhes_unirv" text NOT NULL, "analise" text NOT NULL, "created_by_id" integer NULL REFERENCES "auth_user" ("id") DEFERRABLE INITIALLY DEFERRED, "updated_by_id" integer NULL REFERENCES "auth_user" ("id") DEFERRABLE INITIALLY DEFERRED, "end_date" date NULL, "slug" varchar(255) NULL UNIQUE); (params None)
DEBUG 2025-11-24 15:47:24,057 django.db.backends.schema INSERT INTO "new__editais_edital" ("id", "numero_edital", "titulo", "url", "entidade_principal", "status", "data_criacao", "data_atualizacao", "objetivo", "etapas", "recursos", "itens_financiaveis", "criterios_elegibilidade", "criterios_avaliacao", "itens_essenciais_observacoes", "detalhes_unirv", "analise", "created_by_id", "updated_by_id", "end_date", "slug") SELECT "id", "numero_edital", "titulo", "url", "entidade_principal", "status", "data_criacao", "data_atualizacao", "objetivo", "etapas", "recursos", "itens_financiaveis", "criterios_elegibilidade", "criterios_avaliacao", "itens_essenciais_observacoes", "detalhes_unirv", "analise", "created_by_id", "updated_by_id", "end_date", NULL FROM "editais_edital"; (params ())
DEBUG 2025-11-24 15:47:24,058 django.db.backends.schema DROP TABLE "editais_edital"; (params ())
DEBUG 2025-11-24 15:47:24,059 django.db.backends.schema ALTER TABLE "new__editais_edital" RENAME TO "editais_edital"; (params ())
DEBUG 2025-11-24 15:47:24,059 django.db.backends.schema CREATE INDEX "editais_edital_created_by_id_ec62cd7f" ON "editais_edital" ("created_by_id"); (params ())
DEBUG 2025-11-24 15:47:24,060 django.db.backends.schema CREATE INDEX "editais_edital_updated_by_id_ae0c035a" ON "editais_edital" ("updated_by_id"); (params ())
DEBUG 2025-11-24 15:47:24,060 django.db.backends.schema CREATE INDEX "idx_data_atualizacao" ON "editais_edital" ("data_atualizacao" DESC); (params ())
DEBUG 2025-11-24 15:47:24,060 django.db.backends.schema CREATE INDEX "idx_status" ON "editais_edital" ("status"); (params ())
DEBUG 2025-11-24 15:47:24,060 django.db.backends.schema CREATE INDEX "idx_entidade" ON "editais_edital" ("entidade_principal"); (params ())
DEBUG 2025-11-24 15:47:24,060 django.db.backends.schema CREATE INDEX "idx_numero" ON "editais_edital" ("numero_edital"); (params ())
DEBUG 2025-11-24 15:47:24,078 django.db.backends.schema ALTER TABLE "editais_edital" ADD COLUMN "start_date" date NULL; (params None)
DEBUG 2025-11-24 15:47:24,089 django.db.backends.schema CREATE TABLE "new__editais_edital" ("id" integer NOT NULL PRIMARY KEY AUTOINCREMENT, "numero_edital" varchar(100) NULL, "titulo" varchar(500) NOT NULL, "url" varchar(1000) NOT NULL, "entidade_principal" varchar(200) NULL, "data_criacao" datetime NOT NULL, "data_atualizacao" datetime NOT NULL, "objetivo" text NOT NULL, "etapas" text NOT NULL, "recursos" text NOT NULL, "itens_financiaveis" text NOT NULL, "criterios_elegibilidade" text NOT NULL, "criterios_avaliacao" text NOT NULL, "itens_essenciais_observacoes" text NOT NULL, "detalhes_unirv" text NOT NULL, "analise" text NOT NULL, "created_by_id" integer NULL REFERENCES "auth_user" ("id") DEFERRABLE INITIALLY DEFERRED, "updated_by_id" integer NULL REFERENCES "auth_user" ("id") DEFERRABLE INITIALLY DEFERRED, "end_date" date NULL, "slug" varchar(255) NULL UNIQUE, "start_date" date NULL, "status" varchar(20) NOT NULL); (params None)
DEBUG 2025-11-24 15:47:24,091 django.db.backends.schema INSERT INTO "new__editais_edital" ("id", "numero_edital", "titulo", "url", "entidade_principal", "data_criacao", "data_atualizacao", "objetivo", "etapas", "recursos", "itens_financiaveis", "criterios_elegibilidade", "criterios_avaliacao", "itens_essenciais_observacoes", "detalhes_unirv", "analise", "created_by_id", "updated_by_id", "end_date", "slug", "start_date", "status") SELECT "id", "numero_edital", "titulo", "url", "entidade_principal", "data_criacao", "data_atualizacao", "objetivo", "etapas", "recursos", "itens_financiaveis", "criterios_elegibilidade", "criterios_avaliacao", "itens_essenciais_observacoes", "detalhes_unirv", "analise", "created_by_id", "updated_by_id", "end_date", "slug", "start_date", "status" FROM "editais_edital"; (params ())
DEBUG 2025-11-24 15:47:24,091 django.db.backends.schema DROP TABLE "editais_edital"; (params ())
DEBUG 2025-11-24 15:47:24,091 django.db.backends.schema ALTER TABLE "new__editais_edital" RENAME TO "editais_edital"; (params ())
DEBUG 2025-11-24 15:47:24,092 django.db.backends.schema CREATE INDEX "editais_edital_created_by_id_ec62cd7f" ON "editais_edital" ("created_by_id"); (params ())
DEBUG 2025-11-24 15:47:24,093 django.db.backends.schema CREATE INDEX "editais_edital_updated_by_id_ae0c035a" ON "editais_edital" ("updated_by_id"); (params ())
DEBUG 2025-11-24 15:47:24,093 django.db.backends.schema CREATE INDEX "idx_data_atualizacao" ON "editais_edital" ("data_atualizacao" DESC); (params ())
DEBUG 2025-11-24 15:47:24,093 django.db.backends.schema CREATE INDEX "idx_status" ON "editais_edital" ("status"); (params ())
DEBUG 2025-11-24 15:47:24,093 django.db.backends.schema CREATE INDEX "idx_entidade" ON "editais_edital" ("entidade_principal"); (params ())
DEBUG 2025-11-24 15:47:24,093 django.db.backends.schema CREATE INDEX "idx_numero" ON "editais_edital" ("numero_edital"); (params ())
DEBUG 2025-11-24 15:47:24,103 django.db.backends.schema CREATE INDEX "idx_slug" ON "editais_edital" ("slug"); (params None)
DEBUG 2025-11-24 15:47:24,112 django.db.backends.schema CREATE INDEX "idx_status_dates" ON "editais_edital" ("status", "start_date", "end_date"); (params None)
DEBUG 2025-11-24 15:47:24,121 django.db.backends.schema CREATE INDEX "idx_titulo" ON "editais_edital" ("titulo"); (params None)
DEBUG 2025-11-24 15:47:24,143 django.db.backends.schema CREATE TABLE "editais_editalhistory" ("id" integer NOT NULL PRIMARY KEY AUTOINCREMENT, "action" varchar(20) NOT NULL, "field_name" varchar(100) NULL, "old_value" text NULL, "new_value" text NULL, "timestamp" datetime NOT NULL, "changes_summary" text NOT NULL CHECK ((JSON_VALID("changes_summary") OR "changes_summary" IS NULL)), "edital_id" bigint NOT NULL REFERENCES "editais_edital" ("id") DEFERRABLE INITIALLY DEFERRED, "user_id" integer NULL REFERENCES "auth_user" ("id") DEFERRABLE INITIALLY DEFERRED); (params None)
DEBUG 2025-11-24 15:47:24,144 django.db.backends.schema DROP TABLE "editais_editalfavorite"; (params ())
DEBUG 2025-11-24 15:47:24,154 django.db.backends.schema CREATE INDEX "editais_edi_timesta_9bf6aa_idx" ON "editais_editalhistory" ("timestamp" DESC); (params None)
DEBUG 2025-11-24 15:47:24,163 django.db.backends.schema CREATE INDEX "editais_edi_edital__5c9f55_idx" ON "editais_editalhistory" ("edital_id", "timestamp" DESC); (params None)
DEBUG 2025-11-24 15:47:24,164 django.db.backends.schema CREATE INDEX "editais_editalhistory_edital_id_0ba627a0" ON "editais_editalhistory" ("edital_id"); (params None)
DEBUG 2025-11-24 15:47:24,164 django.db.backends.schema CREATE INDEX "editais_editalhistory_user_id_d14f20e0" ON "editais_editalhistory" ("user_id"); (params None)
DEBUG 2025-11-24 15:47:24,173 django.db.backends.schema ALTER TABLE "editais_editalhistory" ADD COLUMN "edital_titulo" varchar(500) NULL; (params None)
DEBUG 2025-11-24 15:47:24,186 django.db.backends.schema CREATE TABLE "new__editais_editalhistory" ("id" integer NOT NULL PRIMARY KEY AUTOINCREMENT, "action" varchar(20) NOT NULL, "field_name" varchar(100) NULL, "old_value" text NULL, "new_value" text NULL, "timestamp" datetime NOT NULL, "changes_summary" text NOT NULL CHECK ((JSON_VALID("changes_summary") OR "changes_summary" IS NULL)), "user_id" integer NULL REFERENCES "auth_user" ("id") DEFERRABLE INITIALLY DEFERRED, "edital_titulo" varchar(500) NULL, "edital_id" bigint NULL REFERENCES "editais_edital" ("id") DEFERRABLE INITIALLY DEFERRED); (params None)
DEBUG 2025-11-24 15:47:24,186 django.db.backends.schema INSERT INTO "new__editais_editalhistory" ("id", "action", "field_name", "old_value", "new_value", "timestamp", "changes_summary", "user_id", "edital_titulo", "edital_id") SELECT "id", "action", "field_name", "old_value", "new_value", "timestamp", "changes_summary", "user_id", "edital_titulo", "edital_id" FROM "editais_editalhistory"; (params ())
DEBUG 2025-11-24 15:47:24,186 django.db.backends.schema DROP TABLE "editais_editalhistory"; (params ())
DEBUG 2025-11-24 15:47:24,187 django.db.backends.schema ALTER TABLE "new__editais_editalhistory" RENAME TO "editais_editalhistory"; (params ())
DEBUG 2025-11-24 15:47:24,188 django.db.backends.schema CREATE INDEX "editais_editalhistory_user_id_d14f20e0" ON "editais_editalhistory" ("user_id"); (params ())
DEBUG 2025-11-24 15:47:24,188 django.db.backends.schema CREATE INDEX "editais_editalhistory_edital_id_0ba627a0" ON "editais_editalhistory" ("edital_id"); (params ())
DEBUG 2025-11-24 15:47:24,188 django.db.backends.schema CREATE INDEX "editais_edi_timesta_9bf6aa_idx" ON "editais_editalhistory" ("timestamp" DESC); (params ())
DEBUG 2025-11-24 15:47:24,188 django.db.backends.schema CREATE INDEX "editais_edi_edital__5c9f55_idx" ON "editais_editalhistory" ("edital_id", "timestamp" DESC); (params ())
DEBUG 2025-11-24 15:47:24,207 django.db.backends.schema CREATE INDEX "idx_cronograma_edital_data" ON "editais_cronograma" ("edital_id", "data_inicio"); (params None)
DEBUG 2025-11-24 15:47:24,214 django.db.backends.schema CREATE INDEX "idx_cronograma_data_inicio" ON "editais_cronograma" ("data_inicio"); (params None)
DEBUG 2025-11-24 15:47:24,222 django.db.backends.schema CREATE INDEX "idx_edital_moeda" ON "editais_editalvalor" ("edital_id", "moeda"); (params None)
DEBUG 2025-11-24 15:47:24,224 django.db.backends.schema CREATE TABLE "django_session" ("session_key" varchar(40) NOT NULL PRIMARY KEY, "session_data" text NOT NULL, "expire_date" datetime NOT NULL); (params None)
DEBUG 2025-11-24 15:47:24,225 django.db.backends.schema CREATE INDEX "django_session_expire_date_a5c62663" ON "django_session" ("expire_date"); (params None)
E.FF...WARNING 2025-11-24 15:47:38,491 django.request Forbidden: /dashboard/
.FF...........INFO 2025-11-24 15:47:57,003 editais.views edital_create iniciado - usußrio: admin, IP: 127.0.0.1
.INFO 2025-11-24 15:47:58,620 editais.views edital_delete iniciado - edital_id: 1, usußrio: admin, IP: 127.0.0.1
.INFO 2025-11-24 15:48:00,250 editais.views edital_update iniciado - edital_id: 1, usußrio: admin, IP: 127.0.0.1
.INFO 2025-11-24 15:48:02,007 editais.views edital_create iniciado - usußrio: admin, IP: 127.0.0.1
INFO 2025-11-24 15:48:02,077 editais.views edital criado com sucesso - ID: 4, tφtulo: Novo Edital, usußrio: admin
.INFO 2025-11-24 15:48:04,375 editais.views edital_delete iniciado - edital_id: 4, usußrio: admin, IP: 127.0.0.1
INFO 2025-11-24 15:48:04,378 editais.views edital deletado com sucesso - ID: 4, tφtulo: Edital para Deletar, usußrio: admin
.INFO 2025-11-24 15:48:06,167 editais.views edital_update iniciado - edital_id: 1, usußrio: admin, IP: 127.0.0.1
INFO 2025-11-24 15:48:06,172 editais.views edital atualizado com sucesso - ID: 1, tφtulo: Edital Atualizado, usußrio: admin, campos alterados: ['titulo', 'status']
.....INFO 2025-11-24 15:48:13,058 editais.views edital_create iniciado - usußrio: admin, IP: 127.0.0.1
INFO 2025-11-24 15:48:13,061 editais.views edital criado com sucesso - ID: 4, tφtulo: Edital com Rastreamento, usußrio: admin
.INFO 2025-11-24 15:48:14,408 editais.views edital_update iniciado - edital_id: 1, usußrio: admin, IP: 127.0.0.1
INFO 2025-11-24 15:48:14,411 editais.views edital atualizado com sucesso - ID: 1, tφtulo: Tφtulo Atualizado, usußrio: admin, campos alterados: ['titulo']
.INFO 2025-11-24 15:48:15,704 editais.views edital_update iniciado - edital_id: 1, usußrio: admin, IP: 127.0.0.1
INFO 2025-11-24 15:48:15,706 editais.views edital atualizado com sucesso - ID: 1, tφtulo: Edital Aberto, usußrio: admin, campos alterados: ['status']
.....WARNING 2025-11-24 15:48:25,450 django.request Forbidden: /export/csv/
..F.ERROR 2025-11-24 15:48:31,367 django.request Internal Server Error: /login/
Traceback (most recent call last):
  File "C:\Users\lives\AppData\Local\Programs\Python\Python313\Lib\site-packages\django\core\handlers\exception.py", line 55, in inner
    response = get_response(request)
  File "C:\Users\lives\AppData\Local\Programs\Python\Python313\Lib\site-packages\django\core\handlers\base.py", line 197, in _get_response
    response = wrapped_callback(request, *callback_args, **callback_kwargs)
  File "C:\Github\UniRV-Django\editais\views.py", line 201, in login_view
    return render(request, 'registration/login.html', {'form': form})
  File "C:\Users\lives\AppData\Local\Programs\Python\Python313\Lib\site-packages\django\shortcuts.py", line 25, in render
    content = loader.render_to_string(template_name, context, request, using=using)
  File "C:\Users\lives\AppData\Local\Programs\Python\Python313\Lib\site-packages\django\template\loader.py", line 62, in render_to_string
    return template.render(context, request)
           ~~~~~~~~~~~~~~~^^^^^^^^^^^^^^^^^^
  File "C:\Users\lives\AppData\Local\Programs\Python\Python313\Lib\site-packages\django\template\backends\django.py", line 107, in render
    return self.template.render(context)
           ~~~~~~~~~~~~~~~~~~~~^^^^^^^^^
  File "C:\Users\lives\AppData\Local\Programs\Python\Python313\Lib\site-packages\django\template\base.py", line 171, in render
    return self._render(context)
           ~~~~~~~~~~~~^^^^^^^^^
  File "C:\Users\lives\AppData\Local\Programs\Python\Python313\Lib\site-packages\django\test\utils.py", line 114, in instrumented_test_render
    return self.nodelist.render(context)
           ~~~~~~~~~~~~~~~~~~~~^^^^^^^^^
  File "C:\Users\lives\AppData\Local\Programs\Python\Python313\Lib\site-packages\django\template\base.py", line 1016, in render
    return SafeString("".join([node.render_annotated(context) for node in self]))
                               ~~~~~~~~~~~~~~~~~~~~~^^^^^^^^^
  File "C:\Users\lives\AppData\Local\Programs\Python\Python313\Lib\site-packages\django\template\base.py", line 977, in render_annotated
    return self.render(context)
           ~~~~~~~~~~~^^^^^^^^^
  File "C:\Users\lives\AppData\Local\Programs\Python\Python313\Lib\site-packages\django\template\loader_tags.py", line 159, in render
    return compiled_parent._render(context)
           ~~~~~~~~~~~~~~~~~~~~~~~^^^^^^^^^
  File "C:\Users\lives\AppData\Local\Programs\Python\Python313\Lib\site-packages\django\test\utils.py", line 114, in instrumented_test_render
    return self.nodelist.render(context)
           ~~~~~~~~~~~~~~~~~~~~^^^^^^^^^
  File "C:\Users\lives\AppData\Local\Programs\Python\Python313\Lib\site-packages\django\template\base.py", line 1016, in render
    return SafeString("".join([node.render_annotated(context) for node in self]))
                               ~~~~~~~~~~~~~~~~~~~~~^^^^^^^^^
  File "C:\Users\lives\AppData\Local\Programs\Python\Python313\Lib\site-packages\django\template\base.py", line 977, in render_annotated
    return self.render(context)
           ~~~~~~~~~~~^^^^^^^^^
  File "C:\Users\lives\AppData\Local\Programs\Python\Python313\Lib\site-packages\django\template\loader_tags.py", line 65, in render
    result = block.nodelist.render(context)
  File "C:\Users\lives\AppData\Local\Programs\Python\Python313\Lib\site-packages\django\template\base.py", line 1016, in render
    return SafeString("".join([node.render_annotated(context) for node in self]))
                               ~~~~~~~~~~~~~~~~~~~~~^^^^^^^^^
  File "C:\Users\lives\AppData\Local\Programs\Python\Python313\Lib\site-packages\django\template\base.py", line 977, in render_annotated
    return self.render(context)
           ~~~~~~~~~~~^^^^^^^^^
  File "C:\Users\lives\AppData\Local\Programs\Python\Python313\Lib\site-packages\django\template\defaulttags.py", line 480, in render
    url = reverse(view_name, args=args, kwargs=kwargs, current_app=current_app)
  File "C:\Users\lives\AppData\Local\Programs\Python\Python313\Lib\site-packages\django\urls\base.py", line 98, in reverse
    resolved_url = resolver._reverse_with_prefix(view, prefix, *args, **kwargs)
  File "C:\Users\lives\AppData\Local\Programs\Python\Python313\Lib\site-packages\django\urls\resolvers.py", line 831, in _reverse_with_prefix
    raise NoReverseMatch(msg)
django.urls.exceptions.NoReverseMatch: Reverse for 'password_reset' not found. 'password_reset' is not a valid view function or pattern name.
E.ERROR 2025-11-24 15:48:35,229 django.request Internal Server Error: /login/
Traceback (most recent call last):
  File "C:\Users\lives\AppData\Local\Programs\Python\Python313\Lib\site-packages\django\core\handlers\exception.py", line 55, in inner
    response = get_response(request)
  File "C:\Users\lives\AppData\Local\Programs\Python\Python313\Lib\site-packages\django\core\handlers\base.py", line 197, in _get_response
    response = wrapped_callback(request, *callback_args, **callback_kwargs)
  File "C:\Github\UniRV-Django\editais\views.py", line 201, in login_view
    return render(request, 'registration/login.html', {'form': form})
  File "C:\Users\lives\AppData\Local\Programs\Python\Python313\Lib\site-packages\django\shortcuts.py", line 25, in render
    content = loader.render_to_string(template_name, context, request, using=using)
  File "C:\Users\lives\AppData\Local\Programs\Python\Python313\Lib\site-packages\django\template\loader.py", line 62, in render_to_string
    return template.render(context, request)
           ~~~~~~~~~~~~~~~^^^^^^^^^^^^^^^^^^
  File "C:\Users\lives\AppData\Local\Programs\Python\Python313\Lib\site-packages\django\template\backends\django.py", line 107, in render
    return self.template.render(context)
           ~~~~~~~~~~~~~~~~~~~~^^^^^^^^^
  File "C:\Users\lives\AppData\Local\Programs\Python\Python313\Lib\site-packages\django\template\base.py", line 171, in render
    return self._render(context)
           ~~~~~~~~~~~~^^^^^^^^^
  File "C:\Users\lives\AppData\Local\Programs\Python\Python313\Lib\site-packages\django\test\utils.py", line 114, in instrumented_test_render
    return self.nodelist.render(context)
           ~~~~~~~~~~~~~~~~~~~~^^^^^^^^^
  File "C:\Users\lives\AppData\Local\Programs\Python\Python313\Lib\site-packages\django\template\base.py", line 1016, in render
    return SafeString("".join([node.render_annotated(context) for node in self]))
                               ~~~~~~~~~~~~~~~~~~~~~^^^^^^^^^
  File "C:\Users\lives\AppData\Local\Programs\Python\Python313\Lib\site-packages\django\template\base.py", line 977, in render_annotated
    return self.render(context)
           ~~~~~~~~~~~^^^^^^^^^
  File "C:\Users\lives\AppData\Local\Programs\Python\Python313\Lib\site-packages\django\template\loader_tags.py", line 159, in render
    return compiled_parent._render(context)
           ~~~~~~~~~~~~~~~~~~~~~~~^^^^^^^^^
  File "C:\Users\lives\AppData\Local\Programs\Python\Python313\Lib\site-packages\django\test\utils.py", line 114, in instrumented_test_render
    return self.nodelist.render(context)
           ~~~~~~~~~~~~~~~~~~~~^^^^^^^^^
  File "C:\Users\lives\AppData\Local\Programs\Python\Python313\Lib\site-packages\django\template\base.py", line 1016, in render
    return SafeString("".join([node.render_annotated(context) for node in self]))
                               ~~~~~~~~~~~~~~~~~~~~~^^^^^^^^^
  File "C:\Users\lives\AppData\Local\Programs\Python\Python313\Lib\site-packages\django\template\base.py", line 977, in render_annotated
    return self.render(context)
           ~~~~~~~~~~~^^^^^^^^^
  File "C:\Users\lives\AppData\Local\Programs\Python\Python313\Lib\site-packages\django\template\loader_tags.py", line 65, in render
    result = block.nodelist.render(context)
  File "C:\Users\lives\AppData\Local\Programs\Python\Python313\Lib\site-packages\django\template\base.py", line 1016, in render
    return SafeString("".join([node.render_annotated(context) for node in self]))
                               ~~~~~~~~~~~~~~~~~~~~~^^^^^^^^^
  File "C:\Users\lives\AppData\Local\Programs\Python\Python313\Lib\site-packages\django\template\base.py", line 977, in render_annotated
    return self.render(context)
           ~~~~~~~~~~~^^^^^^^^^
  File "C:\Users\lives\AppData\Local\Programs\Python\Python313\Lib\site-packages\django\template\defaulttags.py", line 480, in render
    url = reverse(view_name, args=args, kwargs=kwargs, current_app=current_app)
  File "C:\Users\lives\AppData\Local\Programs\Python\Python313\Lib\site-packages\django\urls\base.py", line 98, in reverse
    resolved_url = resolver._reverse_with_prefix(view, prefix, *args, **kwargs)
  File "C:\Users\lives\AppData\Local\Programs\Python\Python313\Lib\site-packages\django\urls\resolvers.py", line 831, in _reverse_with_prefix
    raise NoReverseMatch(msg)
django.urls.exceptions.NoReverseMatch: Reverse for 'password_reset' not found. 'password_reset' is not a valid view function or pattern name.
EWARNING 2025-11-24 15:48:37,466 django.request Forbidden: /dashboard/editais/
....ERROR 2025-11-24 15:48:43,453 django.request Internal Server Error: /login/
Traceback (most recent call last):
  File "C:\Users\lives\AppData\Local\Programs\Python\Python313\Lib\site-packages\django\core\handlers\exception.py", line 55, in inner
    response = get_response(request)
  File "C:\Users\lives\AppData\Local\Programs\Python\Python313\Lib\site-packages\django\core\handlers\base.py", line 197, in _get_response
    response = wrapped_callback(request, *callback_args, **callback_kwargs)
  File "C:\Github\UniRV-Django\editais\views.py", line 201, in login_view
    return render(request, 'registration/login.html', {'form': form})
  File "C:\Users\lives\AppData\Local\Programs\Python\Python313\Lib\site-packages\django\shortcuts.py", line 25, in render
    content = loader.render_to_string(template_name, context, request, using=using)
  File "C:\Users\lives\AppData\Local\Programs\Python\Python313\Lib\site-packages\django\template\loader.py", line 62, in render_to_string
    return template.render(context, request)
           ~~~~~~~~~~~~~~~^^^^^^^^^^^^^^^^^^
  File "C:\Users\lives\AppData\Local\Programs\Python\Python313\Lib\site-packages\django\template\backends\django.py", line 107, in render
    return self.template.render(context)
           ~~~~~~~~~~~~~~~~~~~~^^^^^^^^^
  File "C:\Users\lives\AppData\Local\Programs\Python\Python313\Lib\site-packages\django\template\base.py", line 171, in render
    return self._render(context)
           ~~~~~~~~~~~~^^^^^^^^^
  File "C:\Users\lives\AppData\Local\Programs\Python\Python313\Lib\site-packages\django\test\utils.py", line 114, in instrumented_test_render
    return self.nodelist.render(context)
           ~~~~~~~~~~~~~~~~~~~~^^^^^^^^^
  File "C:\Users\lives\AppData\Local\Programs\Python\Python313\Lib\site-packages\django\template\base.py", line 1016, in render
    return SafeString("".join([node.render_annotated(context) for node in self]))
                               ~~~~~~~~~~~~~~~~~~~~~^^^^^^^^^
  File "C:\Users\lives\AppData\Local\Programs\Python\Python313\Lib\site-packages\django\template\base.py", line 977, in render_annotated
    return self.render(context)
           ~~~~~~~~~~~^^^^^^^^^
  File "C:\Users\lives\AppData\Local\Programs\Python\Python313\Lib\site-packages\django\template\loader_tags.py", line 159, in render
    return compiled_parent._render(context)
           ~~~~~~~~~~~~~~~~~~~~~~~^^^^^^^^^
  File "C:\Users\lives\AppData\Local\Programs\Python\Python313\Lib\site-packages\django\test\utils.py", line 114, in instrumented_test_render
    return self.nodelist.render(context)
           ~~~~~~~~~~~~~~~~~~~~^^^^^^^^^
  File "C:\Users\lives\AppData\Local\Programs\Python\Python313\Lib\site-packages\django\template\base.py", line 1016, in render
    return SafeString("".join([node.render_annotated(context) for node in self]))
                               ~~~~~~~~~~~~~~~~~~~~~^^^^^^^^^
  File "C:\Users\lives\AppData\Local\Programs\Python\Python313\Lib\site-packages\django\template\base.py", line 977, in render_annotated
    return self.render(context)
           ~~~~~~~~~~~^^^^^^^^^
  File "C:\Users\lives\AppData\Local\Programs\Python\Python313\Lib\site-packages\django\template\loader_tags.py", line 65, in render
    result = block.nodelist.render(context)
  File "C:\Users\lives\AppData\Local\Programs\Python\Python313\Lib\site-packages\django\template\base.py", line 1016, in render
    return SafeString("".join([node.render_annotated(context) for node in self]))
                               ~~~~~~~~~~~~~~~~~~~~~^^^^^^^^^
  File "C:\Users\lives\AppData\Local\Programs\Python\Python313\Lib\site-packages\django\template\base.py", line 977, in render_annotated
    return self.render(context)
           ~~~~~~~~~~~^^^^^^^^^
  File "C:\Users\lives\AppData\Local\Programs\Python\Python313\Lib\site-packages\django\template\defaulttags.py", line 480, in render
    url = reverse(view_name, args=args, kwargs=kwargs, current_app=current_app)
  File "C:\Users\lives\AppData\Local\Programs\Python\Python313\Lib\site-packages\django\urls\base.py", line 98, in reverse
    resolved_url = resolver._reverse_with_prefix(view, prefix, *args, **kwargs)
  File "C:\Users\lives\AppData\Local\Programs\Python\Python313\Lib\site-packages\django\urls\resolvers.py", line 831, in _reverse_with_prefix
    raise NoReverseMatch(msg)
django.urls.exceptions.NoReverseMatch: Reverse for 'password_reset' not found. 'password_reset' is not a valid view function or pattern name.
E.ERROR 2025-11-24 15:48:46,744 django.request Internal Server Error: /login/
Traceback (most recent call last):
  File "C:\Users\lives\AppData\Local\Programs\Python\Python313\Lib\site-packages\django\core\handlers\exception.py", line 55, in inner
    response = get_response(request)
  File "C:\Users\lives\AppData\Local\Programs\Python\Python313\Lib\site-packages\django\core\handlers\base.py", line 197, in _get_response
    response = wrapped_callback(request, *callback_args, **callback_kwargs)
  File "C:\Github\UniRV-Django\editais\views.py", line 201, in login_view
    return render(request, 'registration/login.html', {'form': form})
  File "C:\Users\lives\AppData\Local\Programs\Python\Python313\Lib\site-packages\django\shortcuts.py", line 25, in render
    content = loader.render_to_string(template_name, context, request, using=using)
  File "C:\Users\lives\AppData\Local\Programs\Python\Python313\Lib\site-packages\django\template\loader.py", line 62, in render_to_string
    return template.render(context, request)
           ~~~~~~~~~~~~~~~^^^^^^^^^^^^^^^^^^
  File "C:\Users\lives\AppData\Local\Programs\Python\Python313\Lib\site-packages\django\template\backends\django.py", line 107, in render
    return self.template.render(context)
           ~~~~~~~~~~~~~~~~~~~~^^^^^^^^^
  File "C:\Users\lives\AppData\Local\Programs\Python\Python313\Lib\site-packages\django\template\base.py", line 171, in render
    return self._render(context)
           ~~~~~~~~~~~~^^^^^^^^^
  File "C:\Users\lives\AppData\Local\Programs\Python\Python313\Lib\site-packages\django\test\utils.py", line 114, in instrumented_test_render
    return self.nodelist.render(context)
           ~~~~~~~~~~~~~~~~~~~~^^^^^^^^^
  File "C:\Users\lives\AppData\Local\Programs\Python\Python313\Lib\site-packages\django\template\base.py", line 1016, in render
    return SafeString("".join([node.render_annotated(context) for node in self]))
                               ~~~~~~~~~~~~~~~~~~~~~^^^^^^^^^
  File "C:\Users\lives\AppData\Local\Programs\Python\Python313\Lib\site-packages\django\template\base.py", line 977, in render_annotated
    return self.render(context)
           ~~~~~~~~~~~^^^^^^^^^
  File "C:\Users\lives\AppData\Local\Programs\Python\Python313\Lib\site-packages\django\template\loader_tags.py", line 159, in render
    return compiled_parent._render(context)
           ~~~~~~~~~~~~~~~~~~~~~~~^^^^^^^^^
  File "C:\Users\lives\AppData\Local\Programs\Python\Python313\Lib\site-packages\django\test\utils.py", line 114, in instrumented_test_render
    return self.nodelist.render(context)
           ~~~~~~~~~~~~~~~~~~~~^^^^^^^^^
  File "C:\Users\lives\AppData\Local\Programs\Python\Python313\Lib\site-packages\django\template\base.py", line 1016, in render
    return SafeString("".join([node.render_annotated(context) for node in self]))
                               ~~~~~~~~~~~~~~~~~~~~~^^^^^^^^^
  File "C:\Users\lives\AppData\Local\Programs\Python\Python313\Lib\site-packages\django\template\base.py", line 977, in render_annotated
    return self.render(context)
           ~~~~~~~~~~~^^^^^^^^^
  File "C:\Users\lives\AppData\Local\Programs\Python\Python313\Lib\site-packages\django\template\loader_tags.py", line 65, in render
    result = block.nodelist.render(context)
  File "C:\Users\lives\AppData\Local\Programs\Python\Python313\Lib\site-packages\django\template\base.py", line 1016, in render
    return SafeString("".join([node.render_annotated(context) for node in self]))
                               ~~~~~~~~~~~~~~~~~~~~~^^^^^^^^^
  File "C:\Users\lives\AppData\Local\Programs\Python\Python313\Lib\site-packages\django\template\base.py", line 977, in render_annotated
    return self.render(context)
           ~~~~~~~~~~~^^^^^^^^^
  File "C:\Users\lives\AppData\Local\Programs\Python\Python313\Lib\site-packages\django\template\defaulttags.py", line 480, in render
    url = reverse(view_name, args=args, kwargs=kwargs, current_app=current_app)
  File "C:\Users\lives\AppData\Local\Programs\Python\Python313\Lib\site-packages\django\urls\base.py", line 98, in reverse
    resolved_url = resolver._reverse_with_prefix(view, prefix, *args, **kwargs)
  File "C:\Users\lives\AppData\Local\Programs\Python\Python313\Lib\site-packages\django\urls\resolvers.py", line 831, in _reverse_with_prefix
    raise NoReverseMatch(msg)
django.urls.exceptions.NoReverseMatch: Reverse for 'password_reset' not found. 'password_reset' is not a valid view function or pattern name.
EWARNING 2025-11-24 15:48:48,754 django.request Forbidden: /dashboard/editais/novo/
..ERROR 2025-11-24 15:48:50,938 django.request Internal Server Error: /login/
Traceback (most recent call last):
  File "C:\Users\lives\AppData\Local\Programs\Python\Python313\Lib\site-packages\django\core\handlers\exception.py", line 55, in inner
    response = get_response(request)
  File "C:\Users\lives\AppData\Local\Programs\Python\Python313\Lib\site-packages\django\core\handlers\base.py", line 197, in _get_response
    response = wrapped_callback(request, *callback_args, **callback_kwargs)
  File "C:\Github\UniRV-Django\editais\views.py", line 201, in login_view
    return render(request, 'registration/login.html', {'form': form})
  File "C:\Users\lives\AppData\Local\Programs\Python\Python313\Lib\site-packages\django\shortcuts.py", line 25, in render
    content = loader.render_to_string(template_name, context, request, using=using)
  File "C:\Users\lives\AppData\Local\Programs\Python\Python313\Lib\site-packages\django\template\loader.py", line 62, in render_to_string
    return template.render(context, request)
           ~~~~~~~~~~~~~~~^^^^^^^^^^^^^^^^^^
  File "C:\Users\lives\AppData\Local\Programs\Python\Python313\Lib\site-packages\django\template\backends\django.py", line 107, in render
    return self.template.render(context)
           ~~~~~~~~~~~~~~~~~~~~^^^^^^^^^
  File "C:\Users\lives\AppData\Local\Programs\Python\Python313\Lib\site-packages\django\template\base.py", line 171, in render
    return self._render(context)
           ~~~~~~~~~~~~^^^^^^^^^
  File "C:\Users\lives\AppData\Local\Programs\Python\Python313\Lib\site-packages\django\test\utils.py", line 114, in instrumented_test_render
    return self.nodelist.render(context)
           ~~~~~~~~~~~~~~~~~~~~^^^^^^^^^
  File "C:\Users\lives\AppData\Local\Programs\Python\Python313\Lib\site-packages\django\template\base.py", line 1016, in render
    return SafeString("".join([node.render_annotated(context) for node in self]))
                               ~~~~~~~~~~~~~~~~~~~~~^^^^^^^^^
  File "C:\Users\lives\AppData\Local\Programs\Python\Python313\Lib\site-packages\django\template\base.py", line 977, in render_annotated
    return self.render(context)
           ~~~~~~~~~~~^^^^^^^^^
  File "C:\Users\lives\AppData\Local\Programs\Python\Python313\Lib\site-packages\django\template\loader_tags.py", line 159, in render
    return compiled_parent._render(context)
           ~~~~~~~~~~~~~~~~~~~~~~~^^^^^^^^^
  File "C:\Users\lives\AppData\Local\Programs\Python\Python313\Lib\site-packages\django\test\utils.py", line 114, in instrumented_test_render
    return self.nodelist.render(context)
           ~~~~~~~~~~~~~~~~~~~~^^^^^^^^^
  File "C:\Users\lives\AppData\Local\Programs\Python\Python313\Lib\site-packages\django\template\base.py", line 1016, in render
    return SafeString("".join([node.render_annotated(context) for node in self]))
                               ~~~~~~~~~~~~~~~~~~~~~^^^^^^^^^
  File "C:\Users\lives\AppData\Local\Programs\Python\Python313\Lib\site-packages\django\template\base.py", line 977, in render_annotated
    return self.render(context)
           ~~~~~~~~~~~^^^^^^^^^
  File "C:\Users\lives\AppData\Local\Programs\Python\Python313\Lib\site-packages\django\template\loader_tags.py", line 65, in render
    result = block.nodelist.render(context)
  File "C:\Users\lives\AppData\Local\Programs\Python\Python313\Lib\site-packages\django\template\base.py", line 1016, in render
    return SafeString("".join([node.render_annotated(context) for node in self]))
                               ~~~~~~~~~~~~~~~~~~~~~^^^^^^^^^
  File "C:\Users\lives\AppData\Local\Programs\Python\Python313\Lib\site-packages\django\template\base.py", line 977, in render_annotated
    return self.render(context)
           ~~~~~~~~~~~^^^^^^^^^
  File "C:\Users\lives\AppData\Local\Programs\Python\Python313\Lib\site-packages\django\template\defaulttags.py", line 480, in render
    url = reverse(view_name, args=args, kwargs=kwargs, current_app=current_app)
  File "C:\Users\lives\AppData\Local\Programs\Python\Python313\Lib\site-packages\django\urls\base.py", line 98, in reverse
    resolved_url = resolver._reverse_with_prefix(view, prefix, *args, **kwargs)
  File "C:\Users\lives\AppData\Local\Programs\Python\Python313\Lib\site-packages\django\urls\resolvers.py", line 831, in _reverse_with_prefix
    raise NoReverseMatch(msg)
django.urls.exceptions.NoReverseMatch: Reverse for 'password_reset' not found. 'password_reset' is not a valid view function or pattern name.
E.ERROR 2025-11-24 15:48:54,133 django.request Internal Server Error: /login/
Traceback (most recent call last):
  File "C:\Users\lives\AppData\Local\Programs\Python\Python313\Lib\site-packages\django\core\handlers\exception.py", line 55, in inner
    response = get_response(request)
  File "C:\Users\lives\AppData\Local\Programs\Python\Python313\Lib\site-packages\django\core\handlers\base.py", line 197, in _get_response
    response = wrapped_callback(request, *callback_args, **callback_kwargs)
  File "C:\Github\UniRV-Django\editais\views.py", line 201, in login_view
    return render(request, 'registration/login.html', {'form': form})
  File "C:\Users\lives\AppData\Local\Programs\Python\Python313\Lib\site-packages\django\shortcuts.py", line 25, in render
    content = loader.render_to_string(template_name, context, request, using=using)
  File "C:\Users\lives\AppData\Local\Programs\Python\Python313\Lib\site-packages\django\template\loader.py", line 62, in render_to_string
    return template.render(context, request)
           ~~~~~~~~~~~~~~~^^^^^^^^^^^^^^^^^^
  File "C:\Users\lives\AppData\Local\Programs\Python\Python313\Lib\site-packages\django\template\backends\django.py", line 107, in render
    return self.template.render(context)
           ~~~~~~~~~~~~~~~~~~~~^^^^^^^^^
  File "C:\Users\lives\AppData\Local\Programs\Python\Python313\Lib\site-packages\django\template\base.py", line 171, in render
    return self._render(context)
           ~~~~~~~~~~~~^^^^^^^^^
  File "C:\Users\lives\AppData\Local\Programs\Python\Python313\Lib\site-packages\django\test\utils.py", line 114, in instrumented_test_render
    return self.nodelist.render(context)
           ~~~~~~~~~~~~~~~~~~~~^^^^^^^^^
  File "C:\Users\lives\AppData\Local\Programs\Python\Python313\Lib\site-packages\django\template\base.py", line 1016, in render
    return SafeString("".join([node.render_annotated(context) for node in self]))
                               ~~~~~~~~~~~~~~~~~~~~~^^^^^^^^^
  File "C:\Users\lives\AppData\Local\Programs\Python\Python313\Lib\site-packages\django\template\base.py", line 977, in render_annotated
    return self.render(context)
           ~~~~~~~~~~~^^^^^^^^^
  File "C:\Users\lives\AppData\Local\Programs\Python\Python313\Lib\site-packages\django\template\loader_tags.py", line 159, in render
    return compiled_parent._render(context)
           ~~~~~~~~~~~~~~~~~~~~~~~^^^^^^^^^
  File "C:\Users\lives\AppData\Local\Programs\Python\Python313\Lib\site-packages\django\test\utils.py", line 114, in instrumented_test_render
    return self.nodelist.render(context)
           ~~~~~~~~~~~~~~~~~~~~^^^^^^^^^
  File "C:\Users\lives\AppData\Local\Programs\Python\Python313\Lib\site-packages\django\template\base.py", line 1016, in render
    return SafeString("".join([node.render_annotated(context) for node in self]))
                               ~~~~~~~~~~~~~~~~~~~~~^^^^^^^^^
  File "C:\Users\lives\AppData\Local\Programs\Python\Python313\Lib\site-packages\django\template\base.py", line 977, in render_annotated
    return self.render(context)
           ~~~~~~~~~~~^^^^^^^^^
  File "C:\Users\lives\AppData\Local\Programs\Python\Python313\Lib\site-packages\django\template\loader_tags.py", line 65, in render
    result = block.nodelist.render(context)
  File "C:\Users\lives\AppData\Local\Programs\Python\Python313\Lib\site-packages\django\template\base.py", line 1016, in render
    return SafeString("".join([node.render_annotated(context) for node in self]))
                               ~~~~~~~~~~~~~~~~~~~~~^^^^^^^^^
  File "C:\Users\lives\AppData\Local\Programs\Python\Python313\Lib\site-packages\django\template\base.py", line 977, in render_annotated
    return self.render(context)
           ~~~~~~~~~~~^^^^^^^^^
  File "C:\Users\lives\AppData\Local\Programs\Python\Python313\Lib\site-packages\django\template\defaulttags.py", line 480, in render
    url = reverse(view_name, args=args, kwargs=kwargs, current_app=current_app)
  File "C:\Users\lives\AppData\Local\Programs\Python\Python313\Lib\site-packages\django\urls\base.py", line 98, in reverse
    resolved_url = resolver._reverse_with_prefix(view, prefix, *args, **kwargs)
  File "C:\Users\lives\AppData\Local\Programs\Python\Python313\Lib\site-packages\django\urls\resolvers.py", line 831, in _reverse_with_prefix
    raise NoReverseMatch(msg)
django.urls.exceptions.NoReverseMatch: Reverse for 'password_reset' not found. 'password_reset' is not a valid view function or pattern name.
EWARNING 2025-11-24 15:48:56,017 django.request Forbidden: /dashboard/relatorios/
..ERROR 2025-11-24 15:48:57,993 django.request Internal Server Error: /login/
Traceback (most recent call last):
  File "C:\Users\lives\AppData\Local\Programs\Python\Python313\Lib\site-packages\django\core\handlers\exception.py", line 55, in inner
    response = get_response(request)
  File "C:\Users\lives\AppData\Local\Programs\Python\Python313\Lib\site-packages\django\core\handlers\base.py", line 197, in _get_response
    response = wrapped_callback(request, *callback_args, **callback_kwargs)
  File "C:\Github\UniRV-Django\editais\views.py", line 201, in login_view
    return render(request, 'registration/login.html', {'form': form})
  File "C:\Users\lives\AppData\Local\Programs\Python\Python313\Lib\site-packages\django\shortcuts.py", line 25, in render
    content = loader.render_to_string(template_name, context, request, using=using)
  File "C:\Users\lives\AppData\Local\Programs\Python\Python313\Lib\site-packages\django\template\loader.py", line 62, in render_to_string
    return template.render(context, request)
           ~~~~~~~~~~~~~~~^^^^^^^^^^^^^^^^^^
  File "C:\Users\lives\AppData\Local\Programs\Python\Python313\Lib\site-packages\django\template\backends\django.py", line 107, in render
    return self.template.render(context)
           ~~~~~~~~~~~~~~~~~~~~^^^^^^^^^
  File "C:\Users\lives\AppData\Local\Programs\Python\Python313\Lib\site-packages\django\template\base.py", line 171, in render
    return self._render(context)
           ~~~~~~~~~~~~^^^^^^^^^
  File "C:\Users\lives\AppData\Local\Programs\Python\Python313\Lib\site-packages\django\test\utils.py", line 114, in instrumented_test_render
    return self.nodelist.render(context)
           ~~~~~~~~~~~~~~~~~~~~^^^^^^^^^
  File "C:\Users\lives\AppData\Local\Programs\Python\Python313\Lib\site-packages\django\template\base.py", line 1016, in render
    return SafeString("".join([node.render_annotated(context) for node in self]))
                               ~~~~~~~~~~~~~~~~~~~~~^^^^^^^^^
  File "C:\Users\lives\AppData\Local\Programs\Python\Python313\Lib\site-packages\django\template\base.py", line 977, in render_annotated
    return self.render(context)
           ~~~~~~~~~~~^^^^^^^^^
  File "C:\Users\lives\AppData\Local\Programs\Python\Python313\Lib\site-packages\django\template\loader_tags.py", line 159, in render
    return compiled_parent._render(context)
           ~~~~~~~~~~~~~~~~~~~~~~~^^^^^^^^^
  File "C:\Users\lives\AppData\Local\Programs\Python\Python313\Lib\site-packages\django\test\utils.py", line 114, in instrumented_test_render
    return self.nodelist.render(context)
           ~~~~~~~~~~~~~~~~~~~~^^^^^^^^^
  File "C:\Users\lives\AppData\Local\Programs\Python\Python313\Lib\site-packages\django\template\base.py", line 1016, in render
    return SafeString("".join([node.render_annotated(context) for node in self]))
                               ~~~~~~~~~~~~~~~~~~~~~^^^^^^^^^
  File "C:\Users\lives\AppData\Local\Programs\Python\Python313\Lib\site-packages\django\template\base.py", line 977, in render_annotated
    return self.render(context)
           ~~~~~~~~~~~^^^^^^^^^
  File "C:\Users\lives\AppData\Local\Programs\Python\Python313\Lib\site-packages\django\template\loader_tags.py", line 65, in render
    result = block.nodelist.render(context)
  File "C:\Users\lives\AppData\Local\Programs\Python\Python313\Lib\site-packages\django\template\base.py", line 1016, in render
    return SafeString("".join([node.render_annotated(context) for node in self]))
                               ~~~~~~~~~~~~~~~~~~~~~^^^^^^^^^
  File "C:\Users\lives\AppData\Local\Programs\Python\Python313\Lib\site-packages\django\template\base.py", line 977, in render_annotated
    return self.render(context)
           ~~~~~~~~~~~^^^^^^^^^
  File "C:\Users\lives\AppData\Local\Programs\Python\Python313\Lib\site-packages\django\template\defaulttags.py", line 480, in render
    url = reverse(view_name, args=args, kwargs=kwargs, current_app=current_app)
  File "C:\Users\lives\AppData\Local\Programs\Python\Python313\Lib\site-packages\django\urls\base.py", line 98, in reverse
    resolved_url = resolver._reverse_with_prefix(view, prefix, *args, **kwargs)
  File "C:\Users\lives\AppData\Local\Programs\Python\Python313\Lib\site-packages\django\urls\resolvers.py", line 831, in _reverse_with_prefix
    raise NoReverseMatch(msg)
django.urls.exceptions.NoReverseMatch: Reverse for 'password_reset' not found. 'password_reset' is not a valid view function or pattern name.
E.ERROR 2025-11-24 15:49:01,200 django.request Internal Server Error: /login/
Traceback (most recent call last):
  File "C:\Users\lives\AppData\Local\Programs\Python\Python313\Lib\site-packages\django\core\handlers\exception.py", line 55, in inner
    response = get_response(request)
  File "C:\Users\lives\AppData\Local\Programs\Python\Python313\Lib\site-packages\django\core\handlers\base.py", line 197, in _get_response
    response = wrapped_callback(request, *callback_args, **callback_kwargs)
  File "C:\Github\UniRV-Django\editais\views.py", line 201, in login_view
    return render(request, 'registration/login.html', {'form': form})
  File "C:\Users\lives\AppData\Local\Programs\Python\Python313\Lib\site-packages\django\shortcuts.py", line 25, in render
    content = loader.render_to_string(template_name, context, request, using=using)
  File "C:\Users\lives\AppData\Local\Programs\Python\Python313\Lib\site-packages\django\template\loader.py", line 62, in render_to_string
    return template.render(context, request)
           ~~~~~~~~~~~~~~~^^^^^^^^^^^^^^^^^^
  File "C:\Users\lives\AppData\Local\Programs\Python\Python313\Lib\site-packages\django\template\backends\django.py", line 107, in render
    return self.template.render(context)
           ~~~~~~~~~~~~~~~~~~~~^^^^^^^^^
  File "C:\Users\lives\AppData\Local\Programs\Python\Python313\Lib\site-packages\django\template\base.py", line 171, in render
    return self._render(context)
           ~~~~~~~~~~~~^^^^^^^^^
  File "C:\Users\lives\AppData\Local\Programs\Python\Python313\Lib\site-packages\django\test\utils.py", line 114, in instrumented_test_render
    return self.nodelist.render(context)
           ~~~~~~~~~~~~~~~~~~~~^^^^^^^^^
  File "C:\Users\lives\AppData\Local\Programs\Python\Python313\Lib\site-packages\django\template\base.py", line 1016, in render
    return SafeString("".join([node.render_annotated(context) for node in self]))
                               ~~~~~~~~~~~~~~~~~~~~~^^^^^^^^^
  File "C:\Users\lives\AppData\Local\Programs\Python\Python313\Lib\site-packages\django\template\base.py", line 977, in render_annotated
    return self.render(context)
           ~~~~~~~~~~~^^^^^^^^^
  File "C:\Users\lives\AppData\Local\Programs\Python\Python313\Lib\site-packages\django\template\loader_tags.py", line 159, in render
    return compiled_parent._render(context)
           ~~~~~~~~~~~~~~~~~~~~~~~^^^^^^^^^
  File "C:\Users\lives\AppData\Local\Programs\Python\Python313\Lib\site-packages\django\test\utils.py", line 114, in instrumented_test_render
    return self.nodelist.render(context)
           ~~~~~~~~~~~~~~~~~~~~^^^^^^^^^
  File "C:\Users\lives\AppData\Local\Programs\Python\Python313\Lib\site-packages\django\template\base.py", line 1016, in render
    return SafeString("".join([node.render_annotated(context) for node in self]))
                               ~~~~~~~~~~~~~~~~~~~~~^^^^^^^^^
  File "C:\Users\lives\AppData\Local\Programs\Python\Python313\Lib\site-packages\django\template\base.py", line 977, in render_annotated
    return self.render(context)
           ~~~~~~~~~~~^^^^^^^^^
  File "C:\Users\lives\AppData\Local\Programs\Python\Python313\Lib\site-packages\django\template\loader_tags.py", line 65, in render
    result = block.nodelist.render(context)
  File "C:\Users\lives\AppData\Local\Programs\Python\Python313\Lib\site-packages\django\template\base.py", line 1016, in render
    return SafeString("".join([node.render_annotated(context) for node in self]))
                               ~~~~~~~~~~~~~~~~~~~~~^^^^^^^^^
  File "C:\Users\lives\AppData\Local\Programs\Python\Python313\Lib\site-packages\django\template\base.py", line 977, in render_annotated
    return self.render(context)
           ~~~~~~~~~~~^^^^^^^^^
  File "C:\Users\lives\AppData\Local\Programs\Python\Python313\Lib\site-packages\django\template\defaulttags.py", line 480, in render
    url = reverse(view_name, args=args, kwargs=kwargs, current_app=current_app)
  File "C:\Users\lives\AppData\Local\Programs\Python\Python313\Lib\site-packages\django\urls\base.py", line 98, in reverse
    resolved_url = resolver._reverse_with_prefix(view, prefix, *args, **kwargs)
  File "C:\Users\lives\AppData\Local\Programs\Python\Python313\Lib\site-packages\django\urls\resolvers.py", line 831, in _reverse_with_prefix
    raise NoReverseMatch(msg)
django.urls.exceptions.NoReverseMatch: Reverse for 'password_reset' not found. 'password_reset' is not a valid view function or pattern name.
EWARNING 2025-11-24 15:49:03,091 django.security Unauthorized dashboard access attempt - user: regular, IP: 127.0.0.1, view: dashboard_usuarios
WARNING 2025-11-24 15:49:03,093 django.request Forbidden: /dashboard/usuarios/
.INFO 2025-11-24 15:49:04,343 editais.views edital_create iniciado - usußrio: staff, IP: 127.0.0.1
INFO 2025-11-24 15:49:04,346 editais.views edital criado com sucesso - ID: 1, tφtulo: Edital de Teste, usußrio: staff
INFO 2025-11-24 15:49:04,357 editais.views edital_update iniciado - edital_id: 1, usußrio: staff, IP: 127.0.0.1
INFO 2025-11-24 15:49:04,360 editais.views edital atualizado com sucesso - ID: 1, tφtulo: Edital de Teste Atualizado, usußrio: staff, campos alterados: ['titulo', 'status', 'objetivo']
INFO 2025-11-24 15:49:04,364 editais.views edital_delete iniciado - edital_id: 1, usußrio: staff, IP: 127.0.0.1
INFO 2025-11-24 15:49:04,366 editais.views edital deletado com sucesso - ID: 1, tφtulo: Edital de Teste Atualizado, usußrio: staff
.INFO 2025-11-24 15:49:05,632 editais.views edital_create iniciado - usußrio: staff, IP: 127.0.0.1
INFO 2025-11-24 15:49:05,634 editais.views edital criado com sucesso - ID: 1, tφtulo: Test Rate Limit, usußrio: staff
INFO 2025-11-24 15:49:05,643 editais.views edital_create iniciado - usußrio: staff, IP: 127.0.0.1
INFO 2025-11-24 15:49:05,646 editais.views edital criado com sucesso - ID: 2, tφtulo: Test Rate Limit, usußrio: staff
INFO 2025-11-24 15:49:05,655 editais.views edital_create iniciado - usußrio: staff, IP: 127.0.0.1
INFO 2025-11-24 15:49:05,657 editais.views edital criado com sucesso - ID: 3, tφtulo: Test Rate Limit, usußrio: staff
INFO 2025-11-24 15:49:05,666 editais.views edital_create iniciado - usußrio: staff, IP: 127.0.0.1
INFO 2025-11-24 15:49:05,669 editais.views edital criado com sucesso - ID: 4, tφtulo: Test Rate Limit, usußrio: staff
INFO 2025-11-24 15:49:05,677 editais.views edital_create iniciado - usußrio: staff, IP: 127.0.0.1
INFO 2025-11-24 15:49:05,679 editais.views edital criado com sucesso - ID: 5, tφtulo: Test Rate Limit, usußrio: staff
INFO 2025-11-24 15:49:05,689 editais.views edital_create iniciado - usußrio: staff, IP: 127.0.0.1
INFO 2025-11-24 15:49:05,691 editais.views edital criado com sucesso - ID: 6, tφtulo: Test Rate Limit, usußrio: staff
INFO 2025-11-24 15:49:05,701 editais.views edital_create iniciado - usußrio: staff, IP: 127.0.0.1
INFO 2025-11-24 15:49:05,703 editais.views edital criado com sucesso - ID: 7, tφtulo: Test Rate Limit, usußrio: staff
..INFO 2025-11-24 15:49:08,287 editais.management.commands.send_deadline_notifications send_deadline_notifications: 1 emails enviados, 3 editais, 0 erros
.INFO 2025-11-24 15:49:10,205 editais.management.commands.send_deadline_notifications send_deadline_notifications: 1 emails enviados, 2 editais, 0 erros
.ERROR 2025-11-24 15:49:12,046 editais.management.commands.send_deadline_notifications Erro ao enviar email para staff@example.com: Erro de email
INFO 2025-11-24 15:49:12,046 editais.management.commands.send_deadline_notifications send_deadline_notifications: 0 emails enviados, 2 editais, 1 erros
..INFO 2025-11-24 15:49:15,744 editais.management.commands.send_deadline_notifications send_deadline_notifications: 1 emails enviados, 2 editais, 0 erros
.INFO 2025-11-24 15:49:17,584 editais.management.commands.send_deadline_notifications send_deadline_notifications: 1 emails enviados, 2 editais, 0 erros
.INFO 2025-11-24 15:49:19,423 editais.management.commands.send_deadline_notifications send_deadline_notifications: 1 emails enviados, 2 editais, 0 erros
.WARNING 2025-11-24 15:49:19,434 editais.management.commands.update_edital_status Erro ao invalidar cache: Erro de cache
INFO 2025-11-24 15:49:19,434 editais.management.commands.update_edital_status update_edital_status: 1 editais atualizados, 0 erros
.INFO 2025-11-24 15:49:19,441 editais.management.commands.update_edital_status update_edital_status: 0 editais atualizados, 0 erros
.INFO 2025-11-24 15:49:19,447 editais.management.commands.update_edital_status update_edital_status: 0 editais atualizados, 0 erros
.INFO 2025-11-24 15:49:19,454 editais.management.commands.update_edital_status update_edital_status: 0 editais atualizados, 0 erros
.INFO 2025-11-24 15:49:19,462 editais.management.commands.update_edital_status update_edital_status: 1 editais atualizados, 0 erros
.INFO 2025-11-24 15:49:19,469 editais.management.commands.update_edital_status update_edital_status: 0 editais atualizados, 0 erros
.INFO 2025-11-24 15:49:19,476 editais.management.commands.update_edital_status update_edital_status: 0 editais atualizados, 0 erros
.INFO 2025-11-24 15:49:19,483 editais.management.commands.update_edital_status update_edital_status: 0 editais atualizados, 0 erros
.INFO 2025-11-24 15:49:19,490 editais.management.commands.update_edital_status update_edital_status: 0 editais atualizados, 0 erros
.INFO 2025-11-24 15:49:19,498 editais.management.commands.update_edital_status update_edital_status: 1 editais atualizados, 0 erros
.INFO 2025-11-24 15:49:19,506 editais.management.commands.update_edital_status update_edital_status: 1 editais atualizados, 0 erros
.INFO 2025-11-24 15:49:19,513 editais.management.commands.update_edital_status update_edital_status: 0 editais atualizados, 0 erros
.INFO 2025-11-24 15:49:19,523 editais.management.commands.update_edital_status update_edital_status: 0 editais atualizados, 0 erros
.INFO 2025-11-24 15:49:19,531 editais.management.commands.update_edital_status update_edital_status: 0 editais atualizados, 0 erros
.ERROR 2025-11-24 15:49:19,538 editais.management.commands.update_edital_status Erro ao fechar edital ID 6: Erro de banco de dados
INFO 2025-11-24 15:49:19,539 editais.management.commands.update_edital_status update_edital_status: 0 editais atualizados, 1 erros
.ERROR 2025-11-24 15:49:19,546 editais.management.commands.update_edital_status Erro ao fechar edital ID 6: Erro de teste
INFO 2025-11-24 15:49:19,547 editais.management.commands.update_edital_status update_edital_status: 0 editais atualizados, 1 erros
.INFO 2025-11-24 15:49:19,554 editais.management.commands.update_edital_status update_edital_status: 0 editais atualizados, 0 erros
.INFO 2025-11-24 15:49:19,563 editais.management.commands.update_edital_status update_edital_status: 0 editais atualizados, 0 erros
.INFO 2025-11-24 15:49:19,578 editais.management.commands.update_edital_status update_edital_status: 3 editais atualizados, 0 erros
.INFO 2025-11-24 15:49:19,588 editais.management.commands.update_edital_status update_edital_status: 0 editais atualizados, 0 erros
.FFINFO 2025-11-24 15:49:19,608 editais.management.commands.update_edital_status update_edital_status: 0 editais atualizados, 0 erros
.INFO 2025-11-24 15:49:19,615 editais.management.commands.update_edital_status update_edital_status: 0 editais atualizados, 0 erros
.INFO 2025-11-24 15:49:19,626 editais.management.commands.update_edital_status update_edital_status: 2 editais atualizados, 0 erros
.INFO 2025-11-24 15:49:19,636 editais.management.commands.update_edital_status update_edital_status: 0 editais atualizados, 0 erros
FINFO 2025-11-24 15:49:23,231 editais.views edital_create iniciado - usußrio: admin, IP: 127.0.0.1
.INFO 2025-11-24 15:49:26,971 editais.views edital_delete iniciado - edital_id: 3, usußrio: admin, IP: 127.0.0.1
INFO 2025-11-24 15:49:26,974 editais.views edital deletado com sucesso - ID: 3, tφtulo: Edital para Deletar, usußrio: admin
.INFO 2025-11-24 15:49:30,707 editais.views edital_update iniciado - edital_id: 1, usußrio: admin, IP: 127.0.0.1
...WARNING 2025-11-24 15:49:40,907 django.request Forbidden: /cadastrar/
.WARNING 2025-11-24 15:49:44,388 django.request Forbidden: /edital/1/excluir/
.WARNING 2025-11-24 15:49:48,006 django.request Forbidden: /edital/1/editar/
.INFO 2025-11-24 15:49:51,569 editais.views edital_create iniciado - usußrio: staff, IP: 127.0.0.1
.INFO 2025-11-24 15:49:55,271 editais.views edital_delete iniciado - edital_id: 3, usußrio: staff, IP: 127.0.0.1
INFO 2025-11-24 15:49:55,274 editais.views edital deletado com sucesso - ID: 3, tφtulo: Edital para Deletar, usußrio: staff
.INFO 2025-11-24 15:49:59,166 editais.views edital_update iniciado - edital_id: 1, usußrio: staff, IP: 127.0.0.1
...FFFWARNING 2025-11-24 15:50:15,812 django.request Not Found: /edital/edital-rascunho/
..FFERROR 2025-11-24 15:50:16,604 django.request Internal Server Error: /login/
Traceback (most recent call last):
  File "C:\Users\lives\AppData\Local\Programs\Python\Python313\Lib\site-packages\django\core\handlers\exception.py", line 55, in inner
    response = get_response(request)
  File "C:\Users\lives\AppData\Local\Programs\Python\Python313\Lib\site-packages\django\core\handlers\base.py", line 197, in _get_response
    response = wrapped_callback(request, *callback_args, **callback_kwargs)
  File "C:\Github\UniRV-Django\editais\views.py", line 201, in login_view
    return render(request, 'registration/login.html', {'form': form})
  File "C:\Users\lives\AppData\Local\Programs\Python\Python313\Lib\site-packages\django\shortcuts.py", line 25, in render
    content = loader.render_to_string(template_name, context, request, using=using)
  File "C:\Users\lives\AppData\Local\Programs\Python\Python313\Lib\site-packages\django\template\loader.py", line 62, in render_to_string
    return template.render(context, request)
           ~~~~~~~~~~~~~~~^^^^^^^^^^^^^^^^^^
  File "C:\Users\lives\AppData\Local\Programs\Python\Python313\Lib\site-packages\django\template\backends\django.py", line 107, in render
    return self.template.render(context)
           ~~~~~~~~~~~~~~~~~~~~^^^^^^^^^
  File "C:\Users\lives\AppData\Local\Programs\Python\Python313\Lib\site-packages\django\template\base.py", line 171, in render
    return self._render(context)
           ~~~~~~~~~~~~^^^^^^^^^
  File "C:\Users\lives\AppData\Local\Programs\Python\Python313\Lib\site-packages\django\test\utils.py", line 114, in instrumented_test_render
    return self.nodelist.render(context)
           ~~~~~~~~~~~~~~~~~~~~^^^^^^^^^
  File "C:\Users\lives\AppData\Local\Programs\Python\Python313\Lib\site-packages\django\template\base.py", line 1016, in render
    return SafeString("".join([node.render_annotated(context) for node in self]))
                               ~~~~~~~~~~~~~~~~~~~~~^^^^^^^^^
  File "C:\Users\lives\AppData\Local\Programs\Python\Python313\Lib\site-packages\django\template\base.py", line 977, in render_annotated
    return self.render(context)
           ~~~~~~~~~~~^^^^^^^^^
  File "C:\Users\lives\AppData\Local\Programs\Python\Python313\Lib\site-packages\django\template\loader_tags.py", line 159, in render
    return compiled_parent._render(context)
           ~~~~~~~~~~~~~~~~~~~~~~~^^^^^^^^^
  File "C:\Users\lives\AppData\Local\Programs\Python\Python313\Lib\site-packages\django\test\utils.py", line 114, in instrumented_test_render
    return self.nodelist.render(context)
           ~~~~~~~~~~~~~~~~~~~~^^^^^^^^^
  File "C:\Users\lives\AppData\Local\Programs\Python\Python313\Lib\site-packages\django\template\base.py", line 1016, in render
    return SafeString("".join([node.render_annotated(context) for node in self]))
                               ~~~~~~~~~~~~~~~~~~~~~^^^^^^^^^
  File "C:\Users\lives\AppData\Local\Programs\Python\Python313\Lib\site-packages\django\template\base.py", line 977, in render_annotated
    return self.render(context)
           ~~~~~~~~~~~^^^^^^^^^
  File "C:\Users\lives\AppData\Local\Programs\Python\Python313\Lib\site-packages\django\template\loader_tags.py", line 65, in render
    result = block.nodelist.render(context)
  File "C:\Users\lives\AppData\Local\Programs\Python\Python313\Lib\site-packages\django\template\base.py", line 1016, in render
    return SafeString("".join([node.render_annotated(context) for node in self]))
                               ~~~~~~~~~~~~~~~~~~~~~^^^^^^^^^
  File "C:\Users\lives\AppData\Local\Programs\Python\Python313\Lib\site-packages\django\template\base.py", line 977, in render_annotated
    return self.render(context)
           ~~~~~~~~~~~^^^^^^^^^
  File "C:\Users\lives\AppData\Local\Programs\Python\Python313\Lib\site-packages\django\template\defaulttags.py", line 480, in render
    url = reverse(view_name, args=args, kwargs=kwargs, current_app=current_app)
  File "C:\Users\lives\AppData\Local\Programs\Python\Python313\Lib\site-packages\django\urls\base.py", line 98, in reverse
    resolved_url = resolver._reverse_with_prefix(view, prefix, *args, **kwargs)
  File "C:\Users\lives\AppData\Local\Programs\Python\Python313\Lib\site-packages\django\urls\resolvers.py", line 831, in _reverse_with_prefix
    raise NoReverseMatch(msg)
django.urls.exceptions.NoReverseMatch: Reverse for 'password_reset' not found. 'password_reset' is not a valid view function or pattern name.
EERROR 2025-11-24 15:50:17,293 django.request Internal Server Error: /login/
Traceback (most recent call last):
  File "C:\Users\lives\AppData\Local\Programs\Python\Python313\Lib\site-packages\django\core\handlers\exception.py", line 55, in inner
    response = get_response(request)
  File "C:\Users\lives\AppData\Local\Programs\Python\Python313\Lib\site-packages\django\core\handlers\base.py", line 197, in _get_response
    response = wrapped_callback(request, *callback_args, **callback_kwargs)
  File "C:\Github\UniRV-Django\editais\views.py", line 201, in login_view
    return render(request, 'registration/login.html', {'form': form})
  File "C:\Users\lives\AppData\Local\Programs\Python\Python313\Lib\site-packages\django\shortcuts.py", line 25, in render
    content = loader.render_to_string(template_name, context, request, using=using)
  File "C:\Users\lives\AppData\Local\Programs\Python\Python313\Lib\site-packages\django\template\loader.py", line 62, in render_to_string
    return template.render(context, request)
           ~~~~~~~~~~~~~~~^^^^^^^^^^^^^^^^^^
  File "C:\Users\lives\AppData\Local\Programs\Python\Python313\Lib\site-packages\django\template\backends\django.py", line 107, in render
    return self.template.render(context)
           ~~~~~~~~~~~~~~~~~~~~^^^^^^^^^
  File "C:\Users\lives\AppData\Local\Programs\Python\Python313\Lib\site-packages\django\template\base.py", line 171, in render
    return self._render(context)
           ~~~~~~~~~~~~^^^^^^^^^
  File "C:\Users\lives\AppData\Local\Programs\Python\Python313\Lib\site-packages\django\test\utils.py", line 114, in instrumented_test_render
    return self.nodelist.render(context)
           ~~~~~~~~~~~~~~~~~~~~^^^^^^^^^
  File "C:\Users\lives\AppData\Local\Programs\Python\Python313\Lib\site-packages\django\template\base.py", line 1016, in render
    return SafeString("".join([node.render_annotated(context) for node in self]))
                               ~~~~~~~~~~~~~~~~~~~~~^^^^^^^^^
  File "C:\Users\lives\AppData\Local\Programs\Python\Python313\Lib\site-packages\django\template\base.py", line 977, in render_annotated
    return self.render(context)
           ~~~~~~~~~~~^^^^^^^^^
  File "C:\Users\lives\AppData\Local\Programs\Python\Python313\Lib\site-packages\django\template\loader_tags.py", line 159, in render
    return compiled_parent._render(context)
           ~~~~~~~~~~~~~~~~~~~~~~~^^^^^^^^^
  File "C:\Users\lives\AppData\Local\Programs\Python\Python313\Lib\site-packages\django\test\utils.py", line 114, in instrumented_test_render
    return self.nodelist.render(context)
           ~~~~~~~~~~~~~~~~~~~~^^^^^^^^^
  File "C:\Users\lives\AppData\Local\Programs\Python\Python313\Lib\site-packages\django\template\base.py", line 1016, in render
    return SafeString("".join([node.render_annotated(context) for node in self]))
                               ~~~~~~~~~~~~~~~~~~~~~^^^^^^^^^
  File "C:\Users\lives\AppData\Local\Programs\Python\Python313\Lib\site-packages\django\template\base.py", line 977, in render_annotated
    return self.render(context)
           ~~~~~~~~~~~^^^^^^^^^
  File "C:\Users\lives\AppData\Local\Programs\Python\Python313\Lib\site-packages\django\template\loader_tags.py", line 65, in render
    result = block.nodelist.render(context)
  File "C:\Users\lives\AppData\Local\Programs\Python\Python313\Lib\site-packages\django\template\base.py", line 1016, in render
    return SafeString("".join([node.render_annotated(context) for node in self]))
                               ~~~~~~~~~~~~~~~~~~~~~^^^^^^^^^
  File "C:\Users\lives\AppData\Local\Programs\Python\Python313\Lib\site-packages\django\template\base.py", line 977, in render_annotated
    return self.render(context)
           ~~~~~~~~~~~^^^^^^^^^
  File "C:\Users\lives\AppData\Local\Programs\Python\Python313\Lib\site-packages\django\template\defaulttags.py", line 480, in render
    url = reverse(view_name, args=args, kwargs=kwargs, current_app=current_app)
  File "C:\Users\lives\AppData\Local\Programs\Python\Python313\Lib\site-packages\django\urls\base.py", line 98, in reverse
    resolved_url = resolver._reverse_with_prefix(view, prefix, *args, **kwargs)
  File "C:\Users\lives\AppData\Local\Programs\Python\Python313\Lib\site-packages\django\urls\resolvers.py", line 831, in _reverse_with_prefix
    raise NoReverseMatch(msg)
django.urls.exceptions.NoReverseMatch: Reverse for 'password_reset' not found. 'password_reset' is not a valid view function or pattern name.
E..ERROR 2025-11-24 15:50:21,991 django.request Internal Server Error: /login/
Traceback (most recent call last):
  File "C:\Users\lives\AppData\Local\Programs\Python\Python313\Lib\site-packages\django\core\handlers\exception.py", line 55, in inner
    response = get_response(request)
  File "C:\Users\lives\AppData\Local\Programs\Python\Python313\Lib\site-packages\django\core\handlers\base.py", line 197, in _get_response
    response = wrapped_callback(request, *callback_args, **callback_kwargs)
  File "C:\Github\UniRV-Django\editais\views.py", line 201, in login_view
    return render(request, 'registration/login.html', {'form': form})
  File "C:\Users\lives\AppData\Local\Programs\Python\Python313\Lib\site-packages\django\shortcuts.py", line 25, in render
    content = loader.render_to_string(template_name, context, request, using=using)
  File "C:\Users\lives\AppData\Local\Programs\Python\Python313\Lib\site-packages\django\template\loader.py", line 62, in render_to_string
    return template.render(context, request)
           ~~~~~~~~~~~~~~~^^^^^^^^^^^^^^^^^^
  File "C:\Users\lives\AppData\Local\Programs\Python\Python313\Lib\site-packages\django\template\backends\django.py", line 107, in render
    return self.template.render(context)
           ~~~~~~~~~~~~~~~~~~~~^^^^^^^^^
  File "C:\Users\lives\AppData\Local\Programs\Python\Python313\Lib\site-packages\django\template\base.py", line 171, in render
    return self._render(context)
           ~~~~~~~~~~~~^^^^^^^^^
  File "C:\Users\lives\AppData\Local\Programs\Python\Python313\Lib\site-packages\django\test\utils.py", line 114, in instrumented_test_render
    return self.nodelist.render(context)
           ~~~~~~~~~~~~~~~~~~~~^^^^^^^^^
  File "C:\Users\lives\AppData\Local\Programs\Python\Python313\Lib\site-packages\django\template\base.py", line 1016, in render
    return SafeString("".join([node.render_annotated(context) for node in self]))
                               ~~~~~~~~~~~~~~~~~~~~~^^^^^^^^^
  File "C:\Users\lives\AppData\Local\Programs\Python\Python313\Lib\site-packages\django\template\base.py", line 977, in render_annotated
    return self.render(context)
           ~~~~~~~~~~~^^^^^^^^^
  File "C:\Users\lives\AppData\Local\Programs\Python\Python313\Lib\site-packages\django\template\loader_tags.py", line 159, in render
    return compiled_parent._render(context)
           ~~~~~~~~~~~~~~~~~~~~~~~^^^^^^^^^
  File "C:\Users\lives\AppData\Local\Programs\Python\Python313\Lib\site-packages\django\test\utils.py", line 114, in instrumented_test_render
    return self.nodelist.render(context)
           ~~~~~~~~~~~~~~~~~~~~^^^^^^^^^
  File "C:\Users\lives\AppData\Local\Programs\Python\Python313\Lib\site-packages\django\template\base.py", line 1016, in render
    return SafeString("".join([node.render_annotated(context) for node in self]))
                               ~~~~~~~~~~~~~~~~~~~~~^^^^^^^^^
  File "C:\Users\lives\AppData\Local\Programs\Python\Python313\Lib\site-packages\django\template\base.py", line 977, in render_annotated
    return self.render(context)
           ~~~~~~~~~~~^^^^^^^^^
  File "C:\Users\lives\AppData\Local\Programs\Python\Python313\Lib\site-packages\django\template\loader_tags.py", line 65, in render
    result = block.nodelist.render(context)
  File "C:\Users\lives\AppData\Local\Programs\Python\Python313\Lib\site-packages\django\template\base.py", line 1016, in render
    return SafeString("".join([node.render_annotated(context) for node in self]))
                               ~~~~~~~~~~~~~~~~~~~~~^^^^^^^^^
  File "C:\Users\lives\AppData\Local\Programs\Python\Python313\Lib\site-packages\django\template\base.py", line 977, in render_annotated
    return self.render(context)
           ~~~~~~~~~~~^^^^^^^^^
  File "C:\Users\lives\AppData\Local\Programs\Python\Python313\Lib\site-packages\django\template\defaulttags.py", line 480, in render
    url = reverse(view_name, args=args, kwargs=kwargs, current_app=current_app)
  File "C:\Users\lives\AppData\Local\Programs\Python\Python313\Lib\site-packages\django\urls\base.py", line 98, in reverse
    resolved_url = resolver._reverse_with_prefix(view, prefix, *args, **kwargs)
  File "C:\Users\lives\AppData\Local\Programs\Python\Python313\Lib\site-packages\django\urls\resolvers.py", line 831, in _reverse_with_prefix
    raise NoReverseMatch(msg)
django.urls.exceptions.NoReverseMatch: Reverse for 'password_reset' not found. 'password_reset' is not a valid view function or pattern name.
E.......INFO 2025-11-24 15:50:26,929 editais.views User registered successfully - username: newuser, email: newuser@example.com, IP: 127.0.0.1
....WARNING 2025-11-24 15:50:34,267 django.request Forbidden: /dashboard/editais/
WARNING 2025-11-24 15:50:34,270 django.security Unauthorized dashboard access attempt - user: regular, IP: 127.0.0.1, view: dashboard_usuarios
WARNING 2025-11-24 15:50:34,272 django.request Forbidden: /dashboard/usuarios/
WARNING 2025-11-24 15:50:34,276 django.request Forbidden: /dashboard/relatorios/
WARNING 2025-11-24 15:50:34,280 django.request Forbidden: /dashboard/editais/novo/
.ERROR 2025-11-24 15:50:35,578 django.request Internal Server Error: /login/
Traceback (most recent call last):
  File "C:\Users\lives\AppData\Local\Programs\Python\Python313\Lib\site-packages\django\core\handlers\exception.py", line 55, in inner
    response = get_response(request)
  File "C:\Users\lives\AppData\Local\Programs\Python\Python313\Lib\site-packages\django\core\handlers\base.py", line 197, in _get_response
    response = wrapped_callback(request, *callback_args, **callback_kwargs)
  File "C:\Github\UniRV-Django\editais\views.py", line 201, in login_view
    return render(request, 'registration/login.html', {'form': form})
  File "C:\Users\lives\AppData\Local\Programs\Python\Python313\Lib\site-packages\django\shortcuts.py", line 25, in render
    content = loader.render_to_string(template_name, context, request, using=using)
  File "C:\Users\lives\AppData\Local\Programs\Python\Python313\Lib\site-packages\django\template\loader.py", line 62, in render_to_string
    return template.render(context, request)
           ~~~~~~~~~~~~~~~^^^^^^^^^^^^^^^^^^
  File "C:\Users\lives\AppData\Local\Programs\Python\Python313\Lib\site-packages\django\template\backends\django.py", line 107, in render
    return self.template.render(context)
           ~~~~~~~~~~~~~~~~~~~~^^^^^^^^^
  File "C:\Users\lives\AppData\Local\Programs\Python\Python313\Lib\site-packages\django\template\base.py", line 171, in render
    return self._render(context)
           ~~~~~~~~~~~~^^^^^^^^^
  File "C:\Users\lives\AppData\Local\Programs\Python\Python313\Lib\site-packages\django\test\utils.py", line 114, in instrumented_test_render
    return self.nodelist.render(context)
           ~~~~~~~~~~~~~~~~~~~~^^^^^^^^^
  File "C:\Users\lives\AppData\Local\Programs\Python\Python313\Lib\site-packages\django\template\base.py", line 1016, in render
    return SafeString("".join([node.render_annotated(context) for node in self]))
                               ~~~~~~~~~~~~~~~~~~~~~^^^^^^^^^
  File "C:\Users\lives\AppData\Local\Programs\Python\Python313\Lib\site-packages\django\template\base.py", line 977, in render_annotated
    return self.render(context)
           ~~~~~~~~~~~^^^^^^^^^
  File "C:\Users\lives\AppData\Local\Programs\Python\Python313\Lib\site-packages\django\template\loader_tags.py", line 159, in render
    return compiled_parent._render(context)
           ~~~~~~~~~~~~~~~~~~~~~~~^^^^^^^^^
  File "C:\Users\lives\AppData\Local\Programs\Python\Python313\Lib\site-packages\django\test\utils.py", line 114, in instrumented_test_render
    return self.nodelist.render(context)
           ~~~~~~~~~~~~~~~~~~~~^^^^^^^^^
  File "C:\Users\lives\AppData\Local\Programs\Python\Python313\Lib\site-packages\django\template\base.py", line 1016, in render
    return SafeString("".join([node.render_annotated(context) for node in self]))
                               ~~~~~~~~~~~~~~~~~~~~~^^^^^^^^^
  File "C:\Users\lives\AppData\Local\Programs\Python\Python313\Lib\site-packages\django\template\base.py", line 977, in render_annotated
    return self.render(context)
           ~~~~~~~~~~~^^^^^^^^^
  File "C:\Users\lives\AppData\Local\Programs\Python\Python313\Lib\site-packages\django\template\loader_tags.py", line 65, in render
    result = block.nodelist.render(context)
  File "C:\Users\lives\AppData\Local\Programs\Python\Python313\Lib\site-packages\django\template\base.py", line 1016, in render
    return SafeString("".join([node.render_annotated(context) for node in self]))
                               ~~~~~~~~~~~~~~~~~~~~~^^^^^^^^^
  File "C:\Users\lives\AppData\Local\Programs\Python\Python313\Lib\site-packages\django\template\base.py", line 977, in render_annotated
    return self.render(context)
           ~~~~~~~~~~~^^^^^^^^^
  File "C:\Users\lives\AppData\Local\Programs\Python\Python313\Lib\site-packages\django\template\defaulttags.py", line 480, in render
    url = reverse(view_name, args=args, kwargs=kwargs, current_app=current_app)
  File "C:\Users\lives\AppData\Local\Programs\Python\Python313\Lib\site-packages\django\urls\base.py", line 98, in reverse
    resolved_url = resolver._reverse_with_prefix(view, prefix, *args, **kwargs)
  File "C:\Users\lives\AppData\Local\Programs\Python\Python313\Lib\site-packages\django\urls\resolvers.py", line 831, in _reverse_with_prefix
    raise NoReverseMatch(msg)
django.urls.exceptions.NoReverseMatch: Reverse for 'password_reset' not found. 'password_reset' is not a valid view function or pattern name.
EWARNING 2025-11-24 15:50:36,262 django.security.csrf Forbidden (CSRF cookie not set.): /login/
.WARNING 2025-11-24 15:50:36,941 django.security.csrf Forbidden (CSRF cookie not set.): /register/
.ERROR 2025-11-24 15:50:37,655 django.request Internal Server Error: /login/
Traceback (most recent call last):
  File "C:\Users\lives\AppData\Local\Programs\Python\Python313\Lib\site-packages\django\core\handlers\exception.py", line 55, in inner
    response = get_response(request)
  File "C:\Users\lives\AppData\Local\Programs\Python\Python313\Lib\site-packages\django\core\handlers\base.py", line 197, in _get_response
    response = wrapped_callback(request, *callback_args, **callback_kwargs)
  File "C:\Github\UniRV-Django\editais\views.py", line 201, in login_view
    return render(request, 'registration/login.html', {'form': form})
  File "C:\Users\lives\AppData\Local\Programs\Python\Python313\Lib\site-packages\django\shortcuts.py", line 25, in render
    content = loader.render_to_string(template_name, context, request, using=using)
  File "C:\Users\lives\AppData\Local\Programs\Python\Python313\Lib\site-packages\django\template\loader.py", line 62, in render_to_string
    return template.render(context, request)
           ~~~~~~~~~~~~~~~^^^^^^^^^^^^^^^^^^
  File "C:\Users\lives\AppData\Local\Programs\Python\Python313\Lib\site-packages\django\template\backends\django.py", line 107, in render
    return self.template.render(context)
           ~~~~~~~~~~~~~~~~~~~~^^^^^^^^^
  File "C:\Users\lives\AppData\Local\Programs\Python\Python313\Lib\site-packages\django\template\base.py", line 171, in render
    return self._render(context)
           ~~~~~~~~~~~~^^^^^^^^^
  File "C:\Users\lives\AppData\Local\Programs\Python\Python313\Lib\site-packages\django\test\utils.py", line 114, in instrumented_test_render
    return self.nodelist.render(context)
           ~~~~~~~~~~~~~~~~~~~~^^^^^^^^^
  File "C:\Users\lives\AppData\Local\Programs\Python\Python313\Lib\site-packages\django\template\base.py", line 1016, in render
    return SafeString("".join([node.render_annotated(context) for node in self]))
                               ~~~~~~~~~~~~~~~~~~~~~^^^^^^^^^
  File "C:\Users\lives\AppData\Local\Programs\Python\Python313\Lib\site-packages\django\template\base.py", line 977, in render_annotated
    return self.render(context)
           ~~~~~~~~~~~^^^^^^^^^
  File "C:\Users\lives\AppData\Local\Programs\Python\Python313\Lib\site-packages\django\template\loader_tags.py", line 159, in render
    return compiled_parent._render(context)
           ~~~~~~~~~~~~~~~~~~~~~~~^^^^^^^^^
  File "C:\Users\lives\AppData\Local\Programs\Python\Python313\Lib\site-packages\django\test\utils.py", line 114, in instrumented_test_render
    return self.nodelist.render(context)
           ~~~~~~~~~~~~~~~~~~~~^^^^^^^^^
  File "C:\Users\lives\AppData\Local\Programs\Python\Python313\Lib\site-packages\django\template\base.py", line 1016, in render
    return SafeString("".join([node.render_annotated(context) for node in self]))
                               ~~~~~~~~~~~~~~~~~~~~~^^^^^^^^^
  File "C:\Users\lives\AppData\Local\Programs\Python\Python313\Lib\site-packages\django\template\base.py", line 977, in render_annotated
    return self.render(context)
           ~~~~~~~~~~~^^^^^^^^^
  File "C:\Users\lives\AppData\Local\Programs\Python\Python313\Lib\site-packages\django\template\loader_tags.py", line 65, in render
    result = block.nodelist.render(context)
  File "C:\Users\lives\AppData\Local\Programs\Python\Python313\Lib\site-packages\django\template\base.py", line 1016, in render
    return SafeString("".join([node.render_annotated(context) for node in self]))
                               ~~~~~~~~~~~~~~~~~~~~~^^^^^^^^^
  File "C:\Users\lives\AppData\Local\Programs\Python\Python313\Lib\site-packages\django\template\base.py", line 977, in render_annotated
    return self.render(context)
           ~~~~~~~~~~~^^^^^^^^^
  File "C:\Users\lives\AppData\Local\Programs\Python\Python313\Lib\site-packages\django\template\defaulttags.py", line 480, in render
    url = reverse(view_name, args=args, kwargs=kwargs, current_app=current_app)
  File "C:\Users\lives\AppData\Local\Programs\Python\Python313\Lib\site-packages\django\urls\base.py", line 98, in reverse
    resolved_url = resolver._reverse_with_prefix(view, prefix, *args, **kwargs)
  File "C:\Users\lives\AppData\Local\Programs\Python\Python313\Lib\site-packages\django\urls\resolvers.py", line 831, in _reverse_with_prefix
    raise NoReverseMatch(msg)
django.urls.exceptions.NoReverseMatch: Reverse for 'password_reset' not found. 'password_reset' is not a valid view function or pattern name.
E...F.DEBUG 2025-11-24 15:50:45,860 django.db.backends (0.000) SELECT "django_session"."session_key", "django_session"."session_data", "django_session"."expire_date" FROM "django_session" WHERE ("django_session"."expire_date" > '2025-11-24 18:50:45.859464' AND "django_session"."session_key" = 'v3gxonzh6diisdlqrbgwuq205dp75eok') LIMIT 21; args=('2025-11-24 18:50:45.859464', 'v3gxonzh6diisdlqrbgwuq205dp75eok'); alias=default
DEBUG 2025-11-24 15:50:45,860 django.db.backends (0.000) SELECT "auth_user"."id", "auth_user"."password", "auth_user"."last_login", "auth_user"."is_superuser", "auth_user"."username", "auth_user"."first_name", "auth_user"."last_name", "auth_user"."email", "auth_user"."is_staff", "auth_user"."is_active", "auth_user"."date_joined" FROM "auth_user" WHERE "auth_user"."id" = 1 LIMIT 21; args=(1,); alias=default
DEBUG 2025-11-24 15:50:45,864 django.db.backends (0.000) SELECT "editais_edital"."entidade_principal" AS "entidade_principal", COUNT("editais_edital"."id") AS "count" FROM "editais_edital" WHERE (NOT ("editais_edital"."entidade_principal" IS NULL) AND NOT ("editais_edital"."entidade_principal" = '' AND "editais_edital"."entidade_principal" IS NOT NULL)) GROUP BY 1 ORDER BY 2 DESC LIMIT 10; args=('',); alias=default
DEBUG 2025-11-24 15:50:45,864 django.db.backends (0.000) SAVEPOINT "s13812_x487"; args=None; alias=default
DEBUG 2025-11-24 15:50:45,865 django.db.backends (0.000) UPDATE "django_session" SET "session_data" = '.eJxVjEEOwiAQRe_C2pAC7Qgu3fcMzQwzSNVAUtqV8e7apAvd_vfef6kJtzVPW5NlmlldlFGn340wPqTsgO9YblXHWtZlJr0r-qBNj5XleT3cv4OMLX9r10cEH9gJ0ABoCVyyPZjO9izBd4CGfQDsLPtzAp8kOhA0RAMJJ1bvD9kxOGg:1vNbe9:4Gyqdky_8cUeXDaz1bkoxGhjGQ4d9nVz4uKJk0NTcAs', "expire_date" = '2025-11-24 19:50:45.864840' WHERE "django_session"."session_key" = 'v3gxonzh6diisdlqrbgwuq205dp75eok'; args=('.eJxVjEEOwiAQRe_C2pAC7Qgu3fcMzQwzSNVAUtqV8e7apAvd_vfef6kJtzVPW5NlmlldlFGn340wPqTsgO9YblXHWtZlJr0r-qBNj5XleT3cv4OMLX9r10cEH9gJ0ABoCVyyPZjO9izBd4CGfQDsLPtzAp8kOhA0RAMJJ1bvD9kxOGg:1vNbe9:4Gyqdky_8cUeXDaz1bkoxGhjGQ4d9nVz4uKJk0NTcAs', '2025-11-24 19:50:45.864840', 'v3gxonzh6diisdlqrbgwuq205dp75eok'); alias=default
DEBUG 2025-11-24 15:50:45,865 django.db.backends (0.000) RELEASE SAVEPOINT "s13812_x487"; args=None; alias=default
F.WARNING 2025-11-24 15:50:49,828 django.request Forbidden: /dashboard/
....
======================================================================
ERROR: editais.tests.test_legacy (unittest.loader._FailedTest.editais.tests.test_legacy)
----------------------------------------------------------------------
ImportError: Failed to import test module: editais.tests.test_legacy
Traceback (most recent call last):
  File "C:\Users\lives\AppData\Local\Programs\Python\Python313\Lib\unittest\loader.py", line 396, in _find_test_path
    module = self._get_module_from_name(name)
  File "C:\Users\lives\AppData\Local\Programs\Python\Python313\Lib\unittest\loader.py", line 339, in _get_module_from_name
    __import__(name)
    ~~~~~~~~~~^^^^^^
  File "C:\Github\UniRV-Django\editais\tests\test_legacy.py", line 9, in <module>
    from .models import Edital
ModuleNotFoundError: No module named 'editais.tests.models'


======================================================================
ERROR: test_dashboard_avaliacoes_requires_login (editais.tests.test_dashboard_views.DashboardAvaliacoesViewTest.test_dashboard_avaliacoes_requires_login)
Test that dashboard avaliaτ⌡es requires authentication
----------------------------------------------------------------------
Traceback (most recent call last):
  File "C:\Github\UniRV-Django\editais\tests\test_dashboard_views.py", line 139, in test_dashboard_avaliacoes_requires_login
    self.assertRedirects(response, f"{reverse('login')}?next={reverse('dashboard_avaliacoes')}")
    ~~~~~~~~~~~~~~~~~~~~^^^^^^^^^^^^^^^^^^^^^^^^^^^^^^^^^^^^^^^^^^^^^^^^^^^^^^^^^^^^^^^^^^^^^^^^
  File "C:\Users\lives\AppData\Local\Programs\Python\Python313\Lib\site-packages\django\test\testcases.py", line 519, in assertRedirects
    redirect_response = response.client.get(
        path,
    ...<3 lines>...
        **extra,
    )
  File "C:\Users\lives\AppData\Local\Programs\Python\Python313\Lib\site-packages\django\test\client.py", line 1124, in get
    response = super().get(
        path,
    ...<4 lines>...
        **extra,
    )
  File "C:\Users\lives\AppData\Local\Programs\Python\Python313\Lib\site-packages\django\test\client.py", line 475, in get
    return self.generic(
           ~~~~~~~~~~~~^
        "GET",
        ^^^^^^
    ...<4 lines>...
        **extra,
        ^^^^^^^^
    )
    ^
  File "C:\Users\lives\AppData\Local\Programs\Python\Python313\Lib\site-packages\django\test\client.py", line 671, in generic
    return self.request(**r)
           ~~~~~~~~~~~~^^^^^
  File "C:\Users\lives\AppData\Local\Programs\Python\Python313\Lib\site-packages\django\test\client.py", line 1087, in request
    self.check_exception(response)
    ~~~~~~~~~~~~~~~~~~~~^^^^^^^^^^
  File "C:\Users\lives\AppData\Local\Programs\Python\Python313\Lib\site-packages\django\test\client.py", line 802, in check_exception
    raise exc_value
  File "C:\Users\lives\AppData\Local\Programs\Python\Python313\Lib\site-packages\django\core\handlers\exception.py", line 55, in inner
    response = get_response(request)
  File "C:\Users\lives\AppData\Local\Programs\Python\Python313\Lib\site-packages\django\core\handlers\base.py", line 197, in _get_response
    response = wrapped_callback(request, *callback_args, **callback_kwargs)
  File "C:\Github\UniRV-Django\editais\views.py", line 201, in login_view
    return render(request, 'registration/login.html', {'form': form})
  File "C:\Users\lives\AppData\Local\Programs\Python\Python313\Lib\site-packages\django\shortcuts.py", line 25, in render
    content = loader.render_to_string(template_name, context, request, using=using)
  File "C:\Users\lives\AppData\Local\Programs\Python\Python313\Lib\site-packages\django\template\loader.py", line 62, in render_to_string
    return template.render(context, request)
           ~~~~~~~~~~~~~~~^^^^^^^^^^^^^^^^^^
  File "C:\Users\lives\AppData\Local\Programs\Python\Python313\Lib\site-packages\django\template\backends\django.py", line 107, in render
    return self.template.render(context)
           ~~~~~~~~~~~~~~~~~~~~^^^^^^^^^
  File "C:\Users\lives\AppData\Local\Programs\Python\Python313\Lib\site-packages\django\template\base.py", line 171, in render
    return self._render(context)
           ~~~~~~~~~~~~^^^^^^^^^
  File "C:\Users\lives\AppData\Local\Programs\Python\Python313\Lib\site-packages\django\test\utils.py", line 114, in instrumented_test_render
    return self.nodelist.render(context)
           ~~~~~~~~~~~~~~~~~~~~^^^^^^^^^
  File "C:\Users\lives\AppData\Local\Programs\Python\Python313\Lib\site-packages\django\template\base.py", line 1016, in render
    return SafeString("".join([node.render_annotated(context) for node in self]))
                               ~~~~~~~~~~~~~~~~~~~~~^^^^^^^^^
  File "C:\Users\lives\AppData\Local\Programs\Python\Python313\Lib\site-packages\django\template\base.py", line 977, in render_annotated
    return self.render(context)
           ~~~~~~~~~~~^^^^^^^^^
  File "C:\Users\lives\AppData\Local\Programs\Python\Python313\Lib\site-packages\django\template\loader_tags.py", line 159, in render
    return compiled_parent._render(context)
           ~~~~~~~~~~~~~~~~~~~~~~~^^^^^^^^^
  File "C:\Users\lives\AppData\Local\Programs\Python\Python313\Lib\site-packages\django\test\utils.py", line 114, in instrumented_test_render
    return self.nodelist.render(context)
           ~~~~~~~~~~~~~~~~~~~~^^^^^^^^^
  File "C:\Users\lives\AppData\Local\Programs\Python\Python313\Lib\site-packages\django\template\base.py", line 1016, in render
    return SafeString("".join([node.render_annotated(context) for node in self]))
                               ~~~~~~~~~~~~~~~~~~~~~^^^^^^^^^
  File "C:\Users\lives\AppData\Local\Programs\Python\Python313\Lib\site-packages\django\template\base.py", line 977, in render_annotated
    return self.render(context)
           ~~~~~~~~~~~^^^^^^^^^
  File "C:\Users\lives\AppData\Local\Programs\Python\Python313\Lib\site-packages\django\template\loader_tags.py", line 65, in render
    result = block.nodelist.render(context)
  File "C:\Users\lives\AppData\Local\Programs\Python\Python313\Lib\site-packages\django\template\base.py", line 1016, in render
    return SafeString("".join([node.render_annotated(context) for node in self]))
                               ~~~~~~~~~~~~~~~~~~~~~^^^^^^^^^
  File "C:\Users\lives\AppData\Local\Programs\Python\Python313\Lib\site-packages\django\template\base.py", line 977, in render_annotated
    return self.render(context)
           ~~~~~~~~~~~^^^^^^^^^
  File "C:\Users\lives\AppData\Local\Programs\Python\Python313\Lib\site-packages\django\template\defaulttags.py", line 480, in render
    url = reverse(view_name, args=args, kwargs=kwargs, current_app=current_app)
  File "C:\Users\lives\AppData\Local\Programs\Python\Python313\Lib\site-packages\django\urls\base.py", line 98, in reverse
    resolved_url = resolver._reverse_with_prefix(view, prefix, *args, **kwargs)
  File "C:\Users\lives\AppData\Local\Programs\Python\Python313\Lib\site-packages\django\urls\resolvers.py", line 831, in _reverse_with_prefix
    raise NoReverseMatch(msg)
django.urls.exceptions.NoReverseMatch: Reverse for 'password_reset' not found. 'password_reset' is not a valid view function or pattern name.

======================================================================
ERROR: test_dashboard_editais_requires_login (editais.tests.test_dashboard_views.DashboardEditaisViewTest.test_dashboard_editais_requires_login)
Test that dashboard editais requires authentication
----------------------------------------------------------------------
Traceback (most recent call last):
  File "C:\Github\UniRV-Django\editais\tests\test_dashboard_views.py", line 62, in test_dashboard_editais_requires_login
    self.assertRedirects(response, f"{reverse('login')}?next={reverse('dashboard_editais')}")
    ~~~~~~~~~~~~~~~~~~~~^^^^^^^^^^^^^^^^^^^^^^^^^^^^^^^^^^^^^^^^^^^^^^^^^^^^^^^^^^^^^^^^^^^^^
  File "C:\Users\lives\AppData\Local\Programs\Python\Python313\Lib\site-packages\django\test\testcases.py", line 519, in assertRedirects
    redirect_response = response.client.get(
        path,
    ...<3 lines>...
        **extra,
    )
  File "C:\Users\lives\AppData\Local\Programs\Python\Python313\Lib\site-packages\django\test\client.py", line 1124, in get
    response = super().get(
        path,
    ...<4 lines>...
        **extra,
    )
  File "C:\Users\lives\AppData\Local\Programs\Python\Python313\Lib\site-packages\django\test\client.py", line 475, in get
    return self.generic(
           ~~~~~~~~~~~~^
        "GET",
        ^^^^^^
    ...<4 lines>...
        **extra,
        ^^^^^^^^
    )
    ^
  File "C:\Users\lives\AppData\Local\Programs\Python\Python313\Lib\site-packages\django\test\client.py", line 671, in generic
    return self.request(**r)
           ~~~~~~~~~~~~^^^^^
  File "C:\Users\lives\AppData\Local\Programs\Python\Python313\Lib\site-packages\django\test\client.py", line 1087, in request
    self.check_exception(response)
    ~~~~~~~~~~~~~~~~~~~~^^^^^^^^^^
  File "C:\Users\lives\AppData\Local\Programs\Python\Python313\Lib\site-packages\django\test\client.py", line 802, in check_exception
    raise exc_value
  File "C:\Users\lives\AppData\Local\Programs\Python\Python313\Lib\site-packages\django\core\handlers\exception.py", line 55, in inner
    response = get_response(request)
  File "C:\Users\lives\AppData\Local\Programs\Python\Python313\Lib\site-packages\django\core\handlers\base.py", line 197, in _get_response
    response = wrapped_callback(request, *callback_args, **callback_kwargs)
  File "C:\Github\UniRV-Django\editais\views.py", line 201, in login_view
    return render(request, 'registration/login.html', {'form': form})
  File "C:\Users\lives\AppData\Local\Programs\Python\Python313\Lib\site-packages\django\shortcuts.py", line 25, in render
    content = loader.render_to_string(template_name, context, request, using=using)
  File "C:\Users\lives\AppData\Local\Programs\Python\Python313\Lib\site-packages\django\template\loader.py", line 62, in render_to_string
    return template.render(context, request)
           ~~~~~~~~~~~~~~~^^^^^^^^^^^^^^^^^^
  File "C:\Users\lives\AppData\Local\Programs\Python\Python313\Lib\site-packages\django\template\backends\django.py", line 107, in render
    return self.template.render(context)
           ~~~~~~~~~~~~~~~~~~~~^^^^^^^^^
  File "C:\Users\lives\AppData\Local\Programs\Python\Python313\Lib\site-packages\django\template\base.py", line 171, in render
    return self._render(context)
           ~~~~~~~~~~~~^^^^^^^^^
  File "C:\Users\lives\AppData\Local\Programs\Python\Python313\Lib\site-packages\django\test\utils.py", line 114, in instrumented_test_render
    return self.nodelist.render(context)
           ~~~~~~~~~~~~~~~~~~~~^^^^^^^^^
  File "C:\Users\lives\AppData\Local\Programs\Python\Python313\Lib\site-packages\django\template\base.py", line 1016, in render
    return SafeString("".join([node.render_annotated(context) for node in self]))
                               ~~~~~~~~~~~~~~~~~~~~~^^^^^^^^^
  File "C:\Users\lives\AppData\Local\Programs\Python\Python313\Lib\site-packages\django\template\base.py", line 977, in render_annotated
    return self.render(context)
           ~~~~~~~~~~~^^^^^^^^^
  File "C:\Users\lives\AppData\Local\Programs\Python\Python313\Lib\site-packages\django\template\loader_tags.py", line 159, in render
    return compiled_parent._render(context)
           ~~~~~~~~~~~~~~~~~~~~~~~^^^^^^^^^
  File "C:\Users\lives\AppData\Local\Programs\Python\Python313\Lib\site-packages\django\test\utils.py", line 114, in instrumented_test_render
    return self.nodelist.render(context)
           ~~~~~~~~~~~~~~~~~~~~^^^^^^^^^
  File "C:\Users\lives\AppData\Local\Programs\Python\Python313\Lib\site-packages\django\template\base.py", line 1016, in render
    return SafeString("".join([node.render_annotated(context) for node in self]))
                               ~~~~~~~~~~~~~~~~~~~~~^^^^^^^^^
  File "C:\Users\lives\AppData\Local\Programs\Python\Python313\Lib\site-packages\django\template\base.py", line 977, in render_annotated
    return self.render(context)
           ~~~~~~~~~~~^^^^^^^^^
  File "C:\Users\lives\AppData\Local\Programs\Python\Python313\Lib\site-packages\django\template\loader_tags.py", line 65, in render
    result = block.nodelist.render(context)
  File "C:\Users\lives\AppData\Local\Programs\Python\Python313\Lib\site-packages\django\template\base.py", line 1016, in render
    return SafeString("".join([node.render_annotated(context) for node in self]))
                               ~~~~~~~~~~~~~~~~~~~~~^^^^^^^^^
  File "C:\Users\lives\AppData\Local\Programs\Python\Python313\Lib\site-packages\django\template\base.py", line 977, in render_annotated
    return self.render(context)
           ~~~~~~~~~~~^^^^^^^^^
  File "C:\Users\lives\AppData\Local\Programs\Python\Python313\Lib\site-packages\django\template\defaulttags.py", line 480, in render
    url = reverse(view_name, args=args, kwargs=kwargs, current_app=current_app)
  File "C:\Users\lives\AppData\Local\Programs\Python\Python313\Lib\site-packages\django\urls\base.py", line 98, in reverse
    resolved_url = resolver._reverse_with_prefix(view, prefix, *args, **kwargs)
  File "C:\Users\lives\AppData\Local\Programs\Python\Python313\Lib\site-packages\django\urls\resolvers.py", line 831, in _reverse_with_prefix
    raise NoReverseMatch(msg)
django.urls.exceptions.NoReverseMatch: Reverse for 'password_reset' not found. 'password_reset' is not a valid view function or pattern name.

======================================================================
ERROR: test_dashboard_home_requires_login (editais.tests.test_dashboard_views.DashboardHomeViewTest.test_dashboard_home_requires_login)
Test that dashboard home requires authentication
----------------------------------------------------------------------
Traceback (most recent call last):
  File "C:\Github\UniRV-Django\editais\tests\test_dashboard_views.py", line 27, in test_dashboard_home_requires_login
    self.assertRedirects(response, f"{reverse('login')}?next={reverse('dashboard_home')}")
    ~~~~~~~~~~~~~~~~~~~~^^^^^^^^^^^^^^^^^^^^^^^^^^^^^^^^^^^^^^^^^^^^^^^^^^^^^^^^^^^^^^^^^^
  File "C:\Users\lives\AppData\Local\Programs\Python\Python313\Lib\site-packages\django\test\testcases.py", line 519, in assertRedirects
    redirect_response = response.client.get(
        path,
    ...<3 lines>...
        **extra,
    )
  File "C:\Users\lives\AppData\Local\Programs\Python\Python313\Lib\site-packages\django\test\client.py", line 1124, in get
    response = super().get(
        path,
    ...<4 lines>...
        **extra,
    )
  File "C:\Users\lives\AppData\Local\Programs\Python\Python313\Lib\site-packages\django\test\client.py", line 475, in get
    return self.generic(
           ~~~~~~~~~~~~^
        "GET",
        ^^^^^^
    ...<4 lines>...
        **extra,
        ^^^^^^^^
    )
    ^
  File "C:\Users\lives\AppData\Local\Programs\Python\Python313\Lib\site-packages\django\test\client.py", line 671, in generic
    return self.request(**r)
           ~~~~~~~~~~~~^^^^^
  File "C:\Users\lives\AppData\Local\Programs\Python\Python313\Lib\site-packages\django\test\client.py", line 1087, in request
    self.check_exception(response)
    ~~~~~~~~~~~~~~~~~~~~^^^^^^^^^^
  File "C:\Users\lives\AppData\Local\Programs\Python\Python313\Lib\site-packages\django\test\client.py", line 802, in check_exception
    raise exc_value
  File "C:\Users\lives\AppData\Local\Programs\Python\Python313\Lib\site-packages\django\core\handlers\exception.py", line 55, in inner
    response = get_response(request)
  File "C:\Users\lives\AppData\Local\Programs\Python\Python313\Lib\site-packages\django\core\handlers\base.py", line 197, in _get_response
    response = wrapped_callback(request, *callback_args, **callback_kwargs)
  File "C:\Github\UniRV-Django\editais\views.py", line 201, in login_view
    return render(request, 'registration/login.html', {'form': form})
  File "C:\Users\lives\AppData\Local\Programs\Python\Python313\Lib\site-packages\django\shortcuts.py", line 25, in render
    content = loader.render_to_string(template_name, context, request, using=using)
  File "C:\Users\lives\AppData\Local\Programs\Python\Python313\Lib\site-packages\django\template\loader.py", line 62, in render_to_string
    return template.render(context, request)
           ~~~~~~~~~~~~~~~^^^^^^^^^^^^^^^^^^
  File "C:\Users\lives\AppData\Local\Programs\Python\Python313\Lib\site-packages\django\template\backends\django.py", line 107, in render
    return self.template.render(context)
           ~~~~~~~~~~~~~~~~~~~~^^^^^^^^^
  File "C:\Users\lives\AppData\Local\Programs\Python\Python313\Lib\site-packages\django\template\base.py", line 171, in render
    return self._render(context)
           ~~~~~~~~~~~~^^^^^^^^^
  File "C:\Users\lives\AppData\Local\Programs\Python\Python313\Lib\site-packages\django\test\utils.py", line 114, in instrumented_test_render
    return self.nodelist.render(context)
           ~~~~~~~~~~~~~~~~~~~~^^^^^^^^^
  File "C:\Users\lives\AppData\Local\Programs\Python\Python313\Lib\site-packages\django\template\base.py", line 1016, in render
    return SafeString("".join([node.render_annotated(context) for node in self]))
                               ~~~~~~~~~~~~~~~~~~~~~^^^^^^^^^
  File "C:\Users\lives\AppData\Local\Programs\Python\Python313\Lib\site-packages\django\template\base.py", line 977, in render_annotated
    return self.render(context)
           ~~~~~~~~~~~^^^^^^^^^
  File "C:\Users\lives\AppData\Local\Programs\Python\Python313\Lib\site-packages\django\template\loader_tags.py", line 159, in render
    return compiled_parent._render(context)
           ~~~~~~~~~~~~~~~~~~~~~~~^^^^^^^^^
  File "C:\Users\lives\AppData\Local\Programs\Python\Python313\Lib\site-packages\django\test\utils.py", line 114, in instrumented_test_render
    return self.nodelist.render(context)
           ~~~~~~~~~~~~~~~~~~~~^^^^^^^^^
  File "C:\Users\lives\AppData\Local\Programs\Python\Python313\Lib\site-packages\django\template\base.py", line 1016, in render
    return SafeString("".join([node.render_annotated(context) for node in self]))
                               ~~~~~~~~~~~~~~~~~~~~~^^^^^^^^^
  File "C:\Users\lives\AppData\Local\Programs\Python\Python313\Lib\site-packages\django\template\base.py", line 977, in render_annotated
    return self.render(context)
           ~~~~~~~~~~~^^^^^^^^^
  File "C:\Users\lives\AppData\Local\Programs\Python\Python313\Lib\site-packages\django\template\loader_tags.py", line 65, in render
    result = block.nodelist.render(context)
  File "C:\Users\lives\AppData\Local\Programs\Python\Python313\Lib\site-packages\django\template\base.py", line 1016, in render
    return SafeString("".join([node.render_annotated(context) for node in self]))
                               ~~~~~~~~~~~~~~~~~~~~~^^^^^^^^^
  File "C:\Users\lives\AppData\Local\Programs\Python\Python313\Lib\site-packages\django\template\base.py", line 977, in render_annotated
    return self.render(context)
           ~~~~~~~~~~~^^^^^^^^^
  File "C:\Users\lives\AppData\Local\Programs\Python\Python313\Lib\site-packages\django\template\defaulttags.py", line 480, in render
    url = reverse(view_name, args=args, kwargs=kwargs, current_app=current_app)
  File "C:\Users\lives\AppData\Local\Programs\Python\Python313\Lib\site-packages\django\urls\base.py", line 98, in reverse
    resolved_url = resolver._reverse_with_prefix(view, prefix, *args, **kwargs)
  File "C:\Users\lives\AppData\Local\Programs\Python\Python313\Lib\site-packages\django\urls\resolvers.py", line 831, in _reverse_with_prefix
    raise NoReverseMatch(msg)
django.urls.exceptions.NoReverseMatch: Reverse for 'password_reset' not found. 'password_reset' is not a valid view function or pattern name.

======================================================================
ERROR: test_dashboard_novo_edital_requires_login (editais.tests.test_dashboard_views.DashboardNovoEditalViewTest.test_dashboard_novo_edital_requires_login)
Test that dashboard novo edital requires authentication
----------------------------------------------------------------------
Traceback (most recent call last):
  File "C:\Github\UniRV-Django\editais\tests\test_dashboard_views.py", line 250, in test_dashboard_novo_edital_requires_login
    self.assertRedirects(response, f"{reverse('login')}?next={reverse('dashboard_novo_edital')}")
    ~~~~~~~~~~~~~~~~~~~~^^^^^^^^^^^^^^^^^^^^^^^^^^^^^^^^^^^^^^^^^^^^^^^^^^^^^^^^^^^^^^^^^^^^^^^^^
  File "C:\Users\lives\AppData\Local\Programs\Python\Python313\Lib\site-packages\django\test\testcases.py", line 519, in assertRedirects
    redirect_response = response.client.get(
        path,
    ...<3 lines>...
        **extra,
    )
  File "C:\Users\lives\AppData\Local\Programs\Python\Python313\Lib\site-packages\django\test\client.py", line 1124, in get
    response = super().get(
        path,
    ...<4 lines>...
        **extra,
    )
  File "C:\Users\lives\AppData\Local\Programs\Python\Python313\Lib\site-packages\django\test\client.py", line 475, in get
    return self.generic(
           ~~~~~~~~~~~~^
        "GET",
        ^^^^^^
    ...<4 lines>...
        **extra,
        ^^^^^^^^
    )
    ^
  File "C:\Users\lives\AppData\Local\Programs\Python\Python313\Lib\site-packages\django\test\client.py", line 671, in generic
    return self.request(**r)
           ~~~~~~~~~~~~^^^^^
  File "C:\Users\lives\AppData\Local\Programs\Python\Python313\Lib\site-packages\django\test\client.py", line 1087, in request
    self.check_exception(response)
    ~~~~~~~~~~~~~~~~~~~~^^^^^^^^^^
  File "C:\Users\lives\AppData\Local\Programs\Python\Python313\Lib\site-packages\django\test\client.py", line 802, in check_exception
    raise exc_value
  File "C:\Users\lives\AppData\Local\Programs\Python\Python313\Lib\site-packages\django\core\handlers\exception.py", line 55, in inner
    response = get_response(request)
  File "C:\Users\lives\AppData\Local\Programs\Python\Python313\Lib\site-packages\django\core\handlers\base.py", line 197, in _get_response
    response = wrapped_callback(request, *callback_args, **callback_kwargs)
  File "C:\Github\UniRV-Django\editais\views.py", line 201, in login_view
    return render(request, 'registration/login.html', {'form': form})
  File "C:\Users\lives\AppData\Local\Programs\Python\Python313\Lib\site-packages\django\shortcuts.py", line 25, in render
    content = loader.render_to_string(template_name, context, request, using=using)
  File "C:\Users\lives\AppData\Local\Programs\Python\Python313\Lib\site-packages\django\template\loader.py", line 62, in render_to_string
    return template.render(context, request)
           ~~~~~~~~~~~~~~~^^^^^^^^^^^^^^^^^^
  File "C:\Users\lives\AppData\Local\Programs\Python\Python313\Lib\site-packages\django\template\backends\django.py", line 107, in render
    return self.template.render(context)
           ~~~~~~~~~~~~~~~~~~~~^^^^^^^^^
  File "C:\Users\lives\AppData\Local\Programs\Python\Python313\Lib\site-packages\django\template\base.py", line 171, in render
    return self._render(context)
           ~~~~~~~~~~~~^^^^^^^^^
  File "C:\Users\lives\AppData\Local\Programs\Python\Python313\Lib\site-packages\django\test\utils.py", line 114, in instrumented_test_render
    return self.nodelist.render(context)
           ~~~~~~~~~~~~~~~~~~~~^^^^^^^^^
  File "C:\Users\lives\AppData\Local\Programs\Python\Python313\Lib\site-packages\django\template\base.py", line 1016, in render
    return SafeString("".join([node.render_annotated(context) for node in self]))
                               ~~~~~~~~~~~~~~~~~~~~~^^^^^^^^^
  File "C:\Users\lives\AppData\Local\Programs\Python\Python313\Lib\site-packages\django\template\base.py", line 977, in render_annotated
    return self.render(context)
           ~~~~~~~~~~~^^^^^^^^^
  File "C:\Users\lives\AppData\Local\Programs\Python\Python313\Lib\site-packages\django\template\loader_tags.py", line 159, in render
    return compiled_parent._render(context)
           ~~~~~~~~~~~~~~~~~~~~~~~^^^^^^^^^
  File "C:\Users\lives\AppData\Local\Programs\Python\Python313\Lib\site-packages\django\test\utils.py", line 114, in instrumented_test_render
    return self.nodelist.render(context)
           ~~~~~~~~~~~~~~~~~~~~^^^^^^^^^
  File "C:\Users\lives\AppData\Local\Programs\Python\Python313\Lib\site-packages\django\template\base.py", line 1016, in render
    return SafeString("".join([node.render_annotated(context) for node in self]))
                               ~~~~~~~~~~~~~~~~~~~~~^^^^^^^^^
  File "C:\Users\lives\AppData\Local\Programs\Python\Python313\Lib\site-packages\django\template\base.py", line 977, in render_annotated
    return self.render(context)
           ~~~~~~~~~~~^^^^^^^^^
  File "C:\Users\lives\AppData\Local\Programs\Python\Python313\Lib\site-packages\django\template\loader_tags.py", line 65, in render
    result = block.nodelist.render(context)
  File "C:\Users\lives\AppData\Local\Programs\Python\Python313\Lib\site-packages\django\template\base.py", line 1016, in render
    return SafeString("".join([node.render_annotated(context) for node in self]))
                               ~~~~~~~~~~~~~~~~~~~~~^^^^^^^^^
  File "C:\Users\lives\AppData\Local\Programs\Python\Python313\Lib\site-packages\django\template\base.py", line 977, in render_annotated
    return self.render(context)
           ~~~~~~~~~~~^^^^^^^^^
  File "C:\Users\lives\AppData\Local\Programs\Python\Python313\Lib\site-packages\django\template\defaulttags.py", line 480, in render
    url = reverse(view_name, args=args, kwargs=kwargs, current_app=current_app)
  File "C:\Users\lives\AppData\Local\Programs\Python\Python313\Lib\site-packages\django\urls\base.py", line 98, in reverse
    resolved_url = resolver._reverse_with_prefix(view, prefix, *args, **kwargs)
  File "C:\Users\lives\AppData\Local\Programs\Python\Python313\Lib\site-packages\django\urls\resolvers.py", line 831, in _reverse_with_prefix
    raise NoReverseMatch(msg)
django.urls.exceptions.NoReverseMatch: Reverse for 'password_reset' not found. 'password_reset' is not a valid view function or pattern name.

======================================================================
ERROR: test_dashboard_projetos_requires_login (editais.tests.test_dashboard_views.DashboardProjetosViewTest.test_dashboard_projetos_requires_login)
Test that dashboard projetos requires authentication
----------------------------------------------------------------------
Traceback (most recent call last):
  File "C:\Github\UniRV-Django\editais\tests\test_dashboard_views.py", line 116, in test_dashboard_projetos_requires_login
    self.assertRedirects(response, f"{reverse('login')}?next={reverse('dashboard_projetos')}")
    ~~~~~~~~~~~~~~~~~~~~^^^^^^^^^^^^^^^^^^^^^^^^^^^^^^^^^^^^^^^^^^^^^^^^^^^^^^^^^^^^^^^^^^^^^^
  File "C:\Users\lives\AppData\Local\Programs\Python\Python313\Lib\site-packages\django\test\testcases.py", line 519, in assertRedirects
    redirect_response = response.client.get(
        path,
    ...<3 lines>...
        **extra,
    )
  File "C:\Users\lives\AppData\Local\Programs\Python\Python313\Lib\site-packages\django\test\client.py", line 1124, in get
    response = super().get(
        path,
    ...<4 lines>...
        **extra,
    )
  File "C:\Users\lives\AppData\Local\Programs\Python\Python313\Lib\site-packages\django\test\client.py", line 475, in get
    return self.generic(
           ~~~~~~~~~~~~^
        "GET",
        ^^^^^^
    ...<4 lines>...
        **extra,
        ^^^^^^^^
    )
    ^
  File "C:\Users\lives\AppData\Local\Programs\Python\Python313\Lib\site-packages\django\test\client.py", line 671, in generic
    return self.request(**r)
           ~~~~~~~~~~~~^^^^^
  File "C:\Users\lives\AppData\Local\Programs\Python\Python313\Lib\site-packages\django\test\client.py", line 1087, in request
    self.check_exception(response)
    ~~~~~~~~~~~~~~~~~~~~^^^^^^^^^^
  File "C:\Users\lives\AppData\Local\Programs\Python\Python313\Lib\site-packages\django\test\client.py", line 802, in check_exception
    raise exc_value
  File "C:\Users\lives\AppData\Local\Programs\Python\Python313\Lib\site-packages\django\core\handlers\exception.py", line 55, in inner
    response = get_response(request)
  File "C:\Users\lives\AppData\Local\Programs\Python\Python313\Lib\site-packages\django\core\handlers\base.py", line 197, in _get_response
    response = wrapped_callback(request, *callback_args, **callback_kwargs)
  File "C:\Github\UniRV-Django\editais\views.py", line 201, in login_view
    return render(request, 'registration/login.html', {'form': form})
  File "C:\Users\lives\AppData\Local\Programs\Python\Python313\Lib\site-packages\django\shortcuts.py", line 25, in render
    content = loader.render_to_string(template_name, context, request, using=using)
  File "C:\Users\lives\AppData\Local\Programs\Python\Python313\Lib\site-packages\django\template\loader.py", line 62, in render_to_string
    return template.render(context, request)
           ~~~~~~~~~~~~~~~^^^^^^^^^^^^^^^^^^
  File "C:\Users\lives\AppData\Local\Programs\Python\Python313\Lib\site-packages\django\template\backends\django.py", line 107, in render
    return self.template.render(context)
           ~~~~~~~~~~~~~~~~~~~~^^^^^^^^^
  File "C:\Users\lives\AppData\Local\Programs\Python\Python313\Lib\site-packages\django\template\base.py", line 171, in render
    return self._render(context)
           ~~~~~~~~~~~~^^^^^^^^^
  File "C:\Users\lives\AppData\Local\Programs\Python\Python313\Lib\site-packages\django\test\utils.py", line 114, in instrumented_test_render
    return self.nodelist.render(context)
           ~~~~~~~~~~~~~~~~~~~~^^^^^^^^^
  File "C:\Users\lives\AppData\Local\Programs\Python\Python313\Lib\site-packages\django\template\base.py", line 1016, in render
    return SafeString("".join([node.render_annotated(context) for node in self]))
                               ~~~~~~~~~~~~~~~~~~~~~^^^^^^^^^
  File "C:\Users\lives\AppData\Local\Programs\Python\Python313\Lib\site-packages\django\template\base.py", line 977, in render_annotated
    return self.render(context)
           ~~~~~~~~~~~^^^^^^^^^
  File "C:\Users\lives\AppData\Local\Programs\Python\Python313\Lib\site-packages\django\template\loader_tags.py", line 159, in render
    return compiled_parent._render(context)
           ~~~~~~~~~~~~~~~~~~~~~~~^^^^^^^^^
  File "C:\Users\lives\AppData\Local\Programs\Python\Python313\Lib\site-packages\django\test\utils.py", line 114, in instrumented_test_render
    return self.nodelist.render(context)
           ~~~~~~~~~~~~~~~~~~~~^^^^^^^^^
  File "C:\Users\lives\AppData\Local\Programs\Python\Python313\Lib\site-packages\django\template\base.py", line 1016, in render
    return SafeString("".join([node.render_annotated(context) for node in self]))
                               ~~~~~~~~~~~~~~~~~~~~~^^^^^^^^^
  File "C:\Users\lives\AppData\Local\Programs\Python\Python313\Lib\site-packages\django\template\base.py", line 977, in render_annotated
    return self.render(context)
           ~~~~~~~~~~~^^^^^^^^^
  File "C:\Users\lives\AppData\Local\Programs\Python\Python313\Lib\site-packages\django\template\loader_tags.py", line 65, in render
    result = block.nodelist.render(context)
  File "C:\Users\lives\AppData\Local\Programs\Python\Python313\Lib\site-packages\django\template\base.py", line 1016, in render
    return SafeString("".join([node.render_annotated(context) for node in self]))
                               ~~~~~~~~~~~~~~~~~~~~~^^^^^^^^^
  File "C:\Users\lives\AppData\Local\Programs\Python\Python313\Lib\site-packages\django\template\base.py", line 977, in render_annotated
    return self.render(context)
           ~~~~~~~~~~~^^^^^^^^^
  File "C:\Users\lives\AppData\Local\Programs\Python\Python313\Lib\site-packages\django\template\defaulttags.py", line 480, in render
    url = reverse(view_name, args=args, kwargs=kwargs, current_app=current_app)
  File "C:\Users\lives\AppData\Local\Programs\Python\Python313\Lib\site-packages\django\urls\base.py", line 98, in reverse
    resolved_url = resolver._reverse_with_prefix(view, prefix, *args, **kwargs)
  File "C:\Users\lives\AppData\Local\Programs\Python\Python313\Lib\site-packages\django\urls\resolvers.py", line 831, in _reverse_with_prefix
    raise NoReverseMatch(msg)
django.urls.exceptions.NoReverseMatch: Reverse for 'password_reset' not found. 'password_reset' is not a valid view function or pattern name.

======================================================================
ERROR: test_dashboard_relatorios_requires_login (editais.tests.test_dashboard_views.DashboardRelatoriosViewTest.test_dashboard_relatorios_requires_login)
Test that dashboard relatorios requires authentication
----------------------------------------------------------------------
Traceback (most recent call last):
  File "C:\Github\UniRV-Django\editais\tests\test_dashboard_views.py", line 203, in test_dashboard_relatorios_requires_login
    self.assertRedirects(response, f"{reverse('login')}?next={reverse('dashboard_relatorios')}")
    ~~~~~~~~~~~~~~~~~~~~^^^^^^^^^^^^^^^^^^^^^^^^^^^^^^^^^^^^^^^^^^^^^^^^^^^^^^^^^^^^^^^^^^^^^^^^
  File "C:\Users\lives\AppData\Local\Programs\Python\Python313\Lib\site-packages\django\test\testcases.py", line 519, in assertRedirects
    redirect_response = response.client.get(
        path,
    ...<3 lines>...
        **extra,
    )
  File "C:\Users\lives\AppData\Local\Programs\Python\Python313\Lib\site-packages\django\test\client.py", line 1124, in get
    response = super().get(
        path,
    ...<4 lines>...
        **extra,
    )
  File "C:\Users\lives\AppData\Local\Programs\Python\Python313\Lib\site-packages\django\test\client.py", line 475, in get
    return self.generic(
           ~~~~~~~~~~~~^
        "GET",
        ^^^^^^
    ...<4 lines>...
        **extra,
        ^^^^^^^^
    )
    ^
  File "C:\Users\lives\AppData\Local\Programs\Python\Python313\Lib\site-packages\django\test\client.py", line 671, in generic
    return self.request(**r)
           ~~~~~~~~~~~~^^^^^
  File "C:\Users\lives\AppData\Local\Programs\Python\Python313\Lib\site-packages\django\test\client.py", line 1087, in request
    self.check_exception(response)
    ~~~~~~~~~~~~~~~~~~~~^^^^^^^^^^
  File "C:\Users\lives\AppData\Local\Programs\Python\Python313\Lib\site-packages\django\test\client.py", line 802, in check_exception
    raise exc_value
  File "C:\Users\lives\AppData\Local\Programs\Python\Python313\Lib\site-packages\django\core\handlers\exception.py", line 55, in inner
    response = get_response(request)
  File "C:\Users\lives\AppData\Local\Programs\Python\Python313\Lib\site-packages\django\core\handlers\base.py", line 197, in _get_response
    response = wrapped_callback(request, *callback_args, **callback_kwargs)
  File "C:\Github\UniRV-Django\editais\views.py", line 201, in login_view
    return render(request, 'registration/login.html', {'form': form})
  File "C:\Users\lives\AppData\Local\Programs\Python\Python313\Lib\site-packages\django\shortcuts.py", line 25, in render
    content = loader.render_to_string(template_name, context, request, using=using)
  File "C:\Users\lives\AppData\Local\Programs\Python\Python313\Lib\site-packages\django\template\loader.py", line 62, in render_to_string
    return template.render(context, request)
           ~~~~~~~~~~~~~~~^^^^^^^^^^^^^^^^^^
  File "C:\Users\lives\AppData\Local\Programs\Python\Python313\Lib\site-packages\django\template\backends\django.py", line 107, in render
    return self.template.render(context)
           ~~~~~~~~~~~~~~~~~~~~^^^^^^^^^
  File "C:\Users\lives\AppData\Local\Programs\Python\Python313\Lib\site-packages\django\template\base.py", line 171, in render
    return self._render(context)
           ~~~~~~~~~~~~^^^^^^^^^
  File "C:\Users\lives\AppData\Local\Programs\Python\Python313\Lib\site-packages\django\test\utils.py", line 114, in instrumented_test_render
    return self.nodelist.render(context)
           ~~~~~~~~~~~~~~~~~~~~^^^^^^^^^
  File "C:\Users\lives\AppData\Local\Programs\Python\Python313\Lib\site-packages\django\template\base.py", line 1016, in render
    return SafeString("".join([node.render_annotated(context) for node in self]))
                               ~~~~~~~~~~~~~~~~~~~~~^^^^^^^^^
  File "C:\Users\lives\AppData\Local\Programs\Python\Python313\Lib\site-packages\django\template\base.py", line 977, in render_annotated
    return self.render(context)
           ~~~~~~~~~~~^^^^^^^^^
  File "C:\Users\lives\AppData\Local\Programs\Python\Python313\Lib\site-packages\django\template\loader_tags.py", line 159, in render
    return compiled_parent._render(context)
           ~~~~~~~~~~~~~~~~~~~~~~~^^^^^^^^^
  File "C:\Users\lives\AppData\Local\Programs\Python\Python313\Lib\site-packages\django\test\utils.py", line 114, in instrumented_test_render
    return self.nodelist.render(context)
           ~~~~~~~~~~~~~~~~~~~~^^^^^^^^^
  File "C:\Users\lives\AppData\Local\Programs\Python\Python313\Lib\site-packages\django\template\base.py", line 1016, in render
    return SafeString("".join([node.render_annotated(context) for node in self]))
                               ~~~~~~~~~~~~~~~~~~~~~^^^^^^^^^
  File "C:\Users\lives\AppData\Local\Programs\Python\Python313\Lib\site-packages\django\template\base.py", line 977, in render_annotated
    return self.render(context)
           ~~~~~~~~~~~^^^^^^^^^
  File "C:\Users\lives\AppData\Local\Programs\Python\Python313\Lib\site-packages\django\template\loader_tags.py", line 65, in render
    result = block.nodelist.render(context)
  File "C:\Users\lives\AppData\Local\Programs\Python\Python313\Lib\site-packages\django\template\base.py", line 1016, in render
    return SafeString("".join([node.render_annotated(context) for node in self]))
                               ~~~~~~~~~~~~~~~~~~~~~^^^^^^^^^
  File "C:\Users\lives\AppData\Local\Programs\Python\Python313\Lib\site-packages\django\template\base.py", line 977, in render_annotated
    return self.render(context)
           ~~~~~~~~~~~^^^^^^^^^
  File "C:\Users\lives\AppData\Local\Programs\Python\Python313\Lib\site-packages\django\template\defaulttags.py", line 480, in render
    url = reverse(view_name, args=args, kwargs=kwargs, current_app=current_app)
  File "C:\Users\lives\AppData\Local\Programs\Python\Python313\Lib\site-packages\django\urls\base.py", line 98, in reverse
    resolved_url = resolver._reverse_with_prefix(view, prefix, *args, **kwargs)
  File "C:\Users\lives\AppData\Local\Programs\Python\Python313\Lib\site-packages\django\urls\resolvers.py", line 831, in _reverse_with_prefix
    raise NoReverseMatch(msg)
django.urls.exceptions.NoReverseMatch: Reverse for 'password_reset' not found. 'password_reset' is not a valid view function or pattern name.

======================================================================
ERROR: test_dashboard_submeter_projeto_requires_login (editais.tests.test_dashboard_views.DashboardSubmeterProjetoViewTest.test_dashboard_submeter_projeto_requires_login)
Test that dashboard submeter projeto requires authentication
----------------------------------------------------------------------
Traceback (most recent call last):
  File "C:\Github\UniRV-Django\editais\tests\test_dashboard_views.py", line 279, in test_dashboard_submeter_projeto_requires_login
    self.assertRedirects(response, f"{reverse('login')}?next={reverse('dashboard_submeter_projeto')}")
    ~~~~~~~~~~~~~~~~~~~~^^^^^^^^^^^^^^^^^^^^^^^^^^^^^^^^^^^^^^^^^^^^^^^^^^^^^^^^^^^^^^^^^^^^^^^^^^^^^^
  File "C:\Users\lives\AppData\Local\Programs\Python\Python313\Lib\site-packages\django\test\testcases.py", line 519, in assertRedirects
    redirect_response = response.client.get(
        path,
    ...<3 lines>...
        **extra,
    )
  File "C:\Users\lives\AppData\Local\Programs\Python\Python313\Lib\site-packages\django\test\client.py", line 1124, in get
    response = super().get(
        path,
    ...<4 lines>...
        **extra,
    )
  File "C:\Users\lives\AppData\Local\Programs\Python\Python313\Lib\site-packages\django\test\client.py", line 475, in get
    return self.generic(
           ~~~~~~~~~~~~^
        "GET",
        ^^^^^^
    ...<4 lines>...
        **extra,
        ^^^^^^^^
    )
    ^
  File "C:\Users\lives\AppData\Local\Programs\Python\Python313\Lib\site-packages\django\test\client.py", line 671, in generic
    return self.request(**r)
           ~~~~~~~~~~~~^^^^^
  File "C:\Users\lives\AppData\Local\Programs\Python\Python313\Lib\site-packages\django\test\client.py", line 1087, in request
    self.check_exception(response)
    ~~~~~~~~~~~~~~~~~~~~^^^^^^^^^^
  File "C:\Users\lives\AppData\Local\Programs\Python\Python313\Lib\site-packages\django\test\client.py", line 802, in check_exception
    raise exc_value
  File "C:\Users\lives\AppData\Local\Programs\Python\Python313\Lib\site-packages\django\core\handlers\exception.py", line 55, in inner
    response = get_response(request)
  File "C:\Users\lives\AppData\Local\Programs\Python\Python313\Lib\site-packages\django\core\handlers\base.py", line 197, in _get_response
    response = wrapped_callback(request, *callback_args, **callback_kwargs)
  File "C:\Github\UniRV-Django\editais\views.py", line 201, in login_view
    return render(request, 'registration/login.html', {'form': form})
  File "C:\Users\lives\AppData\Local\Programs\Python\Python313\Lib\site-packages\django\shortcuts.py", line 25, in render
    content = loader.render_to_string(template_name, context, request, using=using)
  File "C:\Users\lives\AppData\Local\Programs\Python\Python313\Lib\site-packages\django\template\loader.py", line 62, in render_to_string
    return template.render(context, request)
           ~~~~~~~~~~~~~~~^^^^^^^^^^^^^^^^^^
  File "C:\Users\lives\AppData\Local\Programs\Python\Python313\Lib\site-packages\django\template\backends\django.py", line 107, in render
    return self.template.render(context)
           ~~~~~~~~~~~~~~~~~~~~^^^^^^^^^
  File "C:\Users\lives\AppData\Local\Programs\Python\Python313\Lib\site-packages\django\template\base.py", line 171, in render
    return self._render(context)
           ~~~~~~~~~~~~^^^^^^^^^
  File "C:\Users\lives\AppData\Local\Programs\Python\Python313\Lib\site-packages\django\test\utils.py", line 114, in instrumented_test_render
    return self.nodelist.render(context)
           ~~~~~~~~~~~~~~~~~~~~^^^^^^^^^
  File "C:\Users\lives\AppData\Local\Programs\Python\Python313\Lib\site-packages\django\template\base.py", line 1016, in render
    return SafeString("".join([node.render_annotated(context) for node in self]))
                               ~~~~~~~~~~~~~~~~~~~~~^^^^^^^^^
  File "C:\Users\lives\AppData\Local\Programs\Python\Python313\Lib\site-packages\django\template\base.py", line 977, in render_annotated
    return self.render(context)
           ~~~~~~~~~~~^^^^^^^^^
  File "C:\Users\lives\AppData\Local\Programs\Python\Python313\Lib\site-packages\django\template\loader_tags.py", line 159, in render
    return compiled_parent._render(context)
           ~~~~~~~~~~~~~~~~~~~~~~~^^^^^^^^^
  File "C:\Users\lives\AppData\Local\Programs\Python\Python313\Lib\site-packages\django\test\utils.py", line 114, in instrumented_test_render
    return self.nodelist.render(context)
           ~~~~~~~~~~~~~~~~~~~~^^^^^^^^^
  File "C:\Users\lives\AppData\Local\Programs\Python\Python313\Lib\site-packages\django\template\base.py", line 1016, in render
    return SafeString("".join([node.render_annotated(context) for node in self]))
                               ~~~~~~~~~~~~~~~~~~~~~^^^^^^^^^
  File "C:\Users\lives\AppData\Local\Programs\Python\Python313\Lib\site-packages\django\template\base.py", line 977, in render_annotated
    return self.render(context)
           ~~~~~~~~~~~^^^^^^^^^
  File "C:\Users\lives\AppData\Local\Programs\Python\Python313\Lib\site-packages\django\template\loader_tags.py", line 65, in render
    result = block.nodelist.render(context)
  File "C:\Users\lives\AppData\Local\Programs\Python\Python313\Lib\site-packages\django\template\base.py", line 1016, in render
    return SafeString("".join([node.render_annotated(context) for node in self]))
                               ~~~~~~~~~~~~~~~~~~~~~^^^^^^^^^
  File "C:\Users\lives\AppData\Local\Programs\Python\Python313\Lib\site-packages\django\template\base.py", line 977, in render_annotated
    return self.render(context)
           ~~~~~~~~~~~^^^^^^^^^
  File "C:\Users\lives\AppData\Local\Programs\Python\Python313\Lib\site-packages\django\template\defaulttags.py", line 480, in render
    url = reverse(view_name, args=args, kwargs=kwargs, current_app=current_app)
  File "C:\Users\lives\AppData\Local\Programs\Python\Python313\Lib\site-packages\django\urls\base.py", line 98, in reverse
    resolved_url = resolver._reverse_with_prefix(view, prefix, *args, **kwargs)
  File "C:\Users\lives\AppData\Local\Programs\Python\Python313\Lib\site-packages\django\urls\resolvers.py", line 831, in _reverse_with_prefix
    raise NoReverseMatch(msg)
django.urls.exceptions.NoReverseMatch: Reverse for 'password_reset' not found. 'password_reset' is not a valid view function or pattern name.

======================================================================
ERROR: test_dashboard_usuarios_requires_login (editais.tests.test_dashboard_views.DashboardUsuariosViewTest.test_dashboard_usuarios_requires_login)
Test that dashboard usuarios requires authentication
----------------------------------------------------------------------
Traceback (most recent call last):
  File "C:\Github\UniRV-Django\editais\tests\test_dashboard_views.py", line 168, in test_dashboard_usuarios_requires_login
    self.assertRedirects(response, f"{reverse('login')}?next={reverse('dashboard_usuarios')}")
    ~~~~~~~~~~~~~~~~~~~~^^^^^^^^^^^^^^^^^^^^^^^^^^^^^^^^^^^^^^^^^^^^^^^^^^^^^^^^^^^^^^^^^^^^^^
  File "C:\Users\lives\AppData\Local\Programs\Python\Python313\Lib\site-packages\django\test\testcases.py", line 519, in assertRedirects
    redirect_response = response.client.get(
        path,
    ...<3 lines>...
        **extra,
    )
  File "C:\Users\lives\AppData\Local\Programs\Python\Python313\Lib\site-packages\django\test\client.py", line 1124, in get
    response = super().get(
        path,
    ...<4 lines>...
        **extra,
    )
  File "C:\Users\lives\AppData\Local\Programs\Python\Python313\Lib\site-packages\django\test\client.py", line 475, in get
    return self.generic(
           ~~~~~~~~~~~~^
        "GET",
        ^^^^^^
    ...<4 lines>...
        **extra,
        ^^^^^^^^
    )
    ^
  File "C:\Users\lives\AppData\Local\Programs\Python\Python313\Lib\site-packages\django\test\client.py", line 671, in generic
    return self.request(**r)
           ~~~~~~~~~~~~^^^^^
  File "C:\Users\lives\AppData\Local\Programs\Python\Python313\Lib\site-packages\django\test\client.py", line 1087, in request
    self.check_exception(response)
    ~~~~~~~~~~~~~~~~~~~~^^^^^^^^^^
  File "C:\Users\lives\AppData\Local\Programs\Python\Python313\Lib\site-packages\django\test\client.py", line 802, in check_exception
    raise exc_value
  File "C:\Users\lives\AppData\Local\Programs\Python\Python313\Lib\site-packages\django\core\handlers\exception.py", line 55, in inner
    response = get_response(request)
  File "C:\Users\lives\AppData\Local\Programs\Python\Python313\Lib\site-packages\django\core\handlers\base.py", line 197, in _get_response
    response = wrapped_callback(request, *callback_args, **callback_kwargs)
  File "C:\Github\UniRV-Django\editais\views.py", line 201, in login_view
    return render(request, 'registration/login.html', {'form': form})
  File "C:\Users\lives\AppData\Local\Programs\Python\Python313\Lib\site-packages\django\shortcuts.py", line 25, in render
    content = loader.render_to_string(template_name, context, request, using=using)
  File "C:\Users\lives\AppData\Local\Programs\Python\Python313\Lib\site-packages\django\template\loader.py", line 62, in render_to_string
    return template.render(context, request)
           ~~~~~~~~~~~~~~~^^^^^^^^^^^^^^^^^^
  File "C:\Users\lives\AppData\Local\Programs\Python\Python313\Lib\site-packages\django\template\backends\django.py", line 107, in render
    return self.template.render(context)
           ~~~~~~~~~~~~~~~~~~~~^^^^^^^^^
  File "C:\Users\lives\AppData\Local\Programs\Python\Python313\Lib\site-packages\django\template\base.py", line 171, in render
    return self._render(context)
           ~~~~~~~~~~~~^^^^^^^^^
  File "C:\Users\lives\AppData\Local\Programs\Python\Python313\Lib\site-packages\django\test\utils.py", line 114, in instrumented_test_render
    return self.nodelist.render(context)
           ~~~~~~~~~~~~~~~~~~~~^^^^^^^^^
  File "C:\Users\lives\AppData\Local\Programs\Python\Python313\Lib\site-packages\django\template\base.py", line 1016, in render
    return SafeString("".join([node.render_annotated(context) for node in self]))
                               ~~~~~~~~~~~~~~~~~~~~~^^^^^^^^^
  File "C:\Users\lives\AppData\Local\Programs\Python\Python313\Lib\site-packages\django\template\base.py", line 977, in render_annotated
    return self.render(context)
           ~~~~~~~~~~~^^^^^^^^^
  File "C:\Users\lives\AppData\Local\Programs\Python\Python313\Lib\site-packages\django\template\loader_tags.py", line 159, in render
    return compiled_parent._render(context)
           ~~~~~~~~~~~~~~~~~~~~~~~^^^^^^^^^
  File "C:\Users\lives\AppData\Local\Programs\Python\Python313\Lib\site-packages\django\test\utils.py", line 114, in instrumented_test_render
    return self.nodelist.render(context)
           ~~~~~~~~~~~~~~~~~~~~^^^^^^^^^
  File "C:\Users\lives\AppData\Local\Programs\Python\Python313\Lib\site-packages\django\template\base.py", line 1016, in render
    return SafeString("".join([node.render_annotated(context) for node in self]))
                               ~~~~~~~~~~~~~~~~~~~~~^^^^^^^^^
  File "C:\Users\lives\AppData\Local\Programs\Python\Python313\Lib\site-packages\django\template\base.py", line 977, in render_annotated
    return self.render(context)
           ~~~~~~~~~~~^^^^^^^^^
  File "C:\Users\lives\AppData\Local\Programs\Python\Python313\Lib\site-packages\django\template\loader_tags.py", line 65, in render
    result = block.nodelist.render(context)
  File "C:\Users\lives\AppData\Local\Programs\Python\Python313\Lib\site-packages\django\template\base.py", line 1016, in render
    return SafeString("".join([node.render_annotated(context) for node in self]))
                               ~~~~~~~~~~~~~~~~~~~~~^^^^^^^^^
  File "C:\Users\lives\AppData\Local\Programs\Python\Python313\Lib\site-packages\django\template\base.py", line 977, in render_annotated
    return self.render(context)
           ~~~~~~~~~~~^^^^^^^^^
  File "C:\Users\lives\AppData\Local\Programs\Python\Python313\Lib\site-packages\django\template\defaulttags.py", line 480, in render
    url = reverse(view_name, args=args, kwargs=kwargs, current_app=current_app)
  File "C:\Users\lives\AppData\Local\Programs\Python\Python313\Lib\site-packages\django\urls\base.py", line 98, in reverse
    resolved_url = resolver._reverse_with_prefix(view, prefix, *args, **kwargs)
  File "C:\Users\lives\AppData\Local\Programs\Python\Python313\Lib\site-packages\django\urls\resolvers.py", line 831, in _reverse_with_prefix
    raise NoReverseMatch(msg)
django.urls.exceptions.NoReverseMatch: Reverse for 'password_reset' not found. 'password_reset' is not a valid view function or pattern name.

======================================================================
ERROR: test_login_page_has_csrf_token (editais.tests.test_public_views.LoginViewTest.test_login_page_has_csrf_token)
Test that login page includes CSRF token
----------------------------------------------------------------------
Traceback (most recent call last):
  File "C:\Github\UniRV-Django\editais\tests\test_public_views.py", line 113, in test_login_page_has_csrf_token
    response = self.client.get(reverse('login'))
  File "C:\Users\lives\AppData\Local\Programs\Python\Python313\Lib\site-packages\django\test\client.py", line 1124, in get
    response = super().get(
        path,
    ...<4 lines>...
        **extra,
    )
  File "C:\Users\lives\AppData\Local\Programs\Python\Python313\Lib\site-packages\django\test\client.py", line 475, in get
    return self.generic(
           ~~~~~~~~~~~~^
        "GET",
        ^^^^^^
    ...<4 lines>...
        **extra,
        ^^^^^^^^
    )
    ^
  File "C:\Users\lives\AppData\Local\Programs\Python\Python313\Lib\site-packages\django\test\client.py", line 671, in generic
    return self.request(**r)
           ~~~~~~~~~~~~^^^^^
  File "C:\Users\lives\AppData\Local\Programs\Python\Python313\Lib\site-packages\django\test\client.py", line 1087, in request
    self.check_exception(response)
    ~~~~~~~~~~~~~~~~~~~~^^^^^^^^^^
  File "C:\Users\lives\AppData\Local\Programs\Python\Python313\Lib\site-packages\django\test\client.py", line 802, in check_exception
    raise exc_value
  File "C:\Users\lives\AppData\Local\Programs\Python\Python313\Lib\site-packages\django\core\handlers\exception.py", line 55, in inner
    response = get_response(request)
  File "C:\Users\lives\AppData\Local\Programs\Python\Python313\Lib\site-packages\django\core\handlers\base.py", line 197, in _get_response
    response = wrapped_callback(request, *callback_args, **callback_kwargs)
  File "C:\Github\UniRV-Django\editais\views.py", line 201, in login_view
    return render(request, 'registration/login.html', {'form': form})
  File "C:\Users\lives\AppData\Local\Programs\Python\Python313\Lib\site-packages\django\shortcuts.py", line 25, in render
    content = loader.render_to_string(template_name, context, request, using=using)
  File "C:\Users\lives\AppData\Local\Programs\Python\Python313\Lib\site-packages\django\template\loader.py", line 62, in render_to_string
    return template.render(context, request)
           ~~~~~~~~~~~~~~~^^^^^^^^^^^^^^^^^^
  File "C:\Users\lives\AppData\Local\Programs\Python\Python313\Lib\site-packages\django\template\backends\django.py", line 107, in render
    return self.template.render(context)
           ~~~~~~~~~~~~~~~~~~~~^^^^^^^^^
  File "C:\Users\lives\AppData\Local\Programs\Python\Python313\Lib\site-packages\django\template\base.py", line 171, in render
    return self._render(context)
           ~~~~~~~~~~~~^^^^^^^^^
  File "C:\Users\lives\AppData\Local\Programs\Python\Python313\Lib\site-packages\django\test\utils.py", line 114, in instrumented_test_render
    return self.nodelist.render(context)
           ~~~~~~~~~~~~~~~~~~~~^^^^^^^^^
  File "C:\Users\lives\AppData\Local\Programs\Python\Python313\Lib\site-packages\django\template\base.py", line 1016, in render
    return SafeString("".join([node.render_annotated(context) for node in self]))
                               ~~~~~~~~~~~~~~~~~~~~~^^^^^^^^^
  File "C:\Users\lives\AppData\Local\Programs\Python\Python313\Lib\site-packages\django\template\base.py", line 977, in render_annotated
    return self.render(context)
           ~~~~~~~~~~~^^^^^^^^^
  File "C:\Users\lives\AppData\Local\Programs\Python\Python313\Lib\site-packages\django\template\loader_tags.py", line 159, in render
    return compiled_parent._render(context)
           ~~~~~~~~~~~~~~~~~~~~~~~^^^^^^^^^
  File "C:\Users\lives\AppData\Local\Programs\Python\Python313\Lib\site-packages\django\test\utils.py", line 114, in instrumented_test_render
    return self.nodelist.render(context)
           ~~~~~~~~~~~~~~~~~~~~^^^^^^^^^
  File "C:\Users\lives\AppData\Local\Programs\Python\Python313\Lib\site-packages\django\template\base.py", line 1016, in render
    return SafeString("".join([node.render_annotated(context) for node in self]))
                               ~~~~~~~~~~~~~~~~~~~~~^^^^^^^^^
  File "C:\Users\lives\AppData\Local\Programs\Python\Python313\Lib\site-packages\django\template\base.py", line 977, in render_annotated
    return self.render(context)
           ~~~~~~~~~~~^^^^^^^^^
  File "C:\Users\lives\AppData\Local\Programs\Python\Python313\Lib\site-packages\django\template\loader_tags.py", line 65, in render
    result = block.nodelist.render(context)
  File "C:\Users\lives\AppData\Local\Programs\Python\Python313\Lib\site-packages\django\template\base.py", line 1016, in render
    return SafeString("".join([node.render_annotated(context) for node in self]))
                               ~~~~~~~~~~~~~~~~~~~~~^^^^^^^^^
  File "C:\Users\lives\AppData\Local\Programs\Python\Python313\Lib\site-packages\django\template\base.py", line 977, in render_annotated
    return self.render(context)
           ~~~~~~~~~~~^^^^^^^^^
  File "C:\Users\lives\AppData\Local\Programs\Python\Python313\Lib\site-packages\django\template\defaulttags.py", line 480, in render
    url = reverse(view_name, args=args, kwargs=kwargs, current_app=current_app)
  File "C:\Users\lives\AppData\Local\Programs\Python\Python313\Lib\site-packages\django\urls\base.py", line 98, in reverse
    resolved_url = resolver._reverse_with_prefix(view, prefix, *args, **kwargs)
  File "C:\Users\lives\AppData\Local\Programs\Python\Python313\Lib\site-packages\django\urls\resolvers.py", line 831, in _reverse_with_prefix
    raise NoReverseMatch(msg)
django.urls.exceptions.NoReverseMatch: Reverse for 'password_reset' not found. 'password_reset' is not a valid view function or pattern name.

======================================================================
ERROR: test_login_page_loads (editais.tests.test_public_views.LoginViewTest.test_login_page_loads)
Test that login page loads without authentication
----------------------------------------------------------------------
Traceback (most recent call last):
  File "C:\Github\UniRV-Django\editais\tests\test_public_views.py", line 70, in test_login_page_loads
    response = self.client.get(reverse('login'))
  File "C:\Users\lives\AppData\Local\Programs\Python\Python313\Lib\site-packages\django\test\client.py", line 1124, in get
    response = super().get(
        path,
    ...<4 lines>...
        **extra,
    )
  File "C:\Users\lives\AppData\Local\Programs\Python\Python313\Lib\site-packages\django\test\client.py", line 475, in get
    return self.generic(
           ~~~~~~~~~~~~^
        "GET",
        ^^^^^^
    ...<4 lines>...
        **extra,
        ^^^^^^^^
    )
    ^
  File "C:\Users\lives\AppData\Local\Programs\Python\Python313\Lib\site-packages\django\test\client.py", line 671, in generic
    return self.request(**r)
           ~~~~~~~~~~~~^^^^^
  File "C:\Users\lives\AppData\Local\Programs\Python\Python313\Lib\site-packages\django\test\client.py", line 1087, in request
    self.check_exception(response)
    ~~~~~~~~~~~~~~~~~~~~^^^^^^^^^^
  File "C:\Users\lives\AppData\Local\Programs\Python\Python313\Lib\site-packages\django\test\client.py", line 802, in check_exception
    raise exc_value
  File "C:\Users\lives\AppData\Local\Programs\Python\Python313\Lib\site-packages\django\core\handlers\exception.py", line 55, in inner
    response = get_response(request)
  File "C:\Users\lives\AppData\Local\Programs\Python\Python313\Lib\site-packages\django\core\handlers\base.py", line 197, in _get_response
    response = wrapped_callback(request, *callback_args, **callback_kwargs)
  File "C:\Github\UniRV-Django\editais\views.py", line 201, in login_view
    return render(request, 'registration/login.html', {'form': form})
  File "C:\Users\lives\AppData\Local\Programs\Python\Python313\Lib\site-packages\django\shortcuts.py", line 25, in render
    content = loader.render_to_string(template_name, context, request, using=using)
  File "C:\Users\lives\AppData\Local\Programs\Python\Python313\Lib\site-packages\django\template\loader.py", line 62, in render_to_string
    return template.render(context, request)
           ~~~~~~~~~~~~~~~^^^^^^^^^^^^^^^^^^
  File "C:\Users\lives\AppData\Local\Programs\Python\Python313\Lib\site-packages\django\template\backends\django.py", line 107, in render
    return self.template.render(context)
           ~~~~~~~~~~~~~~~~~~~~^^^^^^^^^
  File "C:\Users\lives\AppData\Local\Programs\Python\Python313\Lib\site-packages\django\template\base.py", line 171, in render
    return self._render(context)
           ~~~~~~~~~~~~^^^^^^^^^
  File "C:\Users\lives\AppData\Local\Programs\Python\Python313\Lib\site-packages\django\test\utils.py", line 114, in instrumented_test_render
    return self.nodelist.render(context)
           ~~~~~~~~~~~~~~~~~~~~^^^^^^^^^
  File "C:\Users\lives\AppData\Local\Programs\Python\Python313\Lib\site-packages\django\template\base.py", line 1016, in render
    return SafeString("".join([node.render_annotated(context) for node in self]))
                               ~~~~~~~~~~~~~~~~~~~~~^^^^^^^^^
  File "C:\Users\lives\AppData\Local\Programs\Python\Python313\Lib\site-packages\django\template\base.py", line 977, in render_annotated
    return self.render(context)
           ~~~~~~~~~~~^^^^^^^^^
  File "C:\Users\lives\AppData\Local\Programs\Python\Python313\Lib\site-packages\django\template\loader_tags.py", line 159, in render
    return compiled_parent._render(context)
           ~~~~~~~~~~~~~~~~~~~~~~~^^^^^^^^^
  File "C:\Users\lives\AppData\Local\Programs\Python\Python313\Lib\site-packages\django\test\utils.py", line 114, in instrumented_test_render
    return self.nodelist.render(context)
           ~~~~~~~~~~~~~~~~~~~~^^^^^^^^^
  File "C:\Users\lives\AppData\Local\Programs\Python\Python313\Lib\site-packages\django\template\base.py", line 1016, in render
    return SafeString("".join([node.render_annotated(context) for node in self]))
                               ~~~~~~~~~~~~~~~~~~~~~^^^^^^^^^
  File "C:\Users\lives\AppData\Local\Programs\Python\Python313\Lib\site-packages\django\template\base.py", line 977, in render_annotated
    return self.render(context)
           ~~~~~~~~~~~^^^^^^^^^
  File "C:\Users\lives\AppData\Local\Programs\Python\Python313\Lib\site-packages\django\template\loader_tags.py", line 65, in render
    result = block.nodelist.render(context)
  File "C:\Users\lives\AppData\Local\Programs\Python\Python313\Lib\site-packages\django\template\base.py", line 1016, in render
    return SafeString("".join([node.render_annotated(context) for node in self]))
                               ~~~~~~~~~~~~~~~~~~~~~^^^^^^^^^
  File "C:\Users\lives\AppData\Local\Programs\Python\Python313\Lib\site-packages\django\template\base.py", line 977, in render_annotated
    return self.render(context)
           ~~~~~~~~~~~^^^^^^^^^
  File "C:\Users\lives\AppData\Local\Programs\Python\Python313\Lib\site-packages\django\template\defaulttags.py", line 480, in render
    url = reverse(view_name, args=args, kwargs=kwargs, current_app=current_app)
  File "C:\Users\lives\AppData\Local\Programs\Python\Python313\Lib\site-packages\django\urls\base.py", line 98, in reverse
    resolved_url = resolver._reverse_with_prefix(view, prefix, *args, **kwargs)
  File "C:\Users\lives\AppData\Local\Programs\Python\Python313\Lib\site-packages\django\urls\resolvers.py", line 831, in _reverse_with_prefix
    raise NoReverseMatch(msg)
django.urls.exceptions.NoReverseMatch: Reverse for 'password_reset' not found. 'password_reset' is not a valid view function or pattern name.

======================================================================
ERROR: test_login_with_invalid_credentials (editais.tests.test_public_views.LoginViewTest.test_login_with_invalid_credentials)
Test login with invalid credentials
----------------------------------------------------------------------
Traceback (most recent call last):
  File "C:\Github\UniRV-Django\editais\tests\test_public_views.py", line 91, in test_login_with_invalid_credentials
    response = self.client.post(reverse('login'), {
        'username': 'testuser',
        'password': 'wrongpassword'
    })
  File "C:\Users\lives\AppData\Local\Programs\Python\Python313\Lib\site-packages\django\test\client.py", line 1153, in post
    response = super().post(
        path,
    ...<5 lines>...
        **extra,
    )
  File "C:\Users\lives\AppData\Local\Programs\Python\Python313\Lib\site-packages\django\test\client.py", line 499, in post
    return self.generic(
           ~~~~~~~~~~~~^
        "POST",
        ^^^^^^^
    ...<6 lines>...
        **extra,
        ^^^^^^^^
    )
    ^
  File "C:\Users\lives\AppData\Local\Programs\Python\Python313\Lib\site-packages\django\test\client.py", line 671, in generic
    return self.request(**r)
           ~~~~~~~~~~~~^^^^^
  File "C:\Users\lives\AppData\Local\Programs\Python\Python313\Lib\site-packages\django\test\client.py", line 1087, in request
    self.check_exception(response)
    ~~~~~~~~~~~~~~~~~~~~^^^^^^^^^^
  File "C:\Users\lives\AppData\Local\Programs\Python\Python313\Lib\site-packages\django\test\client.py", line 802, in check_exception
    raise exc_value
  File "C:\Users\lives\AppData\Local\Programs\Python\Python313\Lib\site-packages\django\core\handlers\exception.py", line 55, in inner
    response = get_response(request)
  File "C:\Users\lives\AppData\Local\Programs\Python\Python313\Lib\site-packages\django\core\handlers\base.py", line 197, in _get_response
    response = wrapped_callback(request, *callback_args, **callback_kwargs)
  File "C:\Github\UniRV-Django\editais\views.py", line 201, in login_view
    return render(request, 'registration/login.html', {'form': form})
  File "C:\Users\lives\AppData\Local\Programs\Python\Python313\Lib\site-packages\django\shortcuts.py", line 25, in render
    content = loader.render_to_string(template_name, context, request, using=using)
  File "C:\Users\lives\AppData\Local\Programs\Python\Python313\Lib\site-packages\django\template\loader.py", line 62, in render_to_string
    return template.render(context, request)
           ~~~~~~~~~~~~~~~^^^^^^^^^^^^^^^^^^
  File "C:\Users\lives\AppData\Local\Programs\Python\Python313\Lib\site-packages\django\template\backends\django.py", line 107, in render
    return self.template.render(context)
           ~~~~~~~~~~~~~~~~~~~~^^^^^^^^^
  File "C:\Users\lives\AppData\Local\Programs\Python\Python313\Lib\site-packages\django\template\base.py", line 171, in render
    return self._render(context)
           ~~~~~~~~~~~~^^^^^^^^^
  File "C:\Users\lives\AppData\Local\Programs\Python\Python313\Lib\site-packages\django\test\utils.py", line 114, in instrumented_test_render
    return self.nodelist.render(context)
           ~~~~~~~~~~~~~~~~~~~~^^^^^^^^^
  File "C:\Users\lives\AppData\Local\Programs\Python\Python313\Lib\site-packages\django\template\base.py", line 1016, in render
    return SafeString("".join([node.render_annotated(context) for node in self]))
                               ~~~~~~~~~~~~~~~~~~~~~^^^^^^^^^
  File "C:\Users\lives\AppData\Local\Programs\Python\Python313\Lib\site-packages\django\template\base.py", line 977, in render_annotated
    return self.render(context)
           ~~~~~~~~~~~^^^^^^^^^
  File "C:\Users\lives\AppData\Local\Programs\Python\Python313\Lib\site-packages\django\template\loader_tags.py", line 159, in render
    return compiled_parent._render(context)
           ~~~~~~~~~~~~~~~~~~~~~~~^^^^^^^^^
  File "C:\Users\lives\AppData\Local\Programs\Python\Python313\Lib\site-packages\django\test\utils.py", line 114, in instrumented_test_render
    return self.nodelist.render(context)
           ~~~~~~~~~~~~~~~~~~~~^^^^^^^^^
  File "C:\Users\lives\AppData\Local\Programs\Python\Python313\Lib\site-packages\django\template\base.py", line 1016, in render
    return SafeString("".join([node.render_annotated(context) for node in self]))
                               ~~~~~~~~~~~~~~~~~~~~~^^^^^^^^^
  File "C:\Users\lives\AppData\Local\Programs\Python\Python313\Lib\site-packages\django\template\base.py", line 977, in render_annotated
    return self.render(context)
           ~~~~~~~~~~~^^^^^^^^^
  File "C:\Users\lives\AppData\Local\Programs\Python\Python313\Lib\site-packages\django\template\loader_tags.py", line 65, in render
    result = block.nodelist.render(context)
  File "C:\Users\lives\AppData\Local\Programs\Python\Python313\Lib\site-packages\django\template\base.py", line 1016, in render
    return SafeString("".join([node.render_annotated(context) for node in self]))
                               ~~~~~~~~~~~~~~~~~~~~~^^^^^^^^^
  File "C:\Users\lives\AppData\Local\Programs\Python\Python313\Lib\site-packages\django\template\base.py", line 977, in render_annotated
    return self.render(context)
           ~~~~~~~~~~~^^^^^^^^^
  File "C:\Users\lives\AppData\Local\Programs\Python\Python313\Lib\site-packages\django\template\defaulttags.py", line 480, in render
    url = reverse(view_name, args=args, kwargs=kwargs, current_app=current_app)
  File "C:\Users\lives\AppData\Local\Programs\Python\Python313\Lib\site-packages\django\urls\base.py", line 98, in reverse
    resolved_url = resolver._reverse_with_prefix(view, prefix, *args, **kwargs)
  File "C:\Users\lives\AppData\Local\Programs\Python\Python313\Lib\site-packages\django\urls\resolvers.py", line 831, in _reverse_with_prefix
    raise NoReverseMatch(msg)
django.urls.exceptions.NoReverseMatch: Reverse for 'password_reset' not found. 'password_reset' is not a valid view function or pattern name.

======================================================================
ERROR: test_unauthenticated_access_to_dashboard (editais.tests.test_security.AuthenticationAuthorizationTest.test_unauthenticated_access_to_dashboard)
Test that unauthenticated users cannot access dashboard
----------------------------------------------------------------------
Traceback (most recent call last):
  File "C:\Github\UniRV-Django\editais\tests\test_security.py", line 156, in test_unauthenticated_access_to_dashboard
    self.assertRedirects(response, f"{reverse('login')}?next={reverse('dashboard_home')}")
    ~~~~~~~~~~~~~~~~~~~~^^^^^^^^^^^^^^^^^^^^^^^^^^^^^^^^^^^^^^^^^^^^^^^^^^^^^^^^^^^^^^^^^^
  File "C:\Users\lives\AppData\Local\Programs\Python\Python313\Lib\site-packages\django\test\testcases.py", line 519, in assertRedirects
    redirect_response = response.client.get(
        path,
    ...<3 lines>...
        **extra,
    )
  File "C:\Users\lives\AppData\Local\Programs\Python\Python313\Lib\site-packages\django\test\client.py", line 1124, in get
    response = super().get(
        path,
    ...<4 lines>...
        **extra,
    )
  File "C:\Users\lives\AppData\Local\Programs\Python\Python313\Lib\site-packages\django\test\client.py", line 475, in get
    return self.generic(
           ~~~~~~~~~~~~^
        "GET",
        ^^^^^^
    ...<4 lines>...
        **extra,
        ^^^^^^^^
    )
    ^
  File "C:\Users\lives\AppData\Local\Programs\Python\Python313\Lib\site-packages\django\test\client.py", line 671, in generic
    return self.request(**r)
           ~~~~~~~~~~~~^^^^^
  File "C:\Users\lives\AppData\Local\Programs\Python\Python313\Lib\site-packages\django\test\client.py", line 1087, in request
    self.check_exception(response)
    ~~~~~~~~~~~~~~~~~~~~^^^^^^^^^^
  File "C:\Users\lives\AppData\Local\Programs\Python\Python313\Lib\site-packages\django\test\client.py", line 802, in check_exception
    raise exc_value
  File "C:\Users\lives\AppData\Local\Programs\Python\Python313\Lib\site-packages\django\core\handlers\exception.py", line 55, in inner
    response = get_response(request)
  File "C:\Users\lives\AppData\Local\Programs\Python\Python313\Lib\site-packages\django\core\handlers\base.py", line 197, in _get_response
    response = wrapped_callback(request, *callback_args, **callback_kwargs)
  File "C:\Github\UniRV-Django\editais\views.py", line 201, in login_view
    return render(request, 'registration/login.html', {'form': form})
  File "C:\Users\lives\AppData\Local\Programs\Python\Python313\Lib\site-packages\django\shortcuts.py", line 25, in render
    content = loader.render_to_string(template_name, context, request, using=using)
  File "C:\Users\lives\AppData\Local\Programs\Python\Python313\Lib\site-packages\django\template\loader.py", line 62, in render_to_string
    return template.render(context, request)
           ~~~~~~~~~~~~~~~^^^^^^^^^^^^^^^^^^
  File "C:\Users\lives\AppData\Local\Programs\Python\Python313\Lib\site-packages\django\template\backends\django.py", line 107, in render
    return self.template.render(context)
           ~~~~~~~~~~~~~~~~~~~~^^^^^^^^^
  File "C:\Users\lives\AppData\Local\Programs\Python\Python313\Lib\site-packages\django\template\base.py", line 171, in render
    return self._render(context)
           ~~~~~~~~~~~~^^^^^^^^^
  File "C:\Users\lives\AppData\Local\Programs\Python\Python313\Lib\site-packages\django\test\utils.py", line 114, in instrumented_test_render
    return self.nodelist.render(context)
           ~~~~~~~~~~~~~~~~~~~~^^^^^^^^^
  File "C:\Users\lives\AppData\Local\Programs\Python\Python313\Lib\site-packages\django\template\base.py", line 1016, in render
    return SafeString("".join([node.render_annotated(context) for node in self]))
                               ~~~~~~~~~~~~~~~~~~~~~^^^^^^^^^
  File "C:\Users\lives\AppData\Local\Programs\Python\Python313\Lib\site-packages\django\template\base.py", line 977, in render_annotated
    return self.render(context)
           ~~~~~~~~~~~^^^^^^^^^
  File "C:\Users\lives\AppData\Local\Programs\Python\Python313\Lib\site-packages\django\template\loader_tags.py", line 159, in render
    return compiled_parent._render(context)
           ~~~~~~~~~~~~~~~~~~~~~~~^^^^^^^^^
  File "C:\Users\lives\AppData\Local\Programs\Python\Python313\Lib\site-packages\django\test\utils.py", line 114, in instrumented_test_render
    return self.nodelist.render(context)
           ~~~~~~~~~~~~~~~~~~~~^^^^^^^^^
  File "C:\Users\lives\AppData\Local\Programs\Python\Python313\Lib\site-packages\django\template\base.py", line 1016, in render
    return SafeString("".join([node.render_annotated(context) for node in self]))
                               ~~~~~~~~~~~~~~~~~~~~~^^^^^^^^^
  File "C:\Users\lives\AppData\Local\Programs\Python\Python313\Lib\site-packages\django\template\base.py", line 977, in render_annotated
    return self.render(context)
           ~~~~~~~~~~~^^^^^^^^^
  File "C:\Users\lives\AppData\Local\Programs\Python\Python313\Lib\site-packages\django\template\loader_tags.py", line 65, in render
    result = block.nodelist.render(context)
  File "C:\Users\lives\AppData\Local\Programs\Python\Python313\Lib\site-packages\django\template\base.py", line 1016, in render
    return SafeString("".join([node.render_annotated(context) for node in self]))
                               ~~~~~~~~~~~~~~~~~~~~~^^^^^^^^^
  File "C:\Users\lives\AppData\Local\Programs\Python\Python313\Lib\site-packages\django\template\base.py", line 977, in render_annotated
    return self.render(context)
           ~~~~~~~~~~~^^^^^^^^^
  File "C:\Users\lives\AppData\Local\Programs\Python\Python313\Lib\site-packages\django\template\defaulttags.py", line 480, in render
    url = reverse(view_name, args=args, kwargs=kwargs, current_app=current_app)
  File "C:\Users\lives\AppData\Local\Programs\Python\Python313\Lib\site-packages\django\urls\base.py", line 98, in reverse
    resolved_url = resolver._reverse_with_prefix(view, prefix, *args, **kwargs)
  File "C:\Users\lives\AppData\Local\Programs\Python\Python313\Lib\site-packages\django\urls\resolvers.py", line 831, in _reverse_with_prefix
    raise NoReverseMatch(msg)
django.urls.exceptions.NoReverseMatch: Reverse for 'password_reset' not found. 'password_reset' is not a valid view function or pattern name.

======================================================================
ERROR: test_csrf_token_in_login_form (editais.tests.test_security.CSRFProtectionTest.test_csrf_token_in_login_form)
Test that login form includes CSRF token
----------------------------------------------------------------------
Traceback (most recent call last):
  File "C:\Github\UniRV-Django\editais\tests\test_security.py", line 51, in test_csrf_token_in_login_form
    response = self.client.get(reverse('login'))
  File "C:\Users\lives\AppData\Local\Programs\Python\Python313\Lib\site-packages\django\test\client.py", line 1124, in get
    response = super().get(
        path,
    ...<4 lines>...
        **extra,
    )
  File "C:\Users\lives\AppData\Local\Programs\Python\Python313\Lib\site-packages\django\test\client.py", line 475, in get
    return self.generic(
           ~~~~~~~~~~~~^
        "GET",
        ^^^^^^
    ...<4 lines>...
        **extra,
        ^^^^^^^^
    )
    ^
  File "C:\Users\lives\AppData\Local\Programs\Python\Python313\Lib\site-packages\django\test\client.py", line 671, in generic
    return self.request(**r)
           ~~~~~~~~~~~~^^^^^
  File "C:\Users\lives\AppData\Local\Programs\Python\Python313\Lib\site-packages\django\test\client.py", line 1087, in request
    self.check_exception(response)
    ~~~~~~~~~~~~~~~~~~~~^^^^^^^^^^
  File "C:\Users\lives\AppData\Local\Programs\Python\Python313\Lib\site-packages\django\test\client.py", line 802, in check_exception
    raise exc_value
  File "C:\Users\lives\AppData\Local\Programs\Python\Python313\Lib\site-packages\django\core\handlers\exception.py", line 55, in inner
    response = get_response(request)
  File "C:\Users\lives\AppData\Local\Programs\Python\Python313\Lib\site-packages\django\core\handlers\base.py", line 197, in _get_response
    response = wrapped_callback(request, *callback_args, **callback_kwargs)
  File "C:\Github\UniRV-Django\editais\views.py", line 201, in login_view
    return render(request, 'registration/login.html', {'form': form})
  File "C:\Users\lives\AppData\Local\Programs\Python\Python313\Lib\site-packages\django\shortcuts.py", line 25, in render
    content = loader.render_to_string(template_name, context, request, using=using)
  File "C:\Users\lives\AppData\Local\Programs\Python\Python313\Lib\site-packages\django\template\loader.py", line 62, in render_to_string
    return template.render(context, request)
           ~~~~~~~~~~~~~~~^^^^^^^^^^^^^^^^^^
  File "C:\Users\lives\AppData\Local\Programs\Python\Python313\Lib\site-packages\django\template\backends\django.py", line 107, in render
    return self.template.render(context)
           ~~~~~~~~~~~~~~~~~~~~^^^^^^^^^
  File "C:\Users\lives\AppData\Local\Programs\Python\Python313\Lib\site-packages\django\template\base.py", line 171, in render
    return self._render(context)
           ~~~~~~~~~~~~^^^^^^^^^
  File "C:\Users\lives\AppData\Local\Programs\Python\Python313\Lib\site-packages\django\test\utils.py", line 114, in instrumented_test_render
    return self.nodelist.render(context)
           ~~~~~~~~~~~~~~~~~~~~^^^^^^^^^
  File "C:\Users\lives\AppData\Local\Programs\Python\Python313\Lib\site-packages\django\template\base.py", line 1016, in render
    return SafeString("".join([node.render_annotated(context) for node in self]))
                               ~~~~~~~~~~~~~~~~~~~~~^^^^^^^^^
  File "C:\Users\lives\AppData\Local\Programs\Python\Python313\Lib\site-packages\django\template\base.py", line 977, in render_annotated
    return self.render(context)
           ~~~~~~~~~~~^^^^^^^^^
  File "C:\Users\lives\AppData\Local\Programs\Python\Python313\Lib\site-packages\django\template\loader_tags.py", line 159, in render
    return compiled_parent._render(context)
           ~~~~~~~~~~~~~~~~~~~~~~~^^^^^^^^^
  File "C:\Users\lives\AppData\Local\Programs\Python\Python313\Lib\site-packages\django\test\utils.py", line 114, in instrumented_test_render
    return self.nodelist.render(context)
           ~~~~~~~~~~~~~~~~~~~~^^^^^^^^^
  File "C:\Users\lives\AppData\Local\Programs\Python\Python313\Lib\site-packages\django\template\base.py", line 1016, in render
    return SafeString("".join([node.render_annotated(context) for node in self]))
                               ~~~~~~~~~~~~~~~~~~~~~^^^^^^^^^
  File "C:\Users\lives\AppData\Local\Programs\Python\Python313\Lib\site-packages\django\template\base.py", line 977, in render_annotated
    return self.render(context)
           ~~~~~~~~~~~^^^^^^^^^
  File "C:\Users\lives\AppData\Local\Programs\Python\Python313\Lib\site-packages\django\template\loader_tags.py", line 65, in render
    result = block.nodelist.render(context)
  File "C:\Users\lives\AppData\Local\Programs\Python\Python313\Lib\site-packages\django\template\base.py", line 1016, in render
    return SafeString("".join([node.render_annotated(context) for node in self]))
                               ~~~~~~~~~~~~~~~~~~~~~^^^^^^^^^
  File "C:\Users\lives\AppData\Local\Programs\Python\Python313\Lib\site-packages\django\template\base.py", line 977, in render_annotated
    return self.render(context)
           ~~~~~~~~~~~^^^^^^^^^
  File "C:\Users\lives\AppData\Local\Programs\Python\Python313\Lib\site-packages\django\template\defaulttags.py", line 480, in render
    url = reverse(view_name, args=args, kwargs=kwargs, current_app=current_app)
  File "C:\Users\lives\AppData\Local\Programs\Python\Python313\Lib\site-packages\django\urls\base.py", line 98, in reverse
    resolved_url = resolver._reverse_with_prefix(view, prefix, *args, **kwargs)
  File "C:\Users\lives\AppData\Local\Programs\Python\Python313\Lib\site-packages\django\urls\resolvers.py", line 831, in _reverse_with_prefix
    raise NoReverseMatch(msg)
django.urls.exceptions.NoReverseMatch: Reverse for 'password_reset' not found. 'password_reset' is not a valid view function or pattern name.

======================================================================
FAIL: test_dashboard_shows_recent_activities (editais.tests.test_admin.AdminDashboardTest.test_dashboard_shows_recent_activities)
Testa que o dashboard exibe atividades recentes.
----------------------------------------------------------------------
Traceback (most recent call last):
  File "C:\Github\UniRV-Django\editais\tests\test_admin.py", line 686, in test_dashboard_shows_recent_activities
    self.assertContains(resp, recent_activity.titulo, status_code=200)
    ~~~~~~~~~~~~~~~~~~~^^^^^^^^^^^^^^^^^^^^^^^^^^^^^^^^^^^^^^^^^^^^^^^
AssertionError: False is not true : Couldn't find 'Edital Atualizado Recentemente' in the following response
b'<!DOCTYPE html>\n<html lang="pt-BR">\n  <head>\n    <meta charset="UTF-8" />\n    <meta name="viewport" content="width=device-width, initial-scale=1.0" />\n    <title>\n      Dashboard Administrativo - AgroHub UniRV\n    </title>\n\n    <!-- SEO Meta Tags -->\n    <meta\n      name="description"\n      content="AgroHub UniRV - Centro de Inova\xc3\xa7\xc3\xa3o e Tecnologia da Universidade de Rio Verde. Conectando pesquisa, startups, ind\xc3\xbastria e produtores rurais para impulsionar o Agro 4.0."\n    />\n    <meta\n      name="keywords"\n      content="AgroHub, UniRV, inova\xc3\xa7\xc3\xa3o, agroneg\xc3\xb3cio, startups, YpeTec, FabLab, FINEP, Rio Verde"\n    />\n    <meta name="author" content="UniRV - Universidade de Rio Verde" />\n    <meta name="robots" content="index, follow" />\n\n    <!-- Open Graph / Social Media Meta Tags -->\n    <meta\n      property="og:title"\n      content="AgroHub UniRV"\n    />\n    <meta\n      property="og:description"\n      content="Centro de Inova\xc3\xa7\xc3\xa3o e Tecnologia da UniRV. Transforma\xc3\xa7\xc3\xa3o digital, automa\xc3\xa7\xc3\xa3o e sustentabilidade no campo."\n    />\n    <meta property="og:type" content="website" />\n    <meta\n      property="og:url"\n      content="http://testserver/dashboard/"\n    />\n    <meta property="og:site_name" content="AgroHub UniRV" />\n    \n    <link rel="preconnect" href="https://fonts.googleapis.com" />\n    <link rel="preconnect" href="https://fonts.gstatic.com" crossorigin />\n    <link\n      href="https://fonts.googleapis.com/css2?family=Inter:wght@300;400;500;600;700;800&display=swap"\n      rel="stylesheet"\n    />\n    <link rel="preconnect" href="https://cdnjs.cloudflare.com" crossorigin />\n    <link rel="dns-prefetch" href="https://cdnjs.cloudflare.com" />\n    <link rel="icon" type="image/svg+xml" href="/static/img/favicon.dfd545f6460b.svg" />\n    \n\n<link rel="stylesheet" type="text/css" href="/static/css/dist/styles.0ceb2bdffd40.css">\n\n    <link\n      rel="stylesheet"\n      href="https://cdnjs.cloudflare.com/ajax/libs/font-awesome/6.0.0-beta3/css/all.min.css"\n    />\n  </head>\n  <body\n    class="min-h-screen flex flex-col bg-gray-50 "\n  >\n    <!-- Skip to main content link for accessibility (only on list pages) -->\n    \n    <a href="#main-content" class="skip-link"\n      >Pular para o conte\xc3\xbado principal</a\n    >\n    \n\n    <header\n      class="site-header bg-white shadow-sm sticky top-0 z-50 border-b border-gray-200 relative w-full full-bleed"\n    >\n      <div\n        class="absolute top-0 left-0 right-0 w-full bg-gradient-to-r from-unirvBlue to-agrohubBlue"\n        style="height: 4px; z-index: 1"\n      ></div>\n      <nav class="relative z-10 site-nav">\n        <div class="flex justify-between items-center h-16 w-full max-w-7xl mx-auto gap-8 flex-nowrap">\n          <!-- Logo -->\n          <a\n            href="/"\n            class="flex items-center gap-3 flex-shrink-0 mr-auto whitespace-nowrap"\n            aria-label="AgroHub UniRV - Centro de Inova\xc3\xa7\xc3\xa3o e Tecnologia"\n          >\n            <img src="/static/img/Logo.71f707b6c2af.svg" alt="AgroHub UniRV Logo" class="w-10 h-10 flex-shrink-0" />\n            <div class="flex-shrink-0">\n              <div\n                class="font-bold text-unirvBlue text-lg tracking-tight whitespace-nowrap"\n              >\n                AgroHub UniRV\n              </div>\n              <div class="text-xs text-gray-500 whitespace-nowrap">\n                Centro de Inova\xc3\xa7\xc3\xa3o e Tecnologia\n              </div>\n            </div>\n          </a>\n\n          <!-- Desktop Navigation -->\n          <div class="hidden md:flex items-center gap-6 flex-shrink-0 ml-auto whitespace-nowrap flex-nowrap">\n            <a\n              href="/"\n              class="nav-link transition-colors font-medium text-sm whitespace-nowrap flex-shrink-0 text-gray-700 hover:text-unirvBlue"\n            >\n              In\xc3\xadcio\n            </a>\n            <a\n              href="/ambientes-inovacao/"\n              class="nav-link transition-colors font-medium text-sm whitespace-nowrap flex-shrink-0 text-gray-700 hover:text-unirvBlue"\n            >\n              Ambientes de Inova\xc3\xa7\xc3\xa3o\n            </a>\n            <a\n              href="/editais/"\n              class="nav-link transition-colors font-medium text-sm whitespace-nowrap flex-shrink-0 text-gray-700 hover:text-unirvBlue"\n            >\n              Editais\n            </a>\n            <a\n              href="/projetos-aprovados/"\n              class="nav-link transition-colors font-medium text-sm whitespace-nowrap flex-shrink-0 text-gray-700 hover:text-unirvBlue"\n            >\n              Projetos Aprovados\n            </a>\n            \n            <a\n              href="/dashboard/home/"\n              class="nav-cta"\n            >\n              DASHBOARD\n            </a>\n            \n          </div>\n\n          <!-- Mobile menu button -->\n          <button\n            class="mobile-menu-toggle md:hidden p-2"\n            aria-label="Abrir menu de navega\xc3\xa7\xc3\xa3o"\n            aria-expanded="false"\n            aria-controls="navbar-menu"\n          >\n            <span class="hamburger-line"></span>\n            <span class="hamburger-line"></span>\n            <span class="hamburger-line"></span>\n          </button>\n        </div>\n\n        <!-- Mobile Navigation -->\n        <div class="navbar-right md:hidden" id="navbar-menu">\n          <ul class="flex flex-col">\n            <li>\n              <a\n                href="/"\n                class="nav-link block px-4 py-2 text-gray-700 hover:bg-gray-50"\n                >In\xc3\xadcio</a\n              >\n            </li>\n            <li>\n              <a\n                href="/ambientes-inovacao/"\n                class="nav-link block px-4 py-2 text-gray-700 hover:bg-gray-50"\n                >Ambientes de Inova\xc3\xa7\xc3\xa3o</a\n              >\n            </li>\n            <li>\n              <a\n                href="/editais/"\n                class="nav-link block px-4 py-2 text-gray-700 hover:bg-gray-50"\n                >Editais</a\n              >\n            </li>\n            <li>\n              <a\n                href="/projetos-aprovados/"\n                class="nav-link block px-4 py-2 text-gray-700 hover:bg-gray-50"\n                >Projetos Aprovados</a\n              >\n            </li>\n            <li>\n              \n              <a\n                href="/dashboard/home/"\n                class="nav-cta block mx-4 mt-4 text-center"\n              >\n                Dashboard\n              </a>\n              \n            </li>\n          </ul>\n        </div>\n      </nav>\n    </header>\n\n    <main class="flex-1 w-full" style="width: 100%; margin: 0; padding: 0">\n      <div style="width: 100%; margin: 0; padding: 0">\n        \n\n<nav class="breadcrumb" aria-label="Breadcrumb">\n    <ol class="breadcrumb-list">\n        <li class="breadcrumb-item">\n            <a href="/editais/">\n                <i class="fas fa-home" aria-hidden="true"></i>\n                <span>Editais</span>\n            </a>\n        </li>\n        \n    </ol>\n</nav>\n\n\n\n<li class="breadcrumb-item" aria-current="page">\n    <span>Dashboard</span>\n</li>\n\n\n        <div class="content-area" id="main-content" style="width: 100%">\n           \n<div class="dashboard-page">\n    <div class="dashboard-header">\n        <h1>Dashboard Administrativo</h1>\n        <p class="dashboard-subtitle">Vis\xc3\xa3o geral do sistema de editais</p>\n    </div>\n\n    <!-- Statistics Cards -->\n    <div class="stats-grid">\n        <div class="stat-card">\n            <div class="stat-icon stat-total">\n                <i class="fas fa-file-alt" aria-hidden="true"></i>\n            </div>\n            <div class="stat-content">\n                <h3 class="stat-value">2</h3>\n                <p class="stat-label">Total de Editais</p>\n            </div>\n        </div>\n\n        \n        <div class="stat-card">\n            <div class="stat-icon stat-aberto">\n                <i class="fas fa-tag" aria-hidden="true"></i>\n            </div>\n            <div class="stat-content">\n                <h3 class="stat-value">1</h3>\n                <p class="stat-label">Aberto</p>\n            </div>\n        </div>\n        \n        <div class="stat-card">\n            <div class="stat-icon stat-fechado">\n                <i class="fas fa-tag" aria-hidden="true"></i>\n            </div>\n            <div class="stat-content">\n                <h3 class="stat-value">1</h3>\n                <p class="stat-label">Fechado</p>\n            </div>\n        </div>\n        \n    </div>\n\n    <!-- Recent Activities -->\n    <div class="dashboard-section">\n        <h2>Editais Recentes (\xc3\x9altimos 7 dias)</h2>\n        \n        <div class="editais-list">\n            \n            <div class="edital-item-small">\n                <a href="/edital/edital-fechado/" class="edital-link-small">\n                    Edital Fechado\n                </a>\n                <div class="edital-meta-small">\n                    <span class="status-badge status-fechado">Fechado</span>\n                    <span class="edital-date">Criado em 24/11/2025</span>\n                    \n                </div>\n            </div>\n            \n            <div class="edital-item-small">\n                <a href="/edital/edital-aberto/" class="edital-link-small">\n                    Edital Aberto\n                </a>\n                <div class="edital-meta-small">\n                    <span class="status-badge status-aberto">Aberto</span>\n                    <span class="edital-date">Criado em 24/11/2025</span>\n                    \n                    <span class="edital-author">por staff</span>\n                    \n                </div>\n            </div>\n            \n        </div>\n        \n    </div>\n\n    <!-- Editais Pr\xc3\xb3ximos do Prazo -->\n    <div class="dashboard-section">\n        <h2>Editais Pr\xc3\xb3ximos do Prazo (7 dias)</h2>\n        \n        <p class="empty-message">Nenhum edital pr\xc3\xb3ximo do prazo.</p>\n        \n    </div>\n\n    <!-- Top Entidades -->\n    \n    <div class="dashboard-section">\n        <h2>Top 10 Entidades</h2>\n        <div class="entidades-list">\n            \n            <div class="entidade-item">\n                <span class="entidade-name">CNPq</span>\n                <span class="entidade-count">1 edital(is)</span>\n            </div>\n            \n            <div class="entidade-item">\n                <span class="entidade-name">FAPEG</span>\n                <span class="entidade-count">1 edital(is)</span>\n            </div>\n            \n        </div>\n    </div>\n    \n\n    <!-- Quick Actions -->\n    <div class="dashboard-actions">\n        <a href="/cadastrar/" class="btn btn-primary">\n            <i class="fas fa-plus" aria-hidden="true"></i> Criar Novo Edital\n        </a>\n        <a href="/editais/" class="btn btn-secondary">\n            <i class="fas fa-list" aria-hidden="true"></i> Ver Todos os Editais\n        </a>\n        <a href="/export/csv/" class="btn btn-outline">\n            <i class="fas fa-download" aria-hidden="true"></i> Exportar CSV\n        </a>\n    </div>\n</div>\n\n        </div>\n      </div>\n    </main>\n\n    <!-- Footer -->\n    <footer\n      class="site-footer text-white w-full full-bleed bg-unirvBlue"\n    >\n      <div class="container mx-auto px-4 sm:px-6 lg:px-8 py-16">\n        <div class="grid grid-cols-1 md:grid-cols-4 gap-12 mb-12">\n          <div class="md:col-span-2">\n            <div class="flex items-center gap-3 mb-6">\n              <img src="/static/img/Logo.71f707b6c2af.svg" alt="AgroHub UniRV Logo" class="w-12 h-12" />\n              <div>\n                <div class="font-bold text-xl">AgroHub UniRV</div>\n                <div class="text-sm text-gray-400">\n                  NIT - N\xc3\xbacleo de Inova\xc3\xa7\xc3\xa3o e Tecnologia\n                </div>\n              </div>\n            </div>\n            <p class="text-gray-400 text-sm leading-relaxed max-w-md">\n              Centro de Inova\xc3\xa7\xc3\xa3o e Tecnologia apoiado pela FINEP, voltado \xc3\xa0\n              transforma\xc3\xa7\xc3\xa3o digital do agroneg\xc3\xb3cio em Goi\xc3\xa1s. Conectamos\n              pesquisa, startups e o setor produtivo.\n            </p>\n          </div>\n\n          <div>\n            <h3 class="font-bold mb-6 text-white">Links R\xc3\xa1pidos</h3>\n            <ul class="space-y-3">\n              <li>\n                <a\n                  href="/"\n                  class="text-gray-400 hover:text-white text-sm transition-colors inline-flex items-center gap-2 group"\n                >\n                  <span\n                    class="w-1.5 h-1.5 bg-green-500 rounded-full opacity-0 group-hover:opacity-100 transition-opacity"\n                  ></span>\n                  In\xc3\xadcio\n                </a>\n              </li>\n              <li>\n                <a\n                  href="/ambientes-inovacao/"\n                  class="text-gray-400 hover:text-white text-sm transition-colors inline-flex items-center gap-2 group"\n                >\n                  <span\n                    class="w-1.5 h-1.5 bg-green-500 rounded-full opacity-0 group-hover:opacity-100 transition-opacity"\n                  ></span>\n                  Ambientes de Inova\xc3\xa7\xc3\xa3o\n                </a>\n              </li>\n              <li>\n                <a\n                  href="/editais/"\n                  class="text-gray-400 hover:text-white text-sm transition-colors inline-flex items-center gap-2 group"\n                >\n                  <span\n                    class="w-1.5 h-1.5 bg-green-500 rounded-full opacity-0 group-hover:opacity-100 transition-opacity"\n                  ></span>\n                  Editais\n                </a>\n              </li>\n              <li>\n                <a\n                  href="/projetos-aprovados/"\n                  class="text-gray-400 hover:text-white text-sm transition-colors inline-flex items-center gap-2 group"\n                >\n                  <span\n                    class="w-1.5 h-1.5 bg-green-500 rounded-full opacity-0 group-hover:opacity-100 transition-opacity"\n                  ></span>\n                  Projetos Aprovados\n                </a>\n              </li>\n            </ul>\n          </div>\n\n          <div>\n            <h3 class="font-bold mb-6 text-white">Contato</h3>\n            <ul class="space-y-4 text-sm text-gray-400">\n              <li>\n                <a\n                  href="mailto:ypetec@unirv.edu.br"\n                  class="hover:text-white transition-colors flex items-start gap-2"\n                >\n                  <span class="text-green-500 mt-0.5">\xe2\x9c\x89</span>\n                  ypetec@unirv.edu.br\n                </a>\n              </li>\n              <li>\n                <a\n                  href="tel:+556298172-9376"\n                  class="hover:text-white transition-colors flex items-start gap-2"\n                >\n                  <span class="text-green-500 mt-0.5">\xe2\x98\x8e</span>\n                  (62) 98172-9376\n                </a>\n              </li>\n              <li class="pt-2">\n                <a\n                  href="https://www.unirv.edu.br"\n                  target="_blank"\n                  rel="noopener noreferrer"\n                  class="hover:text-white transition-colors flex items-start gap-2"\n                >\n                  <span class="text-green-500 mt-0.5">\xf0\x9f\x8c\x90</span>\n                  www.unirv.edu.br\n                </a>\n              </li>\n            </ul>\n          </div>\n        </div>\n\n        <div class="border-t border-gray-800 pt-8">\n          <div\n            class="flex flex-col md:flex-row justify-between items-center gap-4"\n          >\n            <p class="text-sm text-gray-400">\n              \xc2\xa9 2025 AgroHub UniRV. Todos os direitos reservados.\n            </p>\n            <div class="flex gap-4 text-sm text-gray-400">\n              <a href="#" class="hover:text-white transition-colors"\n                >Pol\xc3\xadtica de Privacidade</a\n              >\n              <span>\xe2\x80\xa2</span>\n              <a href="#" class="hover:text-white transition-colors"\n                >Termos de Uso</a\n              >\n            </div>\n          </div>\n        </div>\n      </div>\n    </footer>\n\n    <script src="/static/js/main.8e4973d71f3a.js"></script>\n    \n  </body>\n</html>\n'

======================================================================
FAIL: test_dashboard_shows_recent_editais (editais.tests.test_admin.AdminDashboardTest.test_dashboard_shows_recent_editais)
Testa que o dashboard exibe editais recentes (·ltimos 7 dias).
----------------------------------------------------------------------
Traceback (most recent call last):
  File "C:\Github\UniRV-Django\editais\tests\test_admin.py", line 631, in test_dashboard_shows_recent_editais
    self.assertContains(resp, recent_edital.titulo, status_code=200)
    ~~~~~~~~~~~~~~~~~~~^^^^^^^^^^^^^^^^^^^^^^^^^^^^^^^^^^^^^^^^^^^^^
AssertionError: False is not true : Couldn't find 'Edital Recente' in the following response
b'<!DOCTYPE html>\n<html lang="pt-BR">\n  <head>\n    <meta charset="UTF-8" />\n    <meta name="viewport" content="width=device-width, initial-scale=1.0" />\n    <title>\n      Dashboard Administrativo - AgroHub UniRV\n    </title>\n\n    <!-- SEO Meta Tags -->\n    <meta\n      name="description"\n      content="AgroHub UniRV - Centro de Inova\xc3\xa7\xc3\xa3o e Tecnologia da Universidade de Rio Verde. Conectando pesquisa, startups, ind\xc3\xbastria e produtores rurais para impulsionar o Agro 4.0."\n    />\n    <meta\n      name="keywords"\n      content="AgroHub, UniRV, inova\xc3\xa7\xc3\xa3o, agroneg\xc3\xb3cio, startups, YpeTec, FabLab, FINEP, Rio Verde"\n    />\n    <meta name="author" content="UniRV - Universidade de Rio Verde" />\n    <meta name="robots" content="index, follow" />\n\n    <!-- Open Graph / Social Media Meta Tags -->\n    <meta\n      property="og:title"\n      content="AgroHub UniRV"\n    />\n    <meta\n      property="og:description"\n      content="Centro de Inova\xc3\xa7\xc3\xa3o e Tecnologia da UniRV. Transforma\xc3\xa7\xc3\xa3o digital, automa\xc3\xa7\xc3\xa3o e sustentabilidade no campo."\n    />\n    <meta property="og:type" content="website" />\n    <meta\n      property="og:url"\n      content="http://testserver/dashboard/"\n    />\n    <meta property="og:site_name" content="AgroHub UniRV" />\n    \n    <link rel="preconnect" href="https://fonts.googleapis.com" />\n    <link rel="preconnect" href="https://fonts.gstatic.com" crossorigin />\n    <link\n      href="https://fonts.googleapis.com/css2?family=Inter:wght@300;400;500;600;700;800&display=swap"\n      rel="stylesheet"\n    />\n    <link rel="preconnect" href="https://cdnjs.cloudflare.com" crossorigin />\n    <link rel="dns-prefetch" href="https://cdnjs.cloudflare.com" />\n    <link rel="icon" type="image/svg+xml" href="/static/img/favicon.dfd545f6460b.svg" />\n    \n\n<link rel="stylesheet" type="text/css" href="/static/css/dist/styles.0ceb2bdffd40.css">\n\n    <link\n      rel="stylesheet"\n      href="https://cdnjs.cloudflare.com/ajax/libs/font-awesome/6.0.0-beta3/css/all.min.css"\n    />\n  </head>\n  <body\n    class="min-h-screen flex flex-col bg-gray-50 "\n  >\n    <!-- Skip to main content link for accessibility (only on list pages) -->\n    \n    <a href="#main-content" class="skip-link"\n      >Pular para o conte\xc3\xbado principal</a\n    >\n    \n\n    <header\n      class="site-header bg-white shadow-sm sticky top-0 z-50 border-b border-gray-200 relative w-full full-bleed"\n    >\n      <div\n        class="absolute top-0 left-0 right-0 w-full bg-gradient-to-r from-unirvBlue to-agrohubBlue"\n        style="height: 4px; z-index: 1"\n      ></div>\n      <nav class="relative z-10 site-nav">\n        <div class="flex justify-between items-center h-16 w-full max-w-7xl mx-auto gap-8 flex-nowrap">\n          <!-- Logo -->\n          <a\n            href="/"\n            class="flex items-center gap-3 flex-shrink-0 mr-auto whitespace-nowrap"\n            aria-label="AgroHub UniRV - Centro de Inova\xc3\xa7\xc3\xa3o e Tecnologia"\n          >\n            <img src="/static/img/Logo.71f707b6c2af.svg" alt="AgroHub UniRV Logo" class="w-10 h-10 flex-shrink-0" />\n            <div class="flex-shrink-0">\n              <div\n                class="font-bold text-unirvBlue text-lg tracking-tight whitespace-nowrap"\n              >\n                AgroHub UniRV\n              </div>\n              <div class="text-xs text-gray-500 whitespace-nowrap">\n                Centro de Inova\xc3\xa7\xc3\xa3o e Tecnologia\n              </div>\n            </div>\n          </a>\n\n          <!-- Desktop Navigation -->\n          <div class="hidden md:flex items-center gap-6 flex-shrink-0 ml-auto whitespace-nowrap flex-nowrap">\n            <a\n              href="/"\n              class="nav-link transition-colors font-medium text-sm whitespace-nowrap flex-shrink-0 text-gray-700 hover:text-unirvBlue"\n            >\n              In\xc3\xadcio\n            </a>\n            <a\n              href="/ambientes-inovacao/"\n              class="nav-link transition-colors font-medium text-sm whitespace-nowrap flex-shrink-0 text-gray-700 hover:text-unirvBlue"\n            >\n              Ambientes de Inova\xc3\xa7\xc3\xa3o\n            </a>\n            <a\n              href="/editais/"\n              class="nav-link transition-colors font-medium text-sm whitespace-nowrap flex-shrink-0 text-gray-700 hover:text-unirvBlue"\n            >\n              Editais\n            </a>\n            <a\n              href="/projetos-aprovados/"\n              class="nav-link transition-colors font-medium text-sm whitespace-nowrap flex-shrink-0 text-gray-700 hover:text-unirvBlue"\n            >\n              Projetos Aprovados\n            </a>\n            \n            <a\n              href="/dashboard/home/"\n              class="nav-cta"\n            >\n              DASHBOARD\n            </a>\n            \n          </div>\n\n          <!-- Mobile menu button -->\n          <button\n            class="mobile-menu-toggle md:hidden p-2"\n            aria-label="Abrir menu de navega\xc3\xa7\xc3\xa3o"\n            aria-expanded="false"\n            aria-controls="navbar-menu"\n          >\n            <span class="hamburger-line"></span>\n            <span class="hamburger-line"></span>\n            <span class="hamburger-line"></span>\n          </button>\n        </div>\n\n        <!-- Mobile Navigation -->\n        <div class="navbar-right md:hidden" id="navbar-menu">\n          <ul class="flex flex-col">\n            <li>\n              <a\n                href="/"\n                class="nav-link block px-4 py-2 text-gray-700 hover:bg-gray-50"\n                >In\xc3\xadcio</a\n              >\n            </li>\n            <li>\n              <a\n                href="/ambientes-inovacao/"\n                class="nav-link block px-4 py-2 text-gray-700 hover:bg-gray-50"\n                >Ambientes de Inova\xc3\xa7\xc3\xa3o</a\n              >\n            </li>\n            <li>\n              <a\n                href="/editais/"\n                class="nav-link block px-4 py-2 text-gray-700 hover:bg-gray-50"\n                >Editais</a\n              >\n            </li>\n            <li>\n              <a\n                href="/projetos-aprovados/"\n                class="nav-link block px-4 py-2 text-gray-700 hover:bg-gray-50"\n                >Projetos Aprovados</a\n              >\n            </li>\n            <li>\n              \n              <a\n                href="/dashboard/home/"\n                class="nav-cta block mx-4 mt-4 text-center"\n              >\n                Dashboard\n              </a>\n              \n            </li>\n          </ul>\n        </div>\n      </nav>\n    </header>\n\n    <main class="flex-1 w-full" style="width: 100%; margin: 0; padding: 0">\n      <div style="width: 100%; margin: 0; padding: 0">\n        \n\n<nav class="breadcrumb" aria-label="Breadcrumb">\n    <ol class="breadcrumb-list">\n        <li class="breadcrumb-item">\n            <a href="/editais/">\n                <i class="fas fa-home" aria-hidden="true"></i>\n                <span>Editais</span>\n            </a>\n        </li>\n        \n    </ol>\n</nav>\n\n\n\n<li class="breadcrumb-item" aria-current="page">\n    <span>Dashboard</span>\n</li>\n\n\n        <div class="content-area" id="main-content" style="width: 100%">\n           \n<div class="dashboard-page">\n    <div class="dashboard-header">\n        <h1>Dashboard Administrativo</h1>\n        <p class="dashboard-subtitle">Vis\xc3\xa3o geral do sistema de editais</p>\n    </div>\n\n    <!-- Statistics Cards -->\n    <div class="stats-grid">\n        <div class="stat-card">\n            <div class="stat-icon stat-total">\n                <i class="fas fa-file-alt" aria-hidden="true"></i>\n            </div>\n            <div class="stat-content">\n                <h3 class="stat-value">2</h3>\n                <p class="stat-label">Total de Editais</p>\n            </div>\n        </div>\n\n        \n        <div class="stat-card">\n            <div class="stat-icon stat-aberto">\n                <i class="fas fa-tag" aria-hidden="true"></i>\n            </div>\n            <div class="stat-content">\n                <h3 class="stat-value">1</h3>\n                <p class="stat-label">Aberto</p>\n            </div>\n        </div>\n        \n        <div class="stat-card">\n            <div class="stat-icon stat-fechado">\n                <i class="fas fa-tag" aria-hidden="true"></i>\n            </div>\n            <div class="stat-content">\n                <h3 class="stat-value">1</h3>\n                <p class="stat-label">Fechado</p>\n            </div>\n        </div>\n        \n    </div>\n\n    <!-- Recent Activities -->\n    <div class="dashboard-section">\n        <h2>Editais Recentes (\xc3\x9altimos 7 dias)</h2>\n        \n        <div class="editais-list">\n            \n            <div class="edital-item-small">\n                <a href="/edital/edital-fechado/" class="edital-link-small">\n                    Edital Fechado\n                </a>\n                <div class="edital-meta-small">\n                    <span class="status-badge status-fechado">Fechado</span>\n                    <span class="edital-date">Criado em 24/11/2025</span>\n                    \n                </div>\n            </div>\n            \n            <div class="edital-item-small">\n                <a href="/edital/edital-aberto/" class="edital-link-small">\n                    Edital Aberto\n                </a>\n                <div class="edital-meta-small">\n                    <span class="status-badge status-aberto">Aberto</span>\n                    <span class="edital-date">Criado em 24/11/2025</span>\n                    \n                    <span class="edital-author">por staff</span>\n                    \n                </div>\n            </div>\n            \n        </div>\n        \n    </div>\n\n    <!-- Editais Pr\xc3\xb3ximos do Prazo -->\n    <div class="dashboard-section">\n        <h2>Editais Pr\xc3\xb3ximos do Prazo (7 dias)</h2>\n        \n        <p class="empty-message">Nenhum edital pr\xc3\xb3ximo do prazo.</p>\n        \n    </div>\n\n    <!-- Top Entidades -->\n    \n    <div class="dashboard-section">\n        <h2>Top 10 Entidades</h2>\n        <div class="entidades-list">\n            \n            <div class="entidade-item">\n                <span class="entidade-name">CNPq</span>\n                <span class="entidade-count">1 edital(is)</span>\n            </div>\n            \n            <div class="entidade-item">\n                <span class="entidade-name">FAPEG</span>\n                <span class="entidade-count">1 edital(is)</span>\n            </div>\n            \n        </div>\n    </div>\n    \n\n    <!-- Quick Actions -->\n    <div class="dashboard-actions">\n        <a href="/cadastrar/" class="btn btn-primary">\n            <i class="fas fa-plus" aria-hidden="true"></i> Criar Novo Edital\n        </a>\n        <a href="/editais/" class="btn btn-secondary">\n            <i class="fas fa-list" aria-hidden="true"></i> Ver Todos os Editais\n        </a>\n        <a href="/export/csv/" class="btn btn-outline">\n            <i class="fas fa-download" aria-hidden="true"></i> Exportar CSV\n        </a>\n    </div>\n</div>\n\n        </div>\n      </div>\n    </main>\n\n    <!-- Footer -->\n    <footer\n      class="site-footer text-white w-full full-bleed bg-unirvBlue"\n    >\n      <div class="container mx-auto px-4 sm:px-6 lg:px-8 py-16">\n        <div class="grid grid-cols-1 md:grid-cols-4 gap-12 mb-12">\n          <div class="md:col-span-2">\n            <div class="flex items-center gap-3 mb-6">\n              <img src="/static/img/Logo.71f707b6c2af.svg" alt="AgroHub UniRV Logo" class="w-12 h-12" />\n              <div>\n                <div class="font-bold text-xl">AgroHub UniRV</div>\n                <div class="text-sm text-gray-400">\n                  NIT - N\xc3\xbacleo de Inova\xc3\xa7\xc3\xa3o e Tecnologia\n                </div>\n              </div>\n            </div>\n            <p class="text-gray-400 text-sm leading-relaxed max-w-md">\n              Centro de Inova\xc3\xa7\xc3\xa3o e Tecnologia apoiado pela FINEP, voltado \xc3\xa0\n              transforma\xc3\xa7\xc3\xa3o digital do agroneg\xc3\xb3cio em Goi\xc3\xa1s. Conectamos\n              pesquisa, startups e o setor produtivo.\n            </p>\n          </div>\n\n          <div>\n            <h3 class="font-bold mb-6 text-white">Links R\xc3\xa1pidos</h3>\n            <ul class="space-y-3">\n              <li>\n                <a\n                  href="/"\n                  class="text-gray-400 hover:text-white text-sm transition-colors inline-flex items-center gap-2 group"\n                >\n                  <span\n                    class="w-1.5 h-1.5 bg-green-500 rounded-full opacity-0 group-hover:opacity-100 transition-opacity"\n                  ></span>\n                  In\xc3\xadcio\n                </a>\n              </li>\n              <li>\n                <a\n                  href="/ambientes-inovacao/"\n                  class="text-gray-400 hover:text-white text-sm transition-colors inline-flex items-center gap-2 group"\n                >\n                  <span\n                    class="w-1.5 h-1.5 bg-green-500 rounded-full opacity-0 group-hover:opacity-100 transition-opacity"\n                  ></span>\n                  Ambientes de Inova\xc3\xa7\xc3\xa3o\n                </a>\n              </li>\n              <li>\n                <a\n                  href="/editais/"\n                  class="text-gray-400 hover:text-white text-sm transition-colors inline-flex items-center gap-2 group"\n                >\n                  <span\n                    class="w-1.5 h-1.5 bg-green-500 rounded-full opacity-0 group-hover:opacity-100 transition-opacity"\n                  ></span>\n                  Editais\n                </a>\n              </li>\n              <li>\n                <a\n                  href="/projetos-aprovados/"\n                  class="text-gray-400 hover:text-white text-sm transition-colors inline-flex items-center gap-2 group"\n                >\n                  <span\n                    class="w-1.5 h-1.5 bg-green-500 rounded-full opacity-0 group-hover:opacity-100 transition-opacity"\n                  ></span>\n                  Projetos Aprovados\n                </a>\n              </li>\n            </ul>\n          </div>\n\n          <div>\n            <h3 class="font-bold mb-6 text-white">Contato</h3>\n            <ul class="space-y-4 text-sm text-gray-400">\n              <li>\n                <a\n                  href="mailto:ypetec@unirv.edu.br"\n                  class="hover:text-white transition-colors flex items-start gap-2"\n                >\n                  <span class="text-green-500 mt-0.5">\xe2\x9c\x89</span>\n                  ypetec@unirv.edu.br\n                </a>\n              </li>\n              <li>\n                <a\n                  href="tel:+556298172-9376"\n                  class="hover:text-white transition-colors flex items-start gap-2"\n                >\n                  <span class="text-green-500 mt-0.5">\xe2\x98\x8e</span>\n                  (62) 98172-9376\n                </a>\n              </li>\n              <li class="pt-2">\n                <a\n                  href="https://www.unirv.edu.br"\n                  target="_blank"\n                  rel="noopener noreferrer"\n                  class="hover:text-white transition-colors flex items-start gap-2"\n                >\n                  <span class="text-green-500 mt-0.5">\xf0\x9f\x8c\x90</span>\n                  www.unirv.edu.br\n                </a>\n              </li>\n            </ul>\n          </div>\n        </div>\n\n        <div class="border-t border-gray-800 pt-8">\n          <div\n            class="flex flex-col md:flex-row justify-between items-center gap-4"\n          >\n            <p class="text-sm text-gray-400">\n              \xc2\xa9 2025 AgroHub UniRV. Todos os direitos reservados.\n            </p>\n            <div class="flex gap-4 text-sm text-gray-400">\n              <a href="#" class="hover:text-white transition-colors"\n                >Pol\xc3\xadtica de Privacidade</a\n              >\n              <span>\xe2\x80\xa2</span>\n              <a href="#" class="hover:text-white transition-colors"\n                >Termos de Uso</a\n              >\n            </div>\n          </div>\n        </div>\n      </div>\n    </footer>\n\n    <script src="/static/js/main.8e4973d71f3a.js"></script>\n    \n  </body>\n</html>\n'

======================================================================
FAIL: test_staff_can_access_dashboard (editais.tests.test_admin.AdminDashboardTest.test_staff_can_access_dashboard)
Testa que usußrios is_staff podem acessar o dashboard.
----------------------------------------------------------------------
Traceback (most recent call last):
  File "C:\Github\UniRV-Django\editais\tests\test_admin.py", line 587, in test_staff_can_access_dashboard
    self.assertContains(resp, 'Estatφsticas')
    ~~~~~~~~~~~~~~~~~~~^^^^^^^^^^^^^^^^^^^^^^
AssertionError: False is not true : Couldn't find 'Estatφsticas' in the following response
b'<!DOCTYPE html>\n<html lang="pt-BR">\n  <head>\n    <meta charset="UTF-8" />\n    <meta name="viewport" content="width=device-width, initial-scale=1.0" />\n    <title>\n      Dashboard Administrativo - AgroHub UniRV\n    </title>\n\n    <!-- SEO Meta Tags -->\n    <meta\n      name="description"\n      content="AgroHub UniRV - Centro de Inova\xc3\xa7\xc3\xa3o e Tecnologia da Universidade de Rio Verde. Conectando pesquisa, startups, ind\xc3\xbastria e produtores rurais para impulsionar o Agro 4.0."\n    />\n    <meta\n      name="keywords"\n      content="AgroHub, UniRV, inova\xc3\xa7\xc3\xa3o, agroneg\xc3\xb3cio, startups, YpeTec, FabLab, FINEP, Rio Verde"\n    />\n    <meta name="author" content="UniRV - Universidade de Rio Verde" />\n    <meta name="robots" content="index, follow" />\n\n    <!-- Open Graph / Social Media Meta Tags -->\n    <meta\n      property="og:title"\n      content="AgroHub UniRV"\n    />\n    <meta\n      property="og:description"\n      content="Centro de Inova\xc3\xa7\xc3\xa3o e Tecnologia da UniRV. Transforma\xc3\xa7\xc3\xa3o digital, automa\xc3\xa7\xc3\xa3o e sustentabilidade no campo."\n    />\n    <meta property="og:type" content="website" />\n    <meta\n      property="og:url"\n      content="http://testserver/dashboard/"\n    />\n    <meta property="og:site_name" content="AgroHub UniRV" />\n    \n    <link rel="preconnect" href="https://fonts.googleapis.com" />\n    <link rel="preconnect" href="https://fonts.gstatic.com" crossorigin />\n    <link\n      href="https://fonts.googleapis.com/css2?family=Inter:wght@300;400;500;600;700;800&display=swap"\n      rel="stylesheet"\n    />\n    <link rel="preconnect" href="https://cdnjs.cloudflare.com" crossorigin />\n    <link rel="dns-prefetch" href="https://cdnjs.cloudflare.com" />\n    <link rel="icon" type="image/svg+xml" href="/static/img/favicon.dfd545f6460b.svg" />\n    \n\n<link rel="stylesheet" type="text/css" href="/static/css/dist/styles.0ceb2bdffd40.css">\n\n    <link\n      rel="stylesheet"\n      href="https://cdnjs.cloudflare.com/ajax/libs/font-awesome/6.0.0-beta3/css/all.min.css"\n    />\n  </head>\n  <body\n    class="min-h-screen flex flex-col bg-gray-50 "\n  >\n    <!-- Skip to main content link for accessibility (only on list pages) -->\n    \n    <a href="#main-content" class="skip-link"\n      >Pular para o conte\xc3\xbado principal</a\n    >\n    \n\n    <header\n      class="site-header bg-white shadow-sm sticky top-0 z-50 border-b border-gray-200 relative w-full full-bleed"\n    >\n      <div\n        class="absolute top-0 left-0 right-0 w-full bg-gradient-to-r from-unirvBlue to-agrohubBlue"\n        style="height: 4px; z-index: 1"\n      ></div>\n      <nav class="relative z-10 site-nav">\n        <div class="flex justify-between items-center h-16 w-full max-w-7xl mx-auto gap-8 flex-nowrap">\n          <!-- Logo -->\n          <a\n            href="/"\n            class="flex items-center gap-3 flex-shrink-0 mr-auto whitespace-nowrap"\n            aria-label="AgroHub UniRV - Centro de Inova\xc3\xa7\xc3\xa3o e Tecnologia"\n          >\n            <img src="/static/img/Logo.71f707b6c2af.svg" alt="AgroHub UniRV Logo" class="w-10 h-10 flex-shrink-0" />\n            <div class="flex-shrink-0">\n              <div\n                class="font-bold text-unirvBlue text-lg tracking-tight whitespace-nowrap"\n              >\n                AgroHub UniRV\n              </div>\n              <div class="text-xs text-gray-500 whitespace-nowrap">\n                Centro de Inova\xc3\xa7\xc3\xa3o e Tecnologia\n              </div>\n            </div>\n          </a>\n\n          <!-- Desktop Navigation -->\n          <div class="hidden md:flex items-center gap-6 flex-shrink-0 ml-auto whitespace-nowrap flex-nowrap">\n            <a\n              href="/"\n              class="nav-link transition-colors font-medium text-sm whitespace-nowrap flex-shrink-0 text-gray-700 hover:text-unirvBlue"\n            >\n              In\xc3\xadcio\n            </a>\n            <a\n              href="/ambientes-inovacao/"\n              class="nav-link transition-colors font-medium text-sm whitespace-nowrap flex-shrink-0 text-gray-700 hover:text-unirvBlue"\n            >\n              Ambientes de Inova\xc3\xa7\xc3\xa3o\n            </a>\n            <a\n              href="/editais/"\n              class="nav-link transition-colors font-medium text-sm whitespace-nowrap flex-shrink-0 text-gray-700 hover:text-unirvBlue"\n            >\n              Editais\n            </a>\n            <a\n              href="/projetos-aprovados/"\n              class="nav-link transition-colors font-medium text-sm whitespace-nowrap flex-shrink-0 text-gray-700 hover:text-unirvBlue"\n            >\n              Projetos Aprovados\n            </a>\n            \n            <a\n              href="/dashboard/home/"\n              class="nav-cta"\n            >\n              DASHBOARD\n            </a>\n            \n          </div>\n\n          <!-- Mobile menu button -->\n          <button\n            class="mobile-menu-toggle md:hidden p-2"\n            aria-label="Abrir menu de navega\xc3\xa7\xc3\xa3o"\n            aria-expanded="false"\n            aria-controls="navbar-menu"\n          >\n            <span class="hamburger-line"></span>\n            <span class="hamburger-line"></span>\n            <span class="hamburger-line"></span>\n          </button>\n        </div>\n\n        <!-- Mobile Navigation -->\n        <div class="navbar-right md:hidden" id="navbar-menu">\n          <ul class="flex flex-col">\n            <li>\n              <a\n                href="/"\n                class="nav-link block px-4 py-2 text-gray-700 hover:bg-gray-50"\n                >In\xc3\xadcio</a\n              >\n            </li>\n            <li>\n              <a\n                href="/ambientes-inovacao/"\n                class="nav-link block px-4 py-2 text-gray-700 hover:bg-gray-50"\n                >Ambientes de Inova\xc3\xa7\xc3\xa3o</a\n              >\n            </li>\n            <li>\n              <a\n                href="/editais/"\n                class="nav-link block px-4 py-2 text-gray-700 hover:bg-gray-50"\n                >Editais</a\n              >\n            </li>\n            <li>\n              <a\n                href="/projetos-aprovados/"\n                class="nav-link block px-4 py-2 text-gray-700 hover:bg-gray-50"\n                >Projetos Aprovados</a\n              >\n            </li>\n            <li>\n              \n              <a\n                href="/dashboard/home/"\n                class="nav-cta block mx-4 mt-4 text-center"\n              >\n                Dashboard\n              </a>\n              \n            </li>\n          </ul>\n        </div>\n      </nav>\n    </header>\n\n    <main class="flex-1 w-full" style="width: 100%; margin: 0; padding: 0">\n      <div style="width: 100%; margin: 0; padding: 0">\n        \n\n<nav class="breadcrumb" aria-label="Breadcrumb">\n    <ol class="breadcrumb-list">\n        <li class="breadcrumb-item">\n            <a href="/editais/">\n                <i class="fas fa-home" aria-hidden="true"></i>\n                <span>Editais</span>\n            </a>\n        </li>\n        \n    </ol>\n</nav>\n\n\n\n<li class="breadcrumb-item" aria-current="page">\n    <span>Dashboard</span>\n</li>\n\n\n        <div class="content-area" id="main-content" style="width: 100%">\n           \n<div class="dashboard-page">\n    <div class="dashboard-header">\n        <h1>Dashboard Administrativo</h1>\n        <p class="dashboard-subtitle">Vis\xc3\xa3o geral do sistema de editais</p>\n    </div>\n\n    <!-- Statistics Cards -->\n    <div class="stats-grid">\n        <div class="stat-card">\n            <div class="stat-icon stat-total">\n                <i class="fas fa-file-alt" aria-hidden="true"></i>\n            </div>\n            <div class="stat-content">\n                <h3 class="stat-value">2</h3>\n                <p class="stat-label">Total de Editais</p>\n            </div>\n        </div>\n\n        \n        <div class="stat-card">\n            <div class="stat-icon stat-aberto">\n                <i class="fas fa-tag" aria-hidden="true"></i>\n            </div>\n            <div class="stat-content">\n                <h3 class="stat-value">1</h3>\n                <p class="stat-label">Aberto</p>\n            </div>\n        </div>\n        \n        <div class="stat-card">\n            <div class="stat-icon stat-fechado">\n                <i class="fas fa-tag" aria-hidden="true"></i>\n            </div>\n            <div class="stat-content">\n                <h3 class="stat-value">1</h3>\n                <p class="stat-label">Fechado</p>\n            </div>\n        </div>\n        \n    </div>\n\n    <!-- Recent Activities -->\n    <div class="dashboard-section">\n        <h2>Editais Recentes (\xc3\x9altimos 7 dias)</h2>\n        \n        <div class="editais-list">\n            \n            <div class="edital-item-small">\n                <a href="/edital/edital-fechado/" class="edital-link-small">\n                    Edital Fechado\n                </a>\n                <div class="edital-meta-small">\n                    <span class="status-badge status-fechado">Fechado</span>\n                    <span class="edital-date">Criado em 24/11/2025</span>\n                    \n                </div>\n            </div>\n            \n            <div class="edital-item-small">\n                <a href="/edital/edital-aberto/" class="edital-link-small">\n                    Edital Aberto\n                </a>\n                <div class="edital-meta-small">\n                    <span class="status-badge status-aberto">Aberto</span>\n                    <span class="edital-date">Criado em 24/11/2025</span>\n                    \n                    <span class="edital-author">por staff</span>\n                    \n                </div>\n            </div>\n            \n        </div>\n        \n    </div>\n\n    <!-- Editais Pr\xc3\xb3ximos do Prazo -->\n    <div class="dashboard-section">\n        <h2>Editais Pr\xc3\xb3ximos do Prazo (7 dias)</h2>\n        \n        <div class="editais-list">\n            \n            <div class="edital-item-small deadline-warning-item">\n                <a href="/edital/edital-proximo-do-prazo/" class="edital-link-small">\n                    Edital Pr\xc3\xb3ximo do Prazo\n                </a>\n                <div class="edital-meta-small">\n                    <span class="deadline-badge">\n                        <i class="fas fa-clock" aria-hidden="true"></i>\n                        Prazo: 29/11/2025\n                    </span>\n                    <span class="status-badge status-aberto">Aberto</span>\n                </div>\n            </div>\n            \n        </div>\n        \n    </div>\n\n    <!-- Top Entidades -->\n    \n    <div class="dashboard-section">\n        <h2>Top 10 Entidades</h2>\n        <div class="entidades-list">\n            \n            <div class="entidade-item">\n                <span class="entidade-name">CNPq</span>\n                <span class="entidade-count">1 edital(is)</span>\n            </div>\n            \n            <div class="entidade-item">\n                <span class="entidade-name">FAPEG</span>\n                <span class="entidade-count">1 edital(is)</span>\n            </div>\n            \n        </div>\n    </div>\n    \n\n    <!-- Quick Actions -->\n    <div class="dashboard-actions">\n        <a href="/cadastrar/" class="btn btn-primary">\n            <i class="fas fa-plus" aria-hidden="true"></i> Criar Novo Edital\n        </a>\n        <a href="/editais/" class="btn btn-secondary">\n            <i class="fas fa-list" aria-hidden="true"></i> Ver Todos os Editais\n        </a>\n        <a href="/export/csv/" class="btn btn-outline">\n            <i class="fas fa-download" aria-hidden="true"></i> Exportar CSV\n        </a>\n    </div>\n</div>\n\n        </div>\n      </div>\n    </main>\n\n    <!-- Footer -->\n    <footer\n      class="site-footer text-white w-full full-bleed bg-unirvBlue"\n    >\n      <div class="container mx-auto px-4 sm:px-6 lg:px-8 py-16">\n        <div class="grid grid-cols-1 md:grid-cols-4 gap-12 mb-12">\n          <div class="md:col-span-2">\n            <div class="flex items-center gap-3 mb-6">\n              <img src="/static/img/Logo.71f707b6c2af.svg" alt="AgroHub UniRV Logo" class="w-12 h-12" />\n              <div>\n                <div class="font-bold text-xl">AgroHub UniRV</div>\n                <div class="text-sm text-gray-400">\n                  NIT - N\xc3\xbacleo de Inova\xc3\xa7\xc3\xa3o e Tecnologia\n                </div>\n              </div>\n            </div>\n            <p class="text-gray-400 text-sm leading-relaxed max-w-md">\n              Centro de Inova\xc3\xa7\xc3\xa3o e Tecnologia apoiado pela FINEP, voltado \xc3\xa0\n              transforma\xc3\xa7\xc3\xa3o digital do agroneg\xc3\xb3cio em Goi\xc3\xa1s. Conectamos\n              pesquisa, startups e o setor produtivo.\n            </p>\n          </div>\n\n          <div>\n            <h3 class="font-bold mb-6 text-white">Links R\xc3\xa1pidos</h3>\n            <ul class="space-y-3">\n              <li>\n                <a\n                  href="/"\n                  class="text-gray-400 hover:text-white text-sm transition-colors inline-flex items-center gap-2 group"\n                >\n                  <span\n                    class="w-1.5 h-1.5 bg-green-500 rounded-full opacity-0 group-hover:opacity-100 transition-opacity"\n                  ></span>\n                  In\xc3\xadcio\n                </a>\n              </li>\n              <li>\n                <a\n                  href="/ambientes-inovacao/"\n                  class="text-gray-400 hover:text-white text-sm transition-colors inline-flex items-center gap-2 group"\n                >\n                  <span\n                    class="w-1.5 h-1.5 bg-green-500 rounded-full opacity-0 group-hover:opacity-100 transition-opacity"\n                  ></span>\n                  Ambientes de Inova\xc3\xa7\xc3\xa3o\n                </a>\n              </li>\n              <li>\n                <a\n                  href="/editais/"\n                  class="text-gray-400 hover:text-white text-sm transition-colors inline-flex items-center gap-2 group"\n                >\n                  <span\n                    class="w-1.5 h-1.5 bg-green-500 rounded-full opacity-0 group-hover:opacity-100 transition-opacity"\n                  ></span>\n                  Editais\n                </a>\n              </li>\n              <li>\n                <a\n                  href="/projetos-aprovados/"\n                  class="text-gray-400 hover:text-white text-sm transition-colors inline-flex items-center gap-2 group"\n                >\n                  <span\n                    class="w-1.5 h-1.5 bg-green-500 rounded-full opacity-0 group-hover:opacity-100 transition-opacity"\n                  ></span>\n                  Projetos Aprovados\n                </a>\n              </li>\n            </ul>\n          </div>\n\n          <div>\n            <h3 class="font-bold mb-6 text-white">Contato</h3>\n            <ul class="space-y-4 text-sm text-gray-400">\n              <li>\n                <a\n                  href="mailto:ypetec@unirv.edu.br"\n                  class="hover:text-white transition-colors flex items-start gap-2"\n                >\n                  <span class="text-green-500 mt-0.5">\xe2\x9c\x89</span>\n                  ypetec@unirv.edu.br\n                </a>\n              </li>\n              <li>\n                <a\n                  href="tel:+556298172-9376"\n                  class="hover:text-white transition-colors flex items-start gap-2"\n                >\n                  <span class="text-green-500 mt-0.5">\xe2\x98\x8e</span>\n                  (62) 98172-9376\n                </a>\n              </li>\n              <li class="pt-2">\n                <a\n                  href="https://www.unirv.edu.br"\n                  target="_blank"\n                  rel="noopener noreferrer"\n                  class="hover:text-white transition-colors flex items-start gap-2"\n                >\n                  <span class="text-green-500 mt-0.5">\xf0\x9f\x8c\x90</span>\n                  www.unirv.edu.br\n                </a>\n              </li>\n            </ul>\n          </div>\n        </div>\n\n        <div class="border-t border-gray-800 pt-8">\n          <div\n            class="flex flex-col md:flex-row justify-between items-center gap-4"\n          >\n            <p class="text-sm text-gray-400">\n              \xc2\xa9 2025 AgroHub UniRV. Todos os direitos reservados.\n            </p>\n            <div class="flex gap-4 text-sm text-gray-400">\n              <a href="#" class="hover:text-white transition-colors"\n                >Pol\xc3\xadtica de Privacidade</a\n              >\n              <span>\xe2\x80\xa2</span>\n              <a href="#" class="hover:text-white transition-colors"\n                >Termos de Uso</a\n              >\n            </div>\n          </div>\n        </div>\n      </div>\n    </footer>\n\n    <script src="/static/js/main.8e4973d71f3a.js"></script>\n    \n  </body>\n</html>\n'

======================================================================
FAIL: test_unauthenticated_cannot_access_dashboard (editais.tests.test_admin.AdminDashboardTest.test_unauthenticated_cannot_access_dashboard)
Testa que usußrios nπo autenticados sπo redirecionados.
----------------------------------------------------------------------
Traceback (most recent call last):
  File "C:\Github\UniRV-Django\editais\tests\test_admin.py", line 600, in test_unauthenticated_cannot_access_dashboard
    self.assertIn('/admin/login/', resp.url)
    ~~~~~~~~~~~~~^^^^^^^^^^^^^^^^^^^^^^^^^^^
AssertionError: '/admin/login/' not found in '/login/?next=/dashboard/'

======================================================================
FAIL: test_unauthenticated_cannot_export_csv (editais.tests.test_admin.EditalCSVExportTest.test_unauthenticated_cannot_export_csv)
Testa que usußrios nπo autenticados sπo redirecionados para login.
----------------------------------------------------------------------
Traceback (most recent call last):
  File "C:\Github\UniRV-Django\editais\tests\test_admin.py", line 498, in test_unauthenticated_cannot_export_csv
    self.assertIn('/admin/login/', resp.url)
    ~~~~~~~~~~~~~^^^^^^^^^^^^^^^^^^^^^^^^^^^
AssertionError: '/admin/login/' not found in '/login/?next=/export/csv/'

======================================================================
FAIL: test_open_editais_with_current_dates (editais.tests.test_management_commands.UpdateEditalStatusCommandTest.test_open_editais_with_current_dates)
Testa que editais programados com datas atuais sπo abertos.
----------------------------------------------------------------------
Traceback (most recent call last):
  File "C:\Github\UniRV-Django\editais\tests\test_management_commands.py", line 101, in test_open_editais_with_current_dates
    self.assertEqual(self.edital_to_open.status, 'programado')
    ~~~~~~~~~~~~~~~~^^^^^^^^^^^^^^^^^^^^^^^^^^^^^^^^^^^^^^^^^^
AssertionError: 'aberto' != 'programado'
- aberto
+ programado


======================================================================
FAIL: test_schedule_editais_with_future_start_date (editais.tests.test_management_commands.UpdateEditalStatusCommandTest.test_schedule_editais_with_future_start_date)
Testa que editais com start_date > hoje sπo programados.
----------------------------------------------------------------------
Traceback (most recent call last):
  File "C:\Github\UniRV-Django\editais\tests\test_management_commands.py", line 92, in test_schedule_editais_with_future_start_date
    self.assertEqual(self.edital_to_schedule.status, 'aberto')
    ~~~~~~~~~~~~~~~~^^^^^^^^^^^^^^^^^^^^^^^^^^^^^^^^^^^^^^^^^^
AssertionError: 'programado' != 'aberto'
- programado
+ aberto


======================================================================
FAIL: test_verbose_output (editais.tests.test_management_commands.UpdateEditalStatusCommandTest.test_verbose_output)
Testa que o modo verbose mostra informaτ⌡es detalhadas.
----------------------------------------------------------------------
Traceback (most recent call last):
  File "C:\Github\UniRV-Django\editais\tests\test_management_commands.py", line 143, in test_verbose_output
    self.assertIn('Fechando edital', output)
    ~~~~~~~~~~~~~^^^^^^^^^^^^^^^^^^^^^^^^^^^
AssertionError: 'Fechando edital' not found in '\n[OK] Nenhum edital precisou ser atualizado.\n'

======================================================================
FAIL: test_visitor_cannot_create_edital (editais.tests.test_permissions.EditalPermissionsTest.test_visitor_cannot_create_edital)
Testa que visitante nπo pode criar editais.
----------------------------------------------------------------------
Traceback (most recent call last):
  File "C:\Github\UniRV-Django\editais\tests\test_permissions.py", line 97, in test_visitor_cannot_create_edital
    self.assertIn('/admin/login/', resp.url)
    ~~~~~~~~~~~~~^^^^^^^^^^^^^^^^^^^^^^^^^^^
AssertionError: '/admin/login/' not found in '/login/?next=/cadastrar/'

======================================================================
FAIL: test_visitor_cannot_delete_edital (editais.tests.test_permissions.EditalPermissionsTest.test_visitor_cannot_delete_edital)
Testa que visitante nπo pode deletar editais.
----------------------------------------------------------------------
Traceback (most recent call last):
  File "C:\Github\UniRV-Django\editais\tests\test_permissions.py", line 113, in test_visitor_cannot_delete_edital
    self.assertIn('/admin/login/', resp.url)
    ~~~~~~~~~~~~~^^^^^^^^^^^^^^^^^^^^^^^^^^^
AssertionError: '/admin/login/' not found in '/login/?next=/edital/1/excluir/'

======================================================================
FAIL: test_visitor_cannot_update_edital (editais.tests.test_permissions.EditalPermissionsTest.test_visitor_cannot_update_edital)
Testa que visitante nπo pode editar editais.
----------------------------------------------------------------------
Traceback (most recent call last):
  File "C:\Github\UniRV-Django\editais\tests\test_permissions.py", line 105, in test_visitor_cannot_update_edital
    self.assertIn('/admin/login/', resp.url)
    ~~~~~~~~~~~~~^^^^^^^^^^^^^^^^^^^^^^^^^^^
AssertionError: '/admin/login/' not found in '/login/?next=/edital/1/editar/'

======================================================================
FAIL: test_home_page_contains_branding (editais.tests.test_public_views.HomeViewTest.test_home_page_contains_branding)
Test that home page contains YPETEC branding
----------------------------------------------------------------------
Traceback (most recent call last):
  File "C:\Github\UniRV-Django\editais\tests\test_public_views.py", line 28, in test_home_page_contains_branding
    self.assertContains(response, 'YPETEC', status_code=200)
    ~~~~~~~~~~~~~~~~~~~^^^^^^^^^^^^^^^^^^^^^^^^^^^^^^^^^^^^^
AssertionError: False is not true : Couldn't find 'YPETEC' in the following response
b'<!DOCTYPE html>\n<html lang="pt-BR">\n  <head>\n    <meta charset="UTF-8" />\n    <meta name="viewport" content="width=device-width, initial-scale=1.0" />\n    <title>\n      AgroHub UniRV - Inova\xc3\xa7\xc3\xa3o e Tecnologia\n    </title>\n\n    <!-- SEO Meta Tags -->\n    <meta\n      name="description"\n      content="AgroHub UniRV - Centro de Inova\xc3\xa7\xc3\xa3o e Tecnologia da Universidade de Rio Verde. Conectando pesquisa, startups, ind\xc3\xbastria e produtores rurais para impulsionar o Agro 4.0."\n    />\n    <meta\n      name="keywords"\n      content="AgroHub, UniRV, inova\xc3\xa7\xc3\xa3o, agroneg\xc3\xb3cio, startups, YpeTec, FabLab, FINEP, Rio Verde"\n    />\n    <meta name="author" content="UniRV - Universidade de Rio Verde" />\n    <meta name="robots" content="index, follow" />\n\n    <!-- Open Graph / Social Media Meta Tags -->\n    <meta\n      property="og:title"\n      content="AgroHub UniRV"\n    />\n    <meta\n      property="og:description"\n      content="Centro de Inova\xc3\xa7\xc3\xa3o e Tecnologia da UniRV. Transforma\xc3\xa7\xc3\xa3o digital, automa\xc3\xa7\xc3\xa3o e sustentabilidade no campo."\n    />\n    <meta property="og:type" content="website" />\n    <meta\n      property="og:url"\n      content="http://testserver/"\n    />\n    <meta property="og:site_name" content="AgroHub UniRV" />\n    \n    <link rel="preconnect" href="https://fonts.googleapis.com" />\n    <link rel="preconnect" href="https://fonts.gstatic.com" crossorigin />\n    <link\n      href="https://fonts.googleapis.com/css2?family=Inter:wght@300;400;500;600;700;800&display=swap"\n      rel="stylesheet"\n    />\n    <link rel="preconnect" href="https://cdnjs.cloudflare.com" crossorigin />\n    <link rel="dns-prefetch" href="https://cdnjs.cloudflare.com" />\n    <link rel="icon" type="image/svg+xml" href="/static/img/favicon.dfd545f6460b.svg" />\n    \n\n<link rel="stylesheet" type="text/css" href="/static/css/dist/styles.0ceb2bdffd40.css">\n\n    <link\n      rel="stylesheet"\n      href="https://cdnjs.cloudflare.com/ajax/libs/font-awesome/6.0.0-beta3/css/all.min.css"\n    />\n  </head>\n  <body\n    class="min-h-screen flex flex-col bg-gray-50 "\n  >\n    <!-- Skip to main content link for accessibility (only on list pages) -->\n    \n    <a href="#main-content" class="skip-link"\n      >Pular para o conte\xc3\xbado principal</a\n    >\n    \n\n    <header\n      class="site-header bg-white shadow-sm sticky top-0 z-50 border-b border-gray-200 relative w-full full-bleed"\n    >\n      <div\n        class="absolute top-0 left-0 right-0 w-full bg-gradient-to-r from-unirvBlue to-agrohubBlue"\n        style="height: 4px; z-index: 1"\n      ></div>\n      <nav class="relative z-10 site-nav">\n        <div class="flex justify-between items-center h-16 w-full max-w-7xl mx-auto gap-8 flex-nowrap">\n          <!-- Logo -->\n          <a\n            href="/"\n            class="flex items-center gap-3 flex-shrink-0 mr-auto whitespace-nowrap"\n            aria-label="AgroHub UniRV - Centro de Inova\xc3\xa7\xc3\xa3o e Tecnologia"\n          >\n            <img src="/static/img/Logo.71f707b6c2af.svg" alt="AgroHub UniRV Logo" class="w-10 h-10 flex-shrink-0" />\n            <div class="flex-shrink-0">\n              <div\n                class="font-bold text-unirvBlue text-lg tracking-tight whitespace-nowrap"\n              >\n                AgroHub UniRV\n              </div>\n              <div class="text-xs text-gray-500 whitespace-nowrap">\n                Centro de Inova\xc3\xa7\xc3\xa3o e Tecnologia\n              </div>\n            </div>\n          </a>\n\n          <!-- Desktop Navigation -->\n          <div class="hidden md:flex items-center gap-6 flex-shrink-0 ml-auto whitespace-nowrap flex-nowrap">\n            <a\n              href="/"\n              class="nav-link transition-colors font-medium text-sm whitespace-nowrap flex-shrink-0 text-unirvBlue"\n            >\n              In\xc3\xadcio\n            </a>\n            <a\n              href="/ambientes-inovacao/"\n              class="nav-link transition-colors font-medium text-sm whitespace-nowrap flex-shrink-0 text-gray-700 hover:text-unirvBlue"\n            >\n              Ambientes de Inova\xc3\xa7\xc3\xa3o\n            </a>\n            <a\n              href="/editais/"\n              class="nav-link transition-colors font-medium text-sm whitespace-nowrap flex-shrink-0 text-gray-700 hover:text-unirvBlue"\n            >\n              Editais\n            </a>\n            <a\n              href="/projetos-aprovados/"\n              class="nav-link transition-colors font-medium text-sm whitespace-nowrap flex-shrink-0 text-gray-700 hover:text-unirvBlue"\n            >\n              Projetos Aprovados\n            </a>\n            \n            <a\n              href="/login/"\n              class="nav-cta"\n            >\n              LOGIN\n            </a>\n            \n          </div>\n\n          <!-- Mobile menu button -->\n          <button\n            class="mobile-menu-toggle md:hidden p-2"\n            aria-label="Abrir menu de navega\xc3\xa7\xc3\xa3o"\n            aria-expanded="false"\n            aria-controls="navbar-menu"\n          >\n            <span class="hamburger-line"></span>\n            <span class="hamburger-line"></span>\n            <span class="hamburger-line"></span>\n          </button>\n        </div>\n\n        <!-- Mobile Navigation -->\n        <div class="navbar-right md:hidden" id="navbar-menu">\n          <ul class="flex flex-col">\n            <li>\n              <a\n                href="/"\n                class="nav-link block px-4 py-2 text-unirvBlue bg-blue-50"\n                >In\xc3\xadcio</a\n              >\n            </li>\n            <li>\n              <a\n                href="/ambientes-inovacao/"\n                class="nav-link block px-4 py-2 text-gray-700 hover:bg-gray-50"\n                >Ambientes de Inova\xc3\xa7\xc3\xa3o</a\n              >\n            </li>\n            <li>\n              <a\n                href="/editais/"\n                class="nav-link block px-4 py-2 text-gray-700 hover:bg-gray-50"\n                >Editais</a\n              >\n            </li>\n            <li>\n              <a\n                href="/projetos-aprovados/"\n                class="nav-link block px-4 py-2 text-gray-700 hover:bg-gray-50"\n                >Projetos Aprovados</a\n              >\n            </li>\n            <li>\n              \n              <a\n                href="/login/"\n                class="nav-cta block mx-4 mt-4 text-center"\n              >\n                Login\n              </a>\n              \n            </li>\n          </ul>\n        </div>\n      </nav>\n    </header>\n\n    <main class="flex-1 w-full" style="width: 100%; margin: 0; padding: 0">\n      <div style="width: 100%; margin: 0; padding: 0">\n        \n        <div class="content-area" id="main-content" style="width: 100%">\n           \n<div>\n  <!-- Hero Section -->\n  <!-- Hero Section -->\n<section class="relative bg-cover bg-center py-20 md:py-32 lg:py-48" style="background-image: url(\'/static/img/agrohub-hero.4b52c0bcc6f2.webp\');" aria-label="Se\xc3\xa7\xc3\xa3o principal">\n    <div class="absolute inset-0 bg-gradient-to-br from-unirvBlue/90 to-unirvBlue/70"></div>\n    <div class="container relative z-10 text-center mx-auto px-4 sm:px-6 lg:px-8">\n      <div class="max-w-4xl mx-auto">\n        <h1 class="text-white mb-8 text-4xl md:text-5xl lg:text-6xl leading-tight font-extrabold tracking-tight">\n          Inova\xc3\xa7\xc3\xa3o e Sustentabilidade no Cora\xc3\xa7\xc3\xa3o do Agro\n        </h1>\n        <p class="text-lg md:text-xl text-white/90 mb-10 leading-relaxed max-w-3xl mx-auto">\n          O AgroHub UniRV \xc3\xa9 o centro de inova\xc3\xa7\xc3\xa3o e tecnologia da Universidade de Rio Verde, criado para conectar pesquisa, startups, ind\xc3\xbastria e produtores rurais. Impulsionando o Agro 4.0 com solu\xc3\xa7\xc3\xb5es digitais, automa\xc3\xa7\xc3\xa3o e sustentabilidade.\n        </p>\n        <div class="flex flex-col sm:flex-row gap-4 justify-center">\n          <a href="/editais/" class="inline-flex items-center justify-center px-8 py-3 border border-transparent text-base font-medium rounded-full shadow-lg text-white bg-secondary hover:bg-opacity-90 transition-all duration-300 ease-in-out transform hover:-translate-y-1 hover:scale-105">\n            Ver Editais Abertos <i class="fas fa-arrow-right ml-2"></i>\n          </a>\n          <a href="/ambientes-inovacao/" class="inline-flex items-center justify-center px-8 py-3 border-2 border-white text-base font-medium rounded-full text-white hover:bg-white/10 transition-all duration-300 ease-in-out">\n            Ambientes de Inova\xc3\xa7\xc3\xa3o\n          </a>\n        </div>\n      </div>\n    </div>\n  </section>\n\n  <!-- Stats Section -->\n<section class="bg-white py-16 border-b w-full full-bleed">\n    <div class="container mx-auto px-4 sm:px-6 lg:px-8">\n      <div class="grid grid-cols-2 md:grid-cols-4 gap-6 max-w-5xl mx-auto">\n        <div class="bg-white rounded-2xl shadow-md p-8 text-center border-0 hover:shadow-lg transition-all">\n          <div class="text-secondary mb-3 text-3xl md:text-4xl font-bold">3</div>\n          <div class="text-gray-600 text-sm md:text-base font-medium">Fases de Expans\xc3\xa3o</div>\n        </div>\n        <div class="bg-white rounded-2xl shadow-md p-8 text-center border-0 hover:shadow-lg transition-all">\n          <div class="text-secondary mb-3 text-3xl md:text-4xl font-bold">12+</div>\n          <div class="text-gray-600 text-sm md:text-base font-medium">Startups Incubadas</div>\n        </div>\n        <div class="bg-white rounded-2xl shadow-md p-8 text-center border-0 hover:shadow-lg transition-all">\n          <div class="text-secondary mb-3 text-3xl md:text-4xl font-bold">40ha</div>\n          <div class="text-gray-600 text-sm md:text-base font-medium">Smart Farm</div>\n        </div>\n        <div class="bg-white rounded-2xl shadow-md p-8 text-center border-0 hover:shadow-lg transition-all">\n          <div class="text-secondary mb-3 text-3xl md:text-4xl font-bold">R$ 10M+</div>\n          <div class="text-gray-600 text-sm md:text-base font-medium">Investimento Captado</div>\n        </div>\n      </div>\n    </div>\n  </section>\n\n  <!-- Features Section -->\n<section class="py-20 bg-gray-50 w-full full-bleed">\n    <div class="container mx-auto px-4 sm:px-6 lg:px-8">\n      <div class="text-center max-w-3xl mx-auto mb-16">\n        <h2 class="text-unirvBlue mb-6 section-title text-3xl md:text-4xl">O Ecossistema AgroHub</h2>\n        <p class="text-gray-600 text-lg leading-relaxed">\n          Uma estrutura completa integrando a H\xc3\xa9lice Qu\xc3\xa1drupla: academia, setor produtivo, governo e sociedade civil.\n        </p>\n      </div>\n\n      <div class="grid md:grid-cols-2 lg:grid-cols-4 gap-8">\n        <div class="bg-white p-8 rounded-2xl shadow-md hover:shadow-xl transition-all border-0">\n          <div class="w-16 h-16 bg-secondary rounded-2xl flex items-center justify-center mb-6 shadow-sm">\n            <i class="fas fa-rocket text-white text-2xl"></i>\n          </div>\n          <h3 class="text-gray-900 mb-4 text-lg font-semibold">Incubadora YpeTec</h3>\n          <p class="text-gray-600 text-sm leading-relaxed">Ambiente colaborativo para desenvolvimento de startups do setor agro e suporte \xc3\xa0 inova\xc3\xa7\xc3\xa3o.</p>\n        </div>\n        <div class="bg-white p-8 rounded-2xl shadow-md hover:shadow-xl transition-all border-0">\n          <div class="w-16 h-16 bg-secondary rounded-2xl flex items-center justify-center mb-6 shadow-sm">\n            <i class="fas fa-microchip text-white text-2xl"></i>\n          </div>\n          <h3 class="text-gray-900 mb-4 text-lg font-semibold">FabLab & InovaLab</h3>\n          <p class="text-gray-600 text-sm leading-relaxed">Laborat\xc3\xb3rios de ponta para prototipagem, monitoramento em tempo real e experimenta\xc3\xa7\xc3\xa3o.</p>\n        </div>\n        <div class="bg-white p-8 rounded-2xl shadow-md hover:shadow-xl transition-all border-0">\n          <div class="w-16 h-16 bg-secondary rounded-2xl flex items-center justify-center mb-6 shadow-sm">\n            <i class="fas fa-tractor text-white text-2xl"></i>\n          </div>\n          <h3 class="text-gray-900 mb-4 text-lg font-semibold">Smart Farm</h3>\n          <p class="text-gray-600 text-sm leading-relaxed">Fazenda inteligente com 40 hectares para testar tecnologias diretamente no campo.</p>\n        </div>\n        <div class="bg-white p-8 rounded-2xl shadow-md hover:shadow-xl transition-all border-0">\n          <div class="w-16 h-16 bg-secondary rounded-2xl flex items-center justify-center mb-6 shadow-sm">\n            <i class="fas fa-file-signature text-white text-2xl"></i>\n          </div>\n          <h3 class="text-gray-900 mb-4 text-lg font-semibold">Fomento \xc3\xa0 Inova\xc3\xa7\xc3\xa3o</h3>\n          <p class="text-gray-600 text-sm leading-relaxed">Acesso a editais de incentivo como o de R$ 1 milh\xc3\xa3o para startups tecnol\xc3\xb3gicas.</p>\n        </div>\n      </div>\n    </div>\n  </section>\n\n  <!-- Process Section -->\n<section class="py-20 bg-white w-full full-bleed">\n    <div class="container mx-auto px-4 sm:px-6 lg:px-8">\n      <div class="text-center max-w-3xl mx-auto mb-16">\n        <h2 class="text-gray-900 mb-6 text-3xl md:text-4xl">Como Funciona</h2>\n        <p class="text-gray-600 text-lg leading-relaxed">\n          Processo simples e transparente em 4 etapas\n        </p>\n      </div>\n\n      <div class="max-w-6xl mx-auto">\n        <!-- Desktop Flow -->\n        <div class="hidden lg:block">\n          <div class="relative">\n            <!-- Connecting Line -->\n            <div class="absolute top-10 left-[12.5%] right-[12.5%] h-1 bg-gradient-to-r from-blue-200 via-blue-300 to-blue-200"></div>\n            \n            <div class="grid grid-cols-4 gap-4 relative">\n              <div class="flex flex-col items-center">\n                <!-- Circle with Number -->\n                <div class="w-20 h-20 bg-gradient-to-br from-unirvBlue to-agrohubBlue rounded-full flex items-center justify-center mb-6 shadow-xl hover:shadow-2xl transition-all hover:scale-105 relative z-10 border-4 border-white" aria-label="Etapa 1">\n                  <span class="text-white font-bold text-3xl">1</span>\n                </div>\n                <!-- Card Content -->\n                <div class="bg-white rounded-2xl shadow-md p-6 text-center hover:shadow-xl transition-all border-0 min-h-[180px] flex flex-col">\n                  <div class="w-12 h-12 bg-gradient-to-br from-unirvBlue to-agrohubBlue rounded-2xl flex items-center justify-center mx-auto mb-4 shadow-sm">\n                    <i class="fas fa-file-alt text-white text-xl"></i>\n                  </div>\n                  <h3 class="text-gray-900 mb-3 text-base font-semibold">Leia o Edital</h3>\n                  <p class="text-gray-600 text-sm leading-relaxed">Tome conhecimento dos requisitos e prazos</p>\n                </div>\n              </div>\n              <div class="flex flex-col items-center">\n                <div class="w-20 h-20 bg-gradient-to-br from-unirvBlue to-agrohubBlue rounded-full flex items-center justify-center mb-6 shadow-xl hover:shadow-2xl transition-all hover:scale-105 relative z-10 border-4 border-white">\n                  <span class="text-white font-bold text-3xl">2</span>\n                </div>\n                <div class="bg-white rounded-2xl shadow-md p-6 text-center hover:shadow-xl transition-all border-0 min-h-[180px] flex flex-col">\n                  <div class="w-12 h-12 bg-gradient-to-br from-unirvBlue to-agrohubBlue rounded-2xl flex items-center justify-center mx-auto mb-4 shadow-sm">\n                    <i class="fas fa-users text-white text-xl"></i>\n                  </div>\n                  <h3 class="text-gray-900 mb-3 text-base font-semibold">Preencha Formul\xc3\xa1rios</h3>\n                  <p class="text-gray-600 text-sm leading-relaxed">Complete as etapas de inscri\xc3\xa7\xc3\xa3o online</p>\n                </div>\n              </div>\n              <div class="flex flex-col items-center">\n                <div class="w-20 h-20 bg-gradient-to-br from-unirvBlue to-agrohubBlue rounded-full flex items-center justify-center mb-6 shadow-xl hover:shadow-2xl transition-all hover:scale-105 relative z-10 border-4 border-white">\n                  <span class="text-white font-bold text-3xl">3</span>\n                </div>\n                <div class="bg-white rounded-2xl shadow-md p-6 text-center hover:shadow-xl transition-all border-0 min-h-[180px] flex flex-col">\n                  <div class="w-12 h-12 bg-gradient-to-br from-unirvBlue to-agrohubBlue rounded-2xl flex items-center justify-center mx-auto mb-4 shadow-sm">\n                    <i class="fas fa-check-circle text-white text-xl"></i>\n                  </div>\n                  <h3 class="text-gray-900 mb-3 text-base font-semibold">Envie Documentos</h3>\n                  <p class="text-gray-600 text-sm leading-relaxed">Submeta a documenta\xc3\xa7\xc3\xa3o necess\xc3\xa1ria</p>\n                </div>\n              </div>\n              <div class="flex flex-col items-center">\n                <div class="w-20 h-20 bg-gradient-to-br from-unirvBlue to-agrohubBlue rounded-full flex items-center justify-center mb-6 shadow-xl hover:shadow-2xl transition-all hover:scale-105 relative z-10 border-4 border-white">\n                  <span class="text-white font-bold text-3xl">4</span>\n                </div>\n                <div class="bg-white rounded-2xl shadow-md p-6 text-center hover:shadow-xl transition-all border-0 min-h-[180px] flex flex-col">\n                  <div class="w-12 h-12 bg-gradient-to-br from-unirvBlue to-agrohubBlue rounded-2xl flex items-center justify-center mx-auto mb-4 shadow-sm">\n                    <i class="fas fa-trophy text-white text-xl"></i>\n                  </div>\n                  <h3 class="text-gray-900 mb-3 text-base font-semibold">Aguarde Avalia\xc3\xa7\xc3\xa3o</h3>\n                  <p class="text-gray-600 text-sm leading-relaxed">Acompanhe o processo de sele\xc3\xa7\xc3\xa3o</p>\n                </div>\n              </div>\n            </div>\n          </div>\n        </div>\n\n        <!-- Mobile/Tablet Flow -->\n        <div class="lg:hidden space-y-6">\n          <div class="relative">\n            <div class="bg-white rounded-2xl shadow-md p-6 border-0 hover:shadow-xl transition-all">\n              <div class="flex items-start gap-4">\n                <div class="w-16 h-16 bg-gradient-to-br from-blue-500 to-blue-600 rounded-full flex items-center justify-center shadow-lg flex-shrink-0">\n                  <span class="text-white font-bold text-2xl">1</span>\n                </div>\n                <div class="flex-1">\n                  <div class="flex items-center gap-2 mb-3">\n                    <i class="fas fa-file-alt text-blue-600 text-lg"></i>\n                    <h3 class="text-gray-900 text-base font-semibold">Leia o Edital</h3>\n                  </div>\n                  <p class="text-gray-600 text-sm leading-relaxed">Tome conhecimento dos requisitos e prazos</p>\n                </div>\n              </div>\n            </div>\n            <div class="flex justify-center py-3">\n              <i class="fas fa-arrow-down text-blue-300 text-xl"></i>\n            </div>\n          </div>\n          <div class="relative">\n            <div class="bg-white rounded-2xl shadow-md p-6 border-0 hover:shadow-xl transition-all">\n              <div class="flex items-start gap-4">\n                <div class="w-16 h-16 bg-gradient-to-br from-blue-600 to-blue-700 rounded-full flex items-center justify-center shadow-lg flex-shrink-0">\n                  <span class="text-white font-bold text-2xl">2</span>\n                </div>\n                <div class="flex-1">\n                  <div class="flex items-center gap-2 mb-3">\n                    <i class="fas fa-users text-blue-600 text-lg"></i>\n                    <h3 class="text-gray-900 text-base font-semibold">Preencha Formul\xc3\xa1rios</h3>\n                  </div>\n                  <p class="text-gray-600 text-sm leading-relaxed">Complete as etapas de inscri\xc3\xa7\xc3\xa3o online</p>\n                </div>\n              </div>\n            </div>\n            <div class="flex justify-center py-3">\n              <i class="fas fa-arrow-down text-blue-300 text-xl"></i>\n            </div>\n          </div>\n          <div class="relative">\n            <div class="bg-white rounded-2xl shadow-md p-6 border-0 hover:shadow-xl transition-all">\n              <div class="flex items-start gap-4">\n                <div class="w-16 h-16 bg-gradient-to-br from-green-500 to-blue-600 rounded-full flex items-center justify-center shadow-lg flex-shrink-0">\n                  <span class="text-white font-bold text-2xl">3</span>\n                </div>\n                <div class="flex-1">\n                  <div class="flex items-center gap-2 mb-3">\n                    <i class="fas fa-check-circle text-blue-600 text-lg"></i>\n                    <h3 class="text-gray-900 text-base font-semibold">Envie Documentos</h3>\n                  </div>\n                  <p class="text-gray-600 text-sm leading-relaxed">Submeta a documenta\xc3\xa7\xc3\xa3o necess\xc3\xa1ria</p>\n                </div>\n              </div>\n            </div>\n            <div class="flex justify-center py-3">\n              <i class="fas fa-arrow-down text-blue-300 text-xl"></i>\n            </div>\n          </div>\n          <div class="relative">\n            <div class="bg-white rounded-2xl shadow-md p-6 border-0 hover:shadow-xl transition-all">\n              <div class="flex items-start gap-4">\n                <div class="w-16 h-16 bg-gradient-to-br from-green-500 to-green-600 rounded-full flex items-center justify-center shadow-lg flex-shrink-0">\n                  <span class="text-white font-bold text-2xl">4</span>\n                </div>\n                <div class="flex-1">\n                  <div class="flex items-center gap-2 mb-3">\n                    <i class="fas fa-trophy text-blue-600 text-lg"></i>\n                    <h3 class="text-gray-900 text-base font-semibold">Aguarde Avalia\xc3\xa7\xc3\xa3o</h3>\n                  </div>\n                  <p class="text-gray-600 text-sm leading-relaxed">Acompanhe o processo de sele\xc3\xa7\xc3\xa3o</p>\n                </div>\n              </div>\n            </div>\n          </div>\n        </div>\n      </div>\n\n      <div class="text-center mt-12">\n        <a href="/ambientes-inovacao/" class="bg-secondary hover:bg-opacity-90 rounded-full px-8 py-6 text-base shadow-lg hover:shadow-xl transition-all inline-flex items-center justify-center font-medium text-white">\n          Conhe\xc3\xa7a os Ambientes de Inova\xc3\xa7\xc3\xa3o \xe2\x86\x92\n        </a>\n      </div>\n    </div>\n  </section>\n\n  <!-- CTA Section -->\n<section class="bg-unirvBlue text-white py-24 w-full full-bleed">\n    <div class="container mx-auto px-4 sm:px-6 lg:px-8 text-center">\n      <h2 class="text-white mb-6 text-3xl md:text-4xl">Pronto para come\xc3\xa7ar?</h2>\n      <p class="text-lg md:text-xl text-white/90 mb-10 max-w-2xl mx-auto leading-relaxed">\n        Consulte os editais abertos e d\xc3\xaa o primeiro passo para transformar sua ideia em realidade.\n      </p>\n      <div class="flex flex-col sm:flex-row gap-4 justify-center">\n        <a href="/editais/" class="w-full sm:w-auto bg-white text-unirvBlue hover:bg-blue-50 rounded-full px-8 py-6 text-base shadow-lg hover:shadow-xl transition-all inline-flex items-center justify-center font-medium">\n          Ver Editais Abertos\n        </a>\n        <a href="/projetos-aprovados/" class="w-full sm:w-auto bg-transparent border-2 border-white text-white hover:bg-white/10 rounded-full px-8 py-6 text-base inline-flex items-center justify-center font-medium transition-all">\n          Projetos Aprovados\n        </a>\n      </div>\n    </div>\n  </section>\n</div>\n\n        </div>\n      </div>\n    </main>\n\n    <!-- Footer -->\n    <footer\n      class="site-footer text-white w-full full-bleed bg-unirvBlue"\n    >\n      <div class="container mx-auto px-4 sm:px-6 lg:px-8 py-16">\n        <div class="grid grid-cols-1 md:grid-cols-4 gap-12 mb-12">\n          <div class="md:col-span-2">\n            <div class="flex items-center gap-3 mb-6">\n              <img src="/static/img/Logo.71f707b6c2af.svg" alt="AgroHub UniRV Logo" class="w-12 h-12" />\n              <div>\n                <div class="font-bold text-xl">AgroHub UniRV</div>\n                <div class="text-sm text-gray-400">\n                  NIT - N\xc3\xbacleo de Inova\xc3\xa7\xc3\xa3o e Tecnologia\n                </div>\n              </div>\n            </div>\n            <p class="text-gray-400 text-sm leading-relaxed max-w-md">\n              Centro de Inova\xc3\xa7\xc3\xa3o e Tecnologia apoiado pela FINEP, voltado \xc3\xa0\n              transforma\xc3\xa7\xc3\xa3o digital do agroneg\xc3\xb3cio em Goi\xc3\xa1s. Conectamos\n              pesquisa, startups e o setor produtivo.\n            </p>\n          </div>\n\n          <div>\n            <h3 class="font-bold mb-6 text-white">Links R\xc3\xa1pidos</h3>\n            <ul class="space-y-3">\n              <li>\n                <a\n                  href="/"\n                  class="text-gray-400 hover:text-white text-sm transition-colors inline-flex items-center gap-2 group"\n                >\n                  <span\n                    class="w-1.5 h-1.5 bg-green-500 rounded-full opacity-0 group-hover:opacity-100 transition-opacity"\n                  ></span>\n                  In\xc3\xadcio\n                </a>\n              </li>\n              <li>\n                <a\n                  href="/ambientes-inovacao/"\n                  class="text-gray-400 hover:text-white text-sm transition-colors inline-flex items-center gap-2 group"\n                >\n                  <span\n                    class="w-1.5 h-1.5 bg-green-500 rounded-full opacity-0 group-hover:opacity-100 transition-opacity"\n                  ></span>\n                  Ambientes de Inova\xc3\xa7\xc3\xa3o\n                </a>\n              </li>\n              <li>\n                <a\n                  href="/editais/"\n                  class="text-gray-400 hover:text-white text-sm transition-colors inline-flex items-center gap-2 group"\n                >\n                  <span\n                    class="w-1.5 h-1.5 bg-green-500 rounded-full opacity-0 group-hover:opacity-100 transition-opacity"\n                  ></span>\n                  Editais\n                </a>\n              </li>\n              <li>\n                <a\n                  href="/projetos-aprovados/"\n                  class="text-gray-400 hover:text-white text-sm transition-colors inline-flex items-center gap-2 group"\n                >\n                  <span\n                    class="w-1.5 h-1.5 bg-green-500 rounded-full opacity-0 group-hover:opacity-100 transition-opacity"\n                  ></span>\n                  Projetos Aprovados\n                </a>\n              </li>\n            </ul>\n          </div>\n\n          <div>\n            <h3 class="font-bold mb-6 text-white">Contato</h3>\n            <ul class="space-y-4 text-sm text-gray-400">\n              <li>\n                <a\n                  href="mailto:ypetec@unirv.edu.br"\n                  class="hover:text-white transition-colors flex items-start gap-2"\n                >\n                  <span class="text-green-500 mt-0.5">\xe2\x9c\x89</span>\n                  ypetec@unirv.edu.br\n                </a>\n              </li>\n              <li>\n                <a\n                  href="tel:+556298172-9376"\n                  class="hover:text-white transition-colors flex items-start gap-2"\n                >\n                  <span class="text-green-500 mt-0.5">\xe2\x98\x8e</span>\n                  (62) 98172-9376\n                </a>\n              </li>\n              <li class="pt-2">\n                <a\n                  href="https://www.unirv.edu.br"\n                  target="_blank"\n                  rel="noopener noreferrer"\n                  class="hover:text-white transition-colors flex items-start gap-2"\n                >\n                  <span class="text-green-500 mt-0.5">\xf0\x9f\x8c\x90</span>\n                  www.unirv.edu.br\n                </a>\n              </li>\n            </ul>\n          </div>\n        </div>\n\n        <div class="border-t border-gray-800 pt-8">\n          <div\n            class="flex flex-col md:flex-row justify-between items-center gap-4"\n          >\n            <p class="text-sm text-gray-400">\n              \xc2\xa9 2025 AgroHub UniRV. Todos os direitos reservados.\n            </p>\n            <div class="flex gap-4 text-sm text-gray-400">\n              <a href="#" class="hover:text-white transition-colors"\n                >Pol\xc3\xadtica de Privacidade</a\n              >\n              <span>\xe2\x80\xa2</span>\n              <a href="#" class="hover:text-white transition-colors"\n                >Termos de Uso</a\n              >\n            </div>\n          </div>\n        </div>\n      </div>\n    </footer>\n\n    <script src="/static/js/main.8e4973d71f3a.js"></script>\n    \n  </body>\n</html>\n'

======================================================================
FAIL: test_home_page_loads (editais.tests.test_public_views.HomeViewTest.test_home_page_loads)
Test that home page loads without authentication
----------------------------------------------------------------------
Traceback (most recent call last):
  File "C:\Github\UniRV-Django\editais\tests\test_public_views.py", line 23, in test_home_page_loads
    self.assertTemplateUsed(response, 'home.html')
    ~~~~~~~~~~~~~~~~~~~~~~~^^^^^^^^^^^^^^^^^^^^^^^
AssertionError: No templates used to render the response

======================================================================
FAIL: test_xss_in_edital_title (editais.tests.test_security.XSSPreventionTest.test_xss_in_edital_title)
Test that XSS attempts in edital title are escaped
----------------------------------------------------------------------
Traceback (most recent call last):
  File "C:\Github\UniRV-Django\editais\tests\test_security.py", line 83, in test_xss_in_edital_title
    self.assertNotContains(response, '<script>')
    ~~~~~~~~~~~~~~~~~~~~~~^^^^^^^^^^^^^^^^^^^^^^
AssertionError: 1 != 0 : '<script>' unexpectedly found in the following response
b'<!DOCTYPE html>\n<html lang="pt-BR">\n  <head>\n    <meta charset="UTF-8" />\n    <meta name="viewport" content="width=device-width, initial-scale=1.0" />\n    <title>\n      Editais Publicados - AgroHub UniRV\n    </title>\n\n    <!-- SEO Meta Tags -->\n    <meta\n      name="description"\n      content="AgroHub UniRV - Centro de Inova\xc3\xa7\xc3\xa3o e Tecnologia da Universidade de Rio Verde. Conectando pesquisa, startups, ind\xc3\xbastria e produtores rurais para impulsionar o Agro 4.0."\n    />\n    <meta\n      name="keywords"\n      content="AgroHub, UniRV, inova\xc3\xa7\xc3\xa3o, agroneg\xc3\xb3cio, startups, YpeTec, FabLab, FINEP, Rio Verde"\n    />\n    <meta name="author" content="UniRV - Universidade de Rio Verde" />\n    <meta name="robots" content="index, follow" />\n\n    <!-- Open Graph / Social Media Meta Tags -->\n    <meta\n      property="og:title"\n      content="AgroHub UniRV"\n    />\n    <meta\n      property="og:description"\n      content="Centro de Inova\xc3\xa7\xc3\xa3o e Tecnologia da UniRV. Transforma\xc3\xa7\xc3\xa3o digital, automa\xc3\xa7\xc3\xa3o e sustentabilidade no campo."\n    />\n    <meta property="og:type" content="website" />\n    <meta\n      property="og:url"\n      content="http://testserver/editais/"\n    />\n    <meta property="og:site_name" content="AgroHub UniRV" />\n    \n    <link rel="preconnect" href="https://fonts.googleapis.com" />\n    <link rel="preconnect" href="https://fonts.gstatic.com" crossorigin />\n    <link\n      href="https://fonts.googleapis.com/css2?family=Inter:wght@300;400;500;600;700;800&display=swap"\n      rel="stylesheet"\n    />\n    <link rel="preconnect" href="https://cdnjs.cloudflare.com" crossorigin />\n    <link rel="dns-prefetch" href="https://cdnjs.cloudflare.com" />\n    <link rel="icon" type="image/svg+xml" href="/static/img/favicon.dfd545f6460b.svg" />\n    \n\n<link rel="stylesheet" type="text/css" href="/static/css/dist/styles.0ceb2bdffd40.css">\n\n    <link\n      rel="stylesheet"\n      href="https://cdnjs.cloudflare.com/ajax/libs/font-awesome/6.0.0-beta3/css/all.min.css"\n    />\n  </head>\n  <body\n    class="min-h-screen flex flex-col bg-gray-50 "\n  >\n    <!-- Skip to main content link for accessibility (only on list pages) -->\n    \n    <a href="#main-content" class="skip-link"\n      >Pular para o conte\xc3\xbado principal</a\n    >\n    \n\n    <header\n      class="site-header bg-white shadow-sm sticky top-0 z-50 border-b border-gray-200 relative w-full full-bleed"\n    >\n      <div\n        class="absolute top-0 left-0 right-0 w-full bg-gradient-to-r from-unirvBlue to-agrohubBlue"\n        style="height: 4px; z-index: 1"\n      ></div>\n      <nav class="relative z-10 site-nav">\n        <div class="flex justify-between items-center h-16 w-full max-w-7xl mx-auto gap-8 flex-nowrap">\n          <!-- Logo -->\n          <a\n            href="/"\n            class="flex items-center gap-3 flex-shrink-0 mr-auto whitespace-nowrap"\n            aria-label="AgroHub UniRV - Centro de Inova\xc3\xa7\xc3\xa3o e Tecnologia"\n          >\n            <img src="/static/img/Logo.71f707b6c2af.svg" alt="AgroHub UniRV Logo" class="w-10 h-10 flex-shrink-0" />\n            <div class="flex-shrink-0">\n              <div\n                class="font-bold text-unirvBlue text-lg tracking-tight whitespace-nowrap"\n              >\n                AgroHub UniRV\n              </div>\n              <div class="text-xs text-gray-500 whitespace-nowrap">\n                Centro de Inova\xc3\xa7\xc3\xa3o e Tecnologia\n              </div>\n            </div>\n          </a>\n\n          <!-- Desktop Navigation -->\n          <div class="hidden md:flex items-center gap-6 flex-shrink-0 ml-auto whitespace-nowrap flex-nowrap">\n            <a\n              href="/"\n              class="nav-link transition-colors font-medium text-sm whitespace-nowrap flex-shrink-0 text-gray-700 hover:text-unirvBlue"\n            >\n              In\xc3\xadcio\n            </a>\n            <a\n              href="/ambientes-inovacao/"\n              class="nav-link transition-colors font-medium text-sm whitespace-nowrap flex-shrink-0 text-gray-700 hover:text-unirvBlue"\n            >\n              Ambientes de Inova\xc3\xa7\xc3\xa3o\n            </a>\n            <a\n              href="/editais/"\n              class="nav-link transition-colors font-medium text-sm whitespace-nowrap flex-shrink-0 text-unirvBlue"\n            >\n              Editais\n            </a>\n            <a\n              href="/projetos-aprovados/"\n              class="nav-link transition-colors font-medium text-sm whitespace-nowrap flex-shrink-0 text-gray-700 hover:text-unirvBlue"\n            >\n              Projetos Aprovados\n            </a>\n            \n            <a\n              href="/dashboard/home/"\n              class="nav-cta"\n            >\n              DASHBOARD\n            </a>\n            \n          </div>\n\n          <!-- Mobile menu button -->\n          <button\n            class="mobile-menu-toggle md:hidden p-2"\n            aria-label="Abrir menu de navega\xc3\xa7\xc3\xa3o"\n            aria-expanded="false"\n            aria-controls="navbar-menu"\n          >\n            <span class="hamburger-line"></span>\n            <span class="hamburger-line"></span>\n            <span class="hamburger-line"></span>\n          </button>\n        </div>\n\n        <!-- Mobile Navigation -->\n        <div class="navbar-right md:hidden" id="navbar-menu">\n          <ul class="flex flex-col">\n            <li>\n              <a\n                href="/"\n                class="nav-link block px-4 py-2 text-gray-700 hover:bg-gray-50"\n                >In\xc3\xadcio</a\n              >\n            </li>\n            <li>\n              <a\n                href="/ambientes-inovacao/"\n                class="nav-link block px-4 py-2 text-gray-700 hover:bg-gray-50"\n                >Ambientes de Inova\xc3\xa7\xc3\xa3o</a\n              >\n            </li>\n            <li>\n              <a\n                href="/editais/"\n                class="nav-link block px-4 py-2 text-unirvBlue bg-blue-50"\n                >Editais</a\n              >\n            </li>\n            <li>\n              <a\n                href="/projetos-aprovados/"\n                class="nav-link block px-4 py-2 text-gray-700 hover:bg-gray-50"\n                >Projetos Aprovados</a\n              >\n            </li>\n            <li>\n              \n              <a\n                href="/dashboard/home/"\n                class="nav-cta block mx-4 mt-4 text-center"\n              >\n                Dashboard\n              </a>\n              \n            </li>\n          </ul>\n        </div>\n      </nav>\n    </header>\n\n    <main class="flex-1 w-full" style="width: 100%; margin: 0; padding: 0">\n      <div style="width: 100%; margin: 0; padding: 0">\n        \n        <div class="content-area" id="main-content" style="width: 100%">\n           \n<div class="bg-white min-h-screen">\n  <!-- Header -->\n  <section class="bg-gradient-to-r from-unirvBlue to-agrohubBlue text-white py-16">\n    <div class="container mx-auto px-4 sm:px-6 lg:px-8">\n      <div class="max-w-3xl">\n        <h1 class="text-white mb-4 text-4xl md:text-5xl font-bold tracking-tight">Editais Publicados</h1>\n        <p class="text-lg md:text-xl text-blue-50 leading-relaxed">\n          Confira os editais abertos e oportunidades de incuba\xc3\xa7\xc3\xa3o dispon\xc3\xadveis\n        </p>\n      </div>\n    </div>\n  </section>\n\n  <!-- Main Content -->\n  <section class="container mx-auto px-4 sm:px-6 lg:px-8 py-12">\n    <div class="flex flex-col lg:flex-row gap-8">\n      \n      <!-- Sidebar Filters -->\n      <aside class="w-full lg:w-64 flex-shrink-0">\n        <div class="bg-white rounded-2xl shadow-sm border border-gray-200 p-6 sticky top-24">\n          \n          <details class="group filter-details" open>\n            <summary class="flex items-center justify-between mb-6 cursor-pointer list-none lg:cursor-default lg:pointer-events-none">\n              <h2 class="text-lg font-bold text-gray-900 flex items-center gap-2">\n                <i class="fas fa-filter text-secondary"></i>\n                Filtros\n              </h2>\n              <span class="lg:hidden text-secondary">\n                <i class="fas fa-chevron-down group-open:rotate-180 transition-transform"></i>\n              </span>\n              \n              \n            </summary>\n            \n            <form method="GET" action="/editais/" id="filter-form" class="space-y-6 pt-2 border-t border-gray-100 lg:border-t-0 lg:pt-0">\n              \n              \n              <div>\n                <label for="filter-status" class="block text-sm font-medium text-gray-700 mb-2">Status</label>\n                <select name="status" id="filter-status" class="w-full rounded-lg border-gray-300 text-sm focus:border-secondary focus:ring-secondary bg-gray-50" onchange="this.form.submit()">\n                  <option value="">Todos</option>\n                  <option value="aberto" >Abertos</option>\n                  <option value="fechado" >Encerrados</option>\n                </select>\n              </div>\n\n              <div>\n                <label for="filter-tipo" class="block text-sm font-medium text-gray-700 mb-2">Tipo</label>\n                <select name="tipo" id="filter-tipo" class="w-full rounded-lg border-gray-300 text-sm focus:border-secondary focus:ring-secondary bg-gray-50" onchange="this.form.submit()">\n                  <option value="">Todos os tipos</option>\n                  <option value="Fluxo Cont\xc3\xadnuo" >Fluxo Cont\xc3\xadnuo</option>\n                  <option value="Fomento" >Fomento</option>\n                </select>\n              </div>\n            </form>\n          </details>\n        </div>\n      </aside>\n\n      <!-- Results Column -->\n      <div class="flex-1">\n        <!-- Search Bar -->\n        <div class="mb-8">\n          <form method="GET" action="/editais/" class="relative">\n            \n            \n            \n            <div class="relative">\n              <i class="fas fa-search absolute left-4 top-1/2 -translate-y-1/2 text-gray-400 text-lg"></i>\n              <input \n                type="text" \n                name="search" \n                value=""\n                placeholder="Buscar editais por t\xc3\xadtulo, n\xc3\xbamero ou descri\xc3\xa7\xc3\xa3o... (Ctrl+K)" \n                class="w-full pl-12 pr-12 py-4 bg-white border border-gray-200 rounded-2xl shadow-sm text-gray-900 placeholder-gray-500 focus:outline-none focus:ring-2 focus:ring-secondary focus:border-transparent transition-all"\n                id="search-editais"\n              >\n              \n            </div>\n          </form>\n        </div>\n\n        <!-- Active Filters Badges -->\n        \n\n        <!-- List -->\n        \n          <div class="space-y-6">\n            \n              <div class="bg-white rounded-2xl shadow-sm hover:shadow-md transition-all border border-gray-100 overflow-hidden group">\n                <div class="p-6 md:p-8">\n                  <div class="flex flex-col lg:flex-row gap-6">\n                    <div class="flex-1">\n                      <div class="flex items-center gap-3 mb-4 flex-wrap">\n                        \n                        <span class="inline-flex items-center px-3 py-1 rounded-md text-xs font-bold uppercase tracking-wide bg-green-100 text-green-700">\n                          Aberto\n                        </span>\n                        \n                          <span class="inline-flex items-center px-3 py-1 bg-purple-50 text-purple-700 rounded-md text-xs font-bold uppercase tracking-wide">\n                            Fluxo Cont\xc3\xadnuo\n                          </span>\n                        \n                      </div>\n\n                      <h3 class="text-xl font-bold text-gray-900 mb-3 group-hover:text-secondary transition-colors">\n                        <a href="/edital/scriptalertxssscript/">\n                          &lt;script&gt;alert(&quot;XSS&quot;)&lt;/script&gt;\n                        </a>\n                      </h3>\n                      \n                      <p class="text-gray-600 mb-6 leading-relaxed line-clamp-2">\n                        Sem descri\xc3\xa7\xc3\xa3o dispon\xc3\xadvel.\n                      </p>\n\n                      \n\n                      <div class="flex flex-wrap gap-x-6 gap-y-2 text-sm text-gray-500 border-t border-gray-100 pt-4 mt-auto">\n                        \n                        \n                      </div>\n                    </div>\n\n                    <!-- Action Buttons -->\n                    <div class="flex flex-col gap-3 lg:w-48 flex-shrink-0 justify-center">\n                      \n                        <a href="/edital/scriptalertxssscript/" class="inline-flex items-center justify-center px-5 py-3 border border-transparent text-sm font-medium rounded-xl text-white bg-secondary hover:bg-unirvBlue shadow-sm hover:shadow transition-all text-center">\n                          Inscreva-se\n                        </a>\n                      \n                      <a href="/edital/scriptalertxssscript/" class="inline-flex items-center justify-center px-5 py-3 border-2 border-gray-200 text-sm font-medium rounded-xl text-gray-700 bg-white hover:bg-gray-50 hover:border-gray-300 transition-all text-center">\n                        Ver Detalhes\n                      </a>\n                    </div>\n                  </div>\n                </div>\n              </div>\n            \n          </div>\n\n          <!-- Pagination -->\n          \n\n        \n      </div>\n    </div>\n  </section>\n</div>\n\n        </div>\n      </div>\n    </main>\n\n    <!-- Footer -->\n    <footer\n      class="site-footer text-white w-full full-bleed bg-unirvBlue"\n    >\n      <div class="container mx-auto px-4 sm:px-6 lg:px-8 py-16">\n        <div class="grid grid-cols-1 md:grid-cols-4 gap-12 mb-12">\n          <div class="md:col-span-2">\n            <div class="flex items-center gap-3 mb-6">\n              <img src="/static/img/Logo.71f707b6c2af.svg" alt="AgroHub UniRV Logo" class="w-12 h-12" />\n              <div>\n                <div class="font-bold text-xl">AgroHub UniRV</div>\n                <div class="text-sm text-gray-400">\n                  NIT - N\xc3\xbacleo de Inova\xc3\xa7\xc3\xa3o e Tecnologia\n                </div>\n              </div>\n            </div>\n            <p class="text-gray-400 text-sm leading-relaxed max-w-md">\n              Centro de Inova\xc3\xa7\xc3\xa3o e Tecnologia apoiado pela FINEP, voltado \xc3\xa0\n              transforma\xc3\xa7\xc3\xa3o digital do agroneg\xc3\xb3cio em Goi\xc3\xa1s. Conectamos\n              pesquisa, startups e o setor produtivo.\n            </p>\n          </div>\n\n          <div>\n            <h3 class="font-bold mb-6 text-white">Links R\xc3\xa1pidos</h3>\n            <ul class="space-y-3">\n              <li>\n                <a\n                  href="/"\n                  class="text-gray-400 hover:text-white text-sm transition-colors inline-flex items-center gap-2 group"\n                >\n                  <span\n                    class="w-1.5 h-1.5 bg-green-500 rounded-full opacity-0 group-hover:opacity-100 transition-opacity"\n                  ></span>\n                  In\xc3\xadcio\n                </a>\n              </li>\n              <li>\n                <a\n                  href="/ambientes-inovacao/"\n                  class="text-gray-400 hover:text-white text-sm transition-colors inline-flex items-center gap-2 group"\n                >\n                  <span\n                    class="w-1.5 h-1.5 bg-green-500 rounded-full opacity-0 group-hover:opacity-100 transition-opacity"\n                  ></span>\n                  Ambientes de Inova\xc3\xa7\xc3\xa3o\n                </a>\n              </li>\n              <li>\n                <a\n                  href="/editais/"\n                  class="text-gray-400 hover:text-white text-sm transition-colors inline-flex items-center gap-2 group"\n                >\n                  <span\n                    class="w-1.5 h-1.5 bg-green-500 rounded-full opacity-0 group-hover:opacity-100 transition-opacity"\n                  ></span>\n                  Editais\n                </a>\n              </li>\n              <li>\n                <a\n                  href="/projetos-aprovados/"\n                  class="text-gray-400 hover:text-white text-sm transition-colors inline-flex items-center gap-2 group"\n                >\n                  <span\n                    class="w-1.5 h-1.5 bg-green-500 rounded-full opacity-0 group-hover:opacity-100 transition-opacity"\n                  ></span>\n                  Projetos Aprovados\n                </a>\n              </li>\n            </ul>\n          </div>\n\n          <div>\n            <h3 class="font-bold mb-6 text-white">Contato</h3>\n            <ul class="space-y-4 text-sm text-gray-400">\n              <li>\n                <a\n                  href="mailto:ypetec@unirv.edu.br"\n                  class="hover:text-white transition-colors flex items-start gap-2"\n                >\n                  <span class="text-green-500 mt-0.5">\xe2\x9c\x89</span>\n                  ypetec@unirv.edu.br\n                </a>\n              </li>\n              <li>\n                <a\n                  href="tel:+556298172-9376"\n                  class="hover:text-white transition-colors flex items-start gap-2"\n                >\n                  <span class="text-green-500 mt-0.5">\xe2\x98\x8e</span>\n                  (62) 98172-9376\n                </a>\n              </li>\n              <li class="pt-2">\n                <a\n                  href="https://www.unirv.edu.br"\n                  target="_blank"\n                  rel="noopener noreferrer"\n                  class="hover:text-white transition-colors flex items-start gap-2"\n                >\n                  <span class="text-green-500 mt-0.5">\xf0\x9f\x8c\x90</span>\n                  www.unirv.edu.br\n                </a>\n              </li>\n            </ul>\n          </div>\n        </div>\n\n        <div class="border-t border-gray-800 pt-8">\n          <div\n            class="flex flex-col md:flex-row justify-between items-center gap-4"\n          >\n            <p class="text-sm text-gray-400">\n              \xc2\xa9 2025 AgroHub UniRV. Todos os direitos reservados.\n            </p>\n            <div class="flex gap-4 text-sm text-gray-400">\n              <a href="#" class="hover:text-white transition-colors"\n                >Pol\xc3\xadtica de Privacidade</a\n              >\n              <span>\xe2\x80\xa2</span>\n              <a href="#" class="hover:text-white transition-colors"\n                >Termos de Uso</a\n              >\n            </div>\n          </div>\n        </div>\n      </div>\n    </footer>\n\n    <script src="/static/js/main.8e4973d71f3a.js"></script>\n    \n<script>\n// Ctrl+K to focus search (fallback if main.js doesn\'t handle this specific input)\ndocument.addEventListener(\'keydown\', function(e) {\n    if ((e.ctrlKey || e.metaKey) && e.key === \'k\') {\n        e.preventDefault();\n        const searchInput = document.getElementById(\'search-editais\');\n        if (searchInput) {\n            searchInput.focus();\n            searchInput.select();\n        }\n    }\n});\n\n// Prevent filter details from closing on large screens\n(function() {\n    const filterDetails = document.querySelector(\'.filter-details\');\n    if (!filterDetails) return;\n    \n    function handleToggle(e) {\n        // On large screens (lg breakpoint = 1024px), prevent closing\n        if (window.innerWidth >= 1024) {\n            e.preventDefault();\n            // Force it to stay open\n            filterDetails.setAttribute(\'open\', \'\');\n        }\n    }\n    \n    // Listen for toggle events\n    filterDetails.addEventListener(\'toggle\', handleToggle);\n    \n    // Also prevent click on summary on large screens\n    const summary = filterDetails.querySelector(\'summary\');\n    if (summary) {\n        summary.addEventListener(\'click\', function(e) {\n            if (window.innerWidth >= 1024) {\n                e.preventDefault();\n                filterDetails.setAttribute(\'open\', \'\');\n            }\n        });\n    }\n    \n    // Ensure it\'s open on large screens on load\n    if (window.innerWidth >= 1024) {\n        filterDetails.setAttribute(\'open\', \'\');\n    }\n    \n    // Handle window resize\n    let resizeTimer;\n    window.addEventListener(\'resize\', function() {\n        clearTimeout(resizeTimer);\n        resizeTimer = setTimeout(function() {\n            if (window.innerWidth >= 1024) {\n                filterDetails.setAttribute(\'open\', \'\');\n            }\n        }, 100);\n    });\n})();\n</script>\n\n  </body>\n</html>\n'

======================================================================
FAIL: test_dashboard_query_efficiency (editais.tests.test_views_dashboard.AdminDashboardViewTest.test_dashboard_query_efficiency)
Testa que o dashboard nπo faz queries N+1
----------------------------------------------------------------------
Traceback (most recent call last):
  File "C:\Github\UniRV-Django\editais\tests\test_views_dashboard.py", line 105, in test_dashboard_query_efficiency
    with self.assertNumQueries(10):  # Ajustado para o n·mero real de queries
         ~~~~~~~~~~~~~~~~~~~~~^^^^
AssertionError: 6 != 10 : 6 queries executed, 10 expected
Captured queries were:
1. SELECT "django_session"."session_key", "django_session"."session_data", "django_session"."expire_date" FROM "django_session" WHERE ("django_session"."expire_date" > '2025-11-24 18:50:45.859464' AND "django_session"."session_key" = 'v3gxonzh6diisdlqrbgwuq205dp75eok') LIMIT 21
2. SELECT "auth_user"."id", "auth_user"."password", "auth_user"."last_login", "auth_user"."is_superuser", "auth_user"."username", "auth_user"."first_name", "auth_user"."last_name", "auth_user"."email", "auth_user"."is_staff", "auth_user"."is_active", "auth_user"."date_joined" FROM "auth_user" WHERE "auth_user"."id" = 1 LIMIT 21
3. SELECT "editais_edital"."entidade_principal" AS "entidade_principal", COUNT("editais_edital"."id") AS "count" FROM "editais_edital" WHERE (NOT ("editais_edital"."entidade_principal" IS NULL) AND NOT ("editais_edital"."entidade_principal" = '' AND "editais_edital"."entidade_principal" IS NOT NULL)) GROUP BY 1 ORDER BY 2 DESC LIMIT 10
4. SAVEPOINT "s13812_x487"
5. UPDATE "django_session" SET "session_data" = '.eJxVjEEOwiAQRe_C2pAC7Qgu3fcMzQwzSNVAUtqV8e7apAvd_vfef6kJtzVPW5NlmlldlFGn340wPqTsgO9YblXHWtZlJr0r-qBNj5XleT3cv4OMLX9r10cEH9gJ0ABoCVyyPZjO9izBd4CGfQDsLPtzAp8kOhA0RAMJJ1bvD9kxOGg:1vNbe9:4Gyqdky_8cUeXDaz1bkoxGhjGQ4d9nVz4uKJk0NTcAs', "expire_date" = '2025-11-24 19:50:45.864840' WHERE "django_session"."session_key" = 'v3gxonzh6diisdlqrbgwuq205dp75eok'
6. RELEASE SAVEPOINT "s13812_x487"

----------------------------------------------------------------------
Ran 151 tests in 211.577s

FAILED (failures=15, errors=14)
Destroying test database for alias 'default'...

Found 151 test(s).
System check identified no issues (0 silenced).

[OK] Nenhum edital precisou ser atualizado.

[DRY RUN] 0 edital(is) seriam atualizados.

[OK] 1 edital(is) atualizado(s) com sucesso.

[OK] Nenhum edital precisou ser atualizado.

[OK] Nenhum edital precisou ser atualizado.

[OK] 1 edital(is) atualizado(s) com sucesso.

[OK] Nenhum edital precisou ser atualizado.

[OK] Nenhum edital precisou ser atualizado.

[OK] Nenhum edital precisou ser atualizado.

[OK] Nenhum edital precisou ser atualizado.

[OK] 3 edital(is) atualizado(s) com sucesso.

[OK] Nenhum edital precisou ser atualizado.

[OK] Nenhum edital precisou ser atualizado.
